------------------------------------------------------------
TimeQuest Timing Analyzer Summary
------------------------------------------------------------

Type  : Slow Model Setup 'csi_csink_clock'
Slack : -6.379
TNS   : -3501.509

Type  : Slow Model Hold 'csi_csink_clock'
Slack : 0.391
TNS   : 0.000

Type  : Slow Model Recovery 'csi_csink_clock'
Slack : -6.318
TNS   : -973.690

Type  : Slow Model Removal 'csi_csink_clock'
Slack : 2.497
TNS   : 0.000

Type  : Slow Model Minimum Pulse Width 'csi_csink_clock'
Slack : -1.380
TNS   : -758.380

Type  : Fast Model Setup 'csi_csink_clock'
Slack : -2.392
TNS   : -1197.773

Type  : Fast Model Hold 'csi_csink_clock'
Slack : 0.215
TNS   : 0.000

Type  : Fast Model Recovery 'csi_csink_clock'
Slack : -2.317
TNS   : -353.650

Type  : Fast Model Removal 'csi_csink_clock'
Slack : 1.208
TNS   : 0.000

Type  : Fast Model Minimum Pulse Width 'csi_csink_clock'
Slack : -1.380
TNS   : -758.380

------------------------------------------------------------
