Archive member included because of file (symbol)

../appTesteWifi_bsp//libhal_bsp.a(alt_load.o)
                              ../appTesteWifi_bsp//obj/HAL/src/crt0.o (alt_load)
../appTesteWifi_bsp//libhal_bsp.a(alt_main.o)
                              ../appTesteWifi_bsp//obj/HAL/src/crt0.o (alt_main)
../appTesteWifi_bsp//libhal_bsp.a(alt_sys_init.o)
                              ../appTesteWifi_bsp//libhal_bsp.a(alt_main.o) (alt_sys_init)
../appTesteWifi_bsp//libhal_bsp.a(alt_dcache_flush_all.o)
                              ../appTesteWifi_bsp//libhal_bsp.a(alt_load.o) (alt_dcache_flush_all)
../appTesteWifi_bsp//libhal_bsp.a(alt_icache_flush_all.o)
                              ../appTesteWifi_bsp//libhal_bsp.a(alt_load.o) (alt_icache_flush_all)
../appTesteWifi_bsp//libhal_bsp.a(altera_nios2_qsys_irq.o)
                              ../appTesteWifi_bsp//libhal_bsp.a(alt_sys_init.o) (altera_nios2_qsys_irq_init)

Memory Configuration

Name             Origin             Length             Attributes
reset            0x00004000         0x00000020
onchip_memory2_0 0x00004020         0x000026f0
*default*        0x00000000         0xffffffff

Linker script and memory map

LOAD ../appTesteWifi_bsp//obj/HAL/src/crt0.o
                0x0000400c                exit = _exit
LOAD obj/default/hello_world_small.o
LOAD /home/roberto/altera/13.0sp1/nios2eds/bin/gnu/H-i686-pc-linux-gnu/bin/../lib/gcc/nios2-elf/4.1.2/../../../../nios2-elf/lib/mno-hw-mul/libstdc++.a
LOAD /home/roberto/altera/13.0sp1/nios2eds/bin/gnu/H-i686-pc-linux-gnu/bin/../lib/gcc/nios2-elf/4.1.2/../../../../nios2-elf/lib/mno-hw-mul/libm.a
LOAD /home/roberto/altera/13.0sp1/nios2eds/bin/gnu/H-i686-pc-linux-gnu/bin/../lib/gcc/nios2-elf/4.1.2/mno-hw-mul/libgcc.a
START GROUP
LOAD /home/roberto/altera/13.0sp1/nios2eds/bin/gnu/H-i686-pc-linux-gnu/bin/../lib/gcc/nios2-elf/4.1.2/../../../../nios2-elf/lib/mno-hw-mul/libsmallc.a
LOAD /home/roberto/altera/13.0sp1/nios2eds/bin/gnu/H-i686-pc-linux-gnu/bin/../lib/gcc/nios2-elf/4.1.2/mno-hw-mul/libgcc.a
LOAD ../appTesteWifi_bsp//libhal_bsp.a
END GROUP
LOAD /home/roberto/altera/13.0sp1/nios2eds/bin/gnu/H-i686-pc-linux-gnu/bin/../lib/gcc/nios2-elf/4.1.2/mno-hw-mul/libgcc.a
                0x00004000                __alt_mem_onchip_memory2_0 = 0x4000

.entry          0x00004000       0x20
 *(.entry)
 .entry         0x00004000       0x20 ../appTesteWifi_bsp//obj/HAL/src/crt0.o
                0x00004000                __reset
                0x0000400c                _exit

.exceptions     0x00004020        0x0
                0x00004020                PROVIDE (__ram_exceptions_start, ABSOLUTE (.))
                0x00004020                . = ALIGN (0x20)
 *(.irq)
 *(.exceptions.entry.label)
 *(.exceptions.entry.user)
 *(.exceptions.entry)
 *(.exceptions.irqtest.user)
 *(.exceptions.irqtest)
 *(.exceptions.irqhandler.user)
 *(.exceptions.irqhandler)
 *(.exceptions.irqreturn.user)
 *(.exceptions.irqreturn)
 *(.exceptions.notirq.label)
 *(.exceptions.notirq.user)
 *(.exceptions.notirq)
 *(.exceptions.soft.user)
 *(.exceptions.soft)
 *(.exceptions.unknown.user)
 *(.exceptions.unknown)
 *(.exceptions.exit.label)
 *(.exceptions.exit.user)
 *(.exceptions.exit)
 *(.exceptions)
                0x00004020                PROVIDE (__ram_exceptions_end, ABSOLUTE (.))
                0x00004020                PROVIDE (__flash_exceptions_start, LOADADDR (.exceptions))

.text           0x00004020      0x148
                0x00004020                PROVIDE (stext, ABSOLUTE (.))
 *(.interp)
 *(.hash)
 *(.dynsym)
 *(.dynstr)
 *(.gnu.version)
 *(.gnu.version_d)
 *(.gnu.version_r)
 *(.rel.init)
 *(.rela.init)
 *(.rel.text .rel.text.* .rel.gnu.linkonce.t.*)
 *(.rela.text .rela.text.* .rela.gnu.linkonce.t.*)
 *(.rel.fini)
 *(.rela.fini)
 *(.rel.rodata .rel.rodata.* .rel.gnu.linkonce.r.*)
 *(.rela.rodata .rela.rodata.* .rela.gnu.linkonce.r.*)
 *(.rel.data .rel.data.* .rel.gnu.linkonce.d.*)
 *(.rela.data .rela.data.* .rela.gnu.linkonce.d.*)
 *(.rel.tdata .rel.tdata.* .rel.gnu.linkonce.td.*)
 *(.rela.tdata .rela.tdata.* .rela.gnu.linkonce.td.*)
 *(.rel.tbss .rel.tbss.* .rel.gnu.linkonce.tb.*)
 *(.rela.tbss .rela.tbss.* .rela.gnu.linkonce.tb.*)
 *(.rel.ctors)
 *(.rela.ctors)
 *(.rel.dtors)
 *(.rela.dtors)
 *(.rel.got)
 *(.rela.got)
 *(.rel.sdata .rel.sdata.* .rel.gnu.linkonce.s.*)
 *(.rela.sdata .rela.sdata.* .rela.gnu.linkonce.s.*)
 *(.rel.sbss .rel.sbss.* .rel.gnu.linkonce.sb.*)
 *(.rela.sbss .rela.sbss.* .rela.gnu.linkonce.sb.*)
 *(.rel.sdata2 .rel.sdata2.* .rel.gnu.linkonce.s2.*)
 *(.rela.sdata2 .rela.sdata2.* .rela.gnu.linkonce.s2.*)
 *(.rel.sbss2 .rel.sbss2.* .rel.gnu.linkonce.sb2.*)
 *(.rela.sbss2 .rela.sbss2.* .rela.gnu.linkonce.sb2.*)
 *(.rel.bss .rel.bss.* .rel.gnu.linkonce.b.*)
 *(.rela.bss .rela.bss.* .rela.gnu.linkonce.b.*)
 *(.rel.plt)
 *(.rela.plt)
 *(.rel.dyn)
 *(.init)
 *(.plt)
 *(.text .stub .text.* .gnu.linkonce.t.*)
 .text          0x00004020       0x3c ../appTesteWifi_bsp//obj/HAL/src/crt0.o
                0x00004020                _start
 .text          0x0000405c       0x20 obj/default/hello_world_small.o
                0x0000405c                main
 .text          0x0000407c       0x8c ../appTesteWifi_bsp//libhal_bsp.a(alt_load.o)
                0x0000409c                alt_load
 .text          0x00004108       0x2c ../appTesteWifi_bsp//libhal_bsp.a(alt_main.o)
                0x00004108                alt_main
 .text          0x00004134       0x24 ../appTesteWifi_bsp//libhal_bsp.a(alt_sys_init.o)
                0x00004134                alt_sys_init
                0x00004138                alt_irq_init
 .text          0x00004158        0x4 ../appTesteWifi_bsp//libhal_bsp.a(alt_dcache_flush_all.o)
                0x00004158                alt_dcache_flush_all
 .text          0x0000415c        0x4 ../appTesteWifi_bsp//libhal_bsp.a(alt_icache_flush_all.o)
                0x0000415c                alt_icache_flush_all
 .text          0x00004160        0x8 ../appTesteWifi_bsp//libhal_bsp.a(altera_nios2_qsys_irq.o)
                0x00004160                altera_nios2_qsys_irq_init
 *(.gnu.warning.*)
 *(.fini)
                0x00004168                PROVIDE (__etext, ABSOLUTE (.))
                0x00004168                PROVIDE (_etext, ABSOLUTE (.))
                0x00004168                PROVIDE (etext, ABSOLUTE (.))
 *(.eh_frame_hdr)
                0x00004168                . = ALIGN (0x4)
                0x00004168                PROVIDE (__preinit_array_start, ABSOLUTE (.))
 *(.preinit_array)
                0x00004168                PROVIDE (__preinit_array_end, ABSOLUTE (.))
                0x00004168                PROVIDE (__init_array_start, ABSOLUTE (.))
 *(.init_array)
                0x00004168                PROVIDE (__init_array_end, ABSOLUTE (.))
                0x00004168                PROVIDE (__fini_array_start, ABSOLUTE (.))
 *(.fini_array)
                0x00004168                PROVIDE (__fini_array_end, ABSOLUTE (.))
 *(.eh_frame)
 *(.gcc_except_table)
 *(.dynamic)
                0x00004168                PROVIDE (__CTOR_LIST__, ABSOLUTE (.))
 *(.ctors)
 *(SORT(.ctors.*))
                0x00004168                PROVIDE (__CTOR_END__, ABSOLUTE (.))
                0x00004168                PROVIDE (__DTOR_LIST__, ABSOLUTE (.))
 *(.dtors)
 *(SORT(.dtors.*))
                0x00004168                PROVIDE (__DTOR_END__, ABSOLUTE (.))
 *(.jcr)
                0x00004168                . = ALIGN (0x4)

.rodata         0x00004168       0x10
                0x00004168                PROVIDE (__ram_rodata_start, ABSOLUTE (.))
                0x00004168                . = ALIGN (0x4)
 *(.rodata .rodata.* .gnu.linkonce.r.*)
 .rodata.str1.4
                0x00004168       0x10 obj/default/hello_world_small.o
 *(.rodata1)
                0x00004178                . = ALIGN (0x4)
                0x00004178                PROVIDE (__ram_rodata_end, ABSOLUTE (.))
                0x00004168                PROVIDE (__flash_rodata_start, LOADADDR (.rodata))

.rwdata         0x00004178        0x8 load address 0x00004180
                0x00004178                PROVIDE (__ram_rwdata_start, ABSOLUTE (.))
                0x00004178                . = ALIGN (0x4)
 *(.got.plt)
 *(.got)
 *(.data1)
 *(.data .data.* .gnu.linkonce.d.*)
 .data          0x00004178        0x0 ../appTesteWifi_bsp//obj/HAL/src/crt0.o
 .data          0x00004178        0x0 obj/default/hello_world_small.o
 .data          0x00004178        0x0 ../appTesteWifi_bsp//libhal_bsp.a(alt_load.o)
 .data          0x00004178        0x0 ../appTesteWifi_bsp//libhal_bsp.a(alt_main.o)
 .data          0x00004178        0x0 ../appTesteWifi_bsp//libhal_bsp.a(alt_sys_init.o)
 .data          0x00004178        0x0 ../appTesteWifi_bsp//libhal_bsp.a(alt_dcache_flush_all.o)
 .data          0x00004178        0x0 ../appTesteWifi_bsp//libhal_bsp.a(alt_icache_flush_all.o)
 .data          0x00004178        0x0 ../appTesteWifi_bsp//libhal_bsp.a(altera_nios2_qsys_irq.o)
                0x0000c178                _gp = ABSOLUTE ((. + 0x8000))
                0x0000c178                PROVIDE (gp, _gp)
 *(.rwdata .rwdata.*)
 *(.sdata .sdata.* .gnu.linkonce.s.*)
 .sdata         0x00004178        0x8 ../appTesteWifi_bsp//libhal_bsp.a(alt_sys_init.o)
                0x00004178                jtag_uart_0
                0x0000417c                uart_0
 *(.sdata2 .sdata2.* .gnu.linkonce.s2.*)
                0x00004180                . = ALIGN (0x4)
                0x00004180                _edata = ABSOLUTE (.)
                0x00004180                PROVIDE (edata, ABSOLUTE (.))
                0x00004180                PROVIDE (__ram_rwdata_end, ABSOLUTE (.))
                0x00004180                PROVIDE (__flash_rwdata_start, LOADADDR (.rwdata))

.bss            0x00004188        0xc
                0x00004188                __bss_start = ABSOLUTE (.)
                0x00004188                PROVIDE (__sbss_start, ABSOLUTE (.))
                0x00004188                PROVIDE (___sbss_start, ABSOLUTE (.))
 *(.dynsbss)
 *(.sbss .sbss.* .gnu.linkonce.sb.*)
 .sbss          0x00004188        0xc ../appTesteWifi_bsp//libhal_bsp.a(alt_main.o)
                0x00004188                alt_argc
                0x0000418c                alt_argv
                0x00004190                alt_envp
 *(.sbss2 .sbss2.* .gnu.linkonce.sb2.*)
 *(.scommon)
                0x00004194                PROVIDE (__sbss_end, ABSOLUTE (.))
                0x00004194                PROVIDE (___sbss_end, ABSOLUTE (.))
 *(.dynbss)
 *(.bss .bss.* .gnu.linkonce.b.*)
 .bss           0x00004194        0x0 ../appTesteWifi_bsp//obj/HAL/src/crt0.o
 .bss           0x00004194        0x0 obj/default/hello_world_small.o
 .bss           0x00004194        0x0 ../appTesteWifi_bsp//libhal_bsp.a(alt_load.o)
 .bss           0x00004194        0x0 ../appTesteWifi_bsp//libhal_bsp.a(alt_main.o)
 .bss           0x00004194        0x0 ../appTesteWifi_bsp//libhal_bsp.a(alt_sys_init.o)
 .bss           0x00004194        0x0 ../appTesteWifi_bsp//libhal_bsp.a(alt_dcache_flush_all.o)
 .bss           0x00004194        0x0 ../appTesteWifi_bsp//libhal_bsp.a(alt_icache_flush_all.o)
 .bss           0x00004194        0x0 ../appTesteWifi_bsp//libhal_bsp.a(altera_nios2_qsys_irq.o)
 *(COMMON)
                0x00004194                . = ALIGN (0x4)
                0x00004194                __bss_end = ABSOLUTE (.)

.onchip_memory2_0
                0x00004194        0x0
                0x00004194                PROVIDE (_alt_partition_onchip_memory2_0_start, ABSOLUTE (.))
 *(.onchip_memory2_0. onchip_memory2_0.*)
                0x00004194                . = ALIGN (0x4)
                0x00004194                PROVIDE (_alt_partition_onchip_memory2_0_end, ABSOLUTE (.))
                0x00004194                _end = ABSOLUTE (.)
                0x00004194                end = ABSOLUTE (.)
                0x00004194                __alt_stack_base = ABSOLUTE (.)
                0x00004194                PROVIDE (_alt_partition_onchip_memory2_0_load_addr, LOADADDR (.onchip_memory2_0))

.stab
 *(.stab)

.stabstr
 *(.stabstr)

.stab.excl
 *(.stab.excl)

.stab.exclstr
 *(.stab.exclstr)

.stab.index
 *(.stab.index)

.stab.indexstr
 *(.stab.indexstr)

.comment        0x00000000       0x26
 *(.comment)
 .comment       0x00000000       0x26 obj/default/hello_world_small.o
                                 0x27 (size before relaxing)
 .comment       0x00000000       0x27 ../appTesteWifi_bsp//libhal_bsp.a(alt_load.o)
 .comment       0x00000000       0x27 ../appTesteWifi_bsp//libhal_bsp.a(alt_main.o)
 .comment       0x00000000       0x27 ../appTesteWifi_bsp//libhal_bsp.a(alt_sys_init.o)
 .comment       0x00000000       0x27 ../appTesteWifi_bsp//libhal_bsp.a(alt_dcache_flush_all.o)
 .comment       0x00000000       0x27 ../appTesteWifi_bsp//libhal_bsp.a(alt_icache_flush_all.o)
 .comment       0x00000000       0x27 ../appTesteWifi_bsp//libhal_bsp.a(altera_nios2_qsys_irq.o)

.debug
 *(.debug)

.line
 *(.line)

.debug_srcinfo
 *(.debug_srcinfo)

.debug_sfnames
 *(.debug_sfnames)

.debug_aranges  0x00000000      0x108
 *(.debug_aranges)
 .debug_aranges
                0x00000000       0x28 ../appTesteWifi_bsp//obj/HAL/src/crt0.o
 .debug_aranges
                0x00000028       0x20 obj/default/hello_world_small.o
 .debug_aranges
                0x00000048       0x20 ../appTesteWifi_bsp//libhal_bsp.a(alt_load.o)
 .debug_aranges
                0x00000068       0x20 ../appTesteWifi_bsp//libhal_bsp.a(alt_main.o)
 .debug_aranges
                0x00000088       0x20 ../appTesteWifi_bsp//libhal_bsp.a(alt_sys_init.o)
 .debug_aranges
                0x000000a8       0x20 ../appTesteWifi_bsp//libhal_bsp.a(alt_dcache_flush_all.o)
 .debug_aranges
                0x000000c8       0x20 ../appTesteWifi_bsp//libhal_bsp.a(alt_icache_flush_all.o)
 .debug_aranges
                0x000000e8       0x20 ../appTesteWifi_bsp//libhal_bsp.a(altera_nios2_qsys_irq.o)

.debug_pubnames
                0x00000000      0x156
 *(.debug_pubnames)
 .debug_pubnames
                0x00000000       0x1b obj/default/hello_world_small.o
 .debug_pubnames
                0x0000001b       0x1f ../appTesteWifi_bsp//libhal_bsp.a(alt_load.o)
 .debug_pubnames
                0x0000003a       0x46 ../appTesteWifi_bsp//libhal_bsp.a(alt_main.o)
 .debug_pubnames
                0x00000080       0x4f ../appTesteWifi_bsp//libhal_bsp.a(alt_sys_init.o)
 .debug_pubnames
                0x000000cf       0x2b ../appTesteWifi_bsp//libhal_bsp.a(alt_dcache_flush_all.o)
 .debug_pubnames
                0x000000fa       0x2b ../appTesteWifi_bsp//libhal_bsp.a(alt_icache_flush_all.o)
 .debug_pubnames
                0x00000125       0x31 ../appTesteWifi_bsp//libhal_bsp.a(altera_nios2_qsys_irq.o)

.debug_info     0x00000000      0xf73
 *(.debug_info .gnu.linkonce.wi.*)
 .debug_info    0x00000000       0x73 ../appTesteWifi_bsp//obj/HAL/src/crt0.o
 .debug_info    0x00000073      0x951 obj/default/hello_world_small.o
 .debug_info    0x000009c4      0x12e ../appTesteWifi_bsp//libhal_bsp.a(alt_load.o)
 .debug_info    0x00000af2      0x125 ../appTesteWifi_bsp//libhal_bsp.a(alt_main.o)
 .debug_info    0x00000c17      0x1b5 ../appTesteWifi_bsp//libhal_bsp.a(alt_sys_init.o)
 .debug_info    0x00000dcc       0x8d ../appTesteWifi_bsp//libhal_bsp.a(alt_dcache_flush_all.o)
 .debug_info    0x00000e59       0x8d ../appTesteWifi_bsp//libhal_bsp.a(alt_icache_flush_all.o)
 .debug_info    0x00000ee6       0x8d ../appTesteWifi_bsp//libhal_bsp.a(altera_nios2_qsys_irq.o)

.debug_abbrev   0x00000000      0x457
 *(.debug_abbrev)
 .debug_abbrev  0x00000000       0x12 ../appTesteWifi_bsp//obj/HAL/src/crt0.o
 .debug_abbrev  0x00000012      0x168 obj/default/hello_world_small.o
 .debug_abbrev  0x0000017a       0x97 ../appTesteWifi_bsp//libhal_bsp.a(alt_load.o)
 .debug_abbrev  0x00000211       0xa6 ../appTesteWifi_bsp//libhal_bsp.a(alt_main.o)
 .debug_abbrev  0x000002b7       0xe3 ../appTesteWifi_bsp//libhal_bsp.a(alt_sys_init.o)
 .debug_abbrev  0x0000039a       0x3f ../appTesteWifi_bsp//libhal_bsp.a(alt_dcache_flush_all.o)
 .debug_abbrev  0x000003d9       0x3f ../appTesteWifi_bsp//libhal_bsp.a(alt_icache_flush_all.o)
 .debug_abbrev  0x00000418       0x3f ../appTesteWifi_bsp//libhal_bsp.a(altera_nios2_qsys_irq.o)

.debug_line     0x00000000      0xfed
 *(.debug_line)
 .debug_line    0x00000000       0x66 ../appTesteWifi_bsp//obj/HAL/src/crt0.o
 .debug_line    0x00000066      0x1f0 obj/default/hello_world_small.o
 .debug_line    0x00000256      0x237 ../appTesteWifi_bsp//libhal_bsp.a(alt_load.o)
 .debug_line    0x0000048d      0x2e2 ../appTesteWifi_bsp//libhal_bsp.a(alt_main.o)
 .debug_line    0x0000076f      0x2e6 ../appTesteWifi_bsp//libhal_bsp.a(alt_sys_init.o)
 .debug_line    0x00000a55      0x1d5 ../appTesteWifi_bsp//libhal_bsp.a(alt_dcache_flush_all.o)
 .debug_line    0x00000c2a      0x1d5 ../appTesteWifi_bsp//libhal_bsp.a(alt_icache_flush_all.o)
 .debug_line    0x00000dff      0x1ee ../appTesteWifi_bsp//libhal_bsp.a(altera_nios2_qsys_irq.o)

.debug_frame    0x00000000      0x120
 *(.debug_frame)
 .debug_frame   0x00000000       0x28 obj/default/hello_world_small.o
 .debug_frame   0x00000028       0x38 ../appTesteWifi_bsp//libhal_bsp.a(alt_load.o)
 .debug_frame   0x00000060       0x28 ../appTesteWifi_bsp//libhal_bsp.a(alt_main.o)
 .debug_frame   0x00000088       0x38 ../appTesteWifi_bsp//libhal_bsp.a(alt_sys_init.o)
 .debug_frame   0x000000c0       0x20 ../appTesteWifi_bsp//libhal_bsp.a(alt_dcache_flush_all.o)
 .debug_frame   0x000000e0       0x20 ../appTesteWifi_bsp//libhal_bsp.a(alt_icache_flush_all.o)
 .debug_frame   0x00000100       0x20 ../appTesteWifi_bsp//libhal_bsp.a(altera_nios2_qsys_irq.o)

.debug_str      0x00000000      0x76a
 *(.debug_str)
 .debug_str     0x00000000      0x444 obj/default/hello_world_small.o
                                0x48d (size before relaxing)
 .debug_str     0x00000444      0x133 ../appTesteWifi_bsp//libhal_bsp.a(alt_load.o)
                                0x1c8 (size before relaxing)
 .debug_str     0x00000577       0x70 ../appTesteWifi_bsp//libhal_bsp.a(alt_main.o)
                                0x14c (size before relaxing)
 .debug_str     0x000005e7       0xe0 ../appTesteWifi_bsp//libhal_bsp.a(alt_sys_init.o)
                                0x1fc (size before relaxing)
 .debug_str     0x000006c7       0x34 ../appTesteWifi_bsp//libhal_bsp.a(alt_dcache_flush_all.o)
                                0x10b (size before relaxing)
 .debug_str     0x000006fb       0x34 ../appTesteWifi_bsp//libhal_bsp.a(alt_icache_flush_all.o)
                                0x10b (size before relaxing)
 .debug_str     0x0000072f       0x3b ../appTesteWifi_bsp//libhal_bsp.a(altera_nios2_qsys_irq.o)
                                0x112 (size before relaxing)

.debug_loc      0x00000000       0x8f
 *(.debug_loc)
 .debug_loc     0x00000000       0x1f obj/default/hello_world_small.o
 .debug_loc     0x0000001f       0x1f ../appTesteWifi_bsp//libhal_bsp.a(alt_load.o)
 .debug_loc     0x0000003e       0x1f ../appTesteWifi_bsp//libhal_bsp.a(alt_main.o)
 .debug_loc     0x0000005d       0x32 ../appTesteWifi_bsp//libhal_bsp.a(alt_sys_init.o)

.debug_macinfo
 *(.debug_macinfo)

.debug_weaknames
 *(.debug_weaknames)

.debug_funcnames
 *(.debug_funcnames)

.debug_typenames
 *(.debug_typenames)

.debug_varnames
 *(.debug_varnames)

.debug_alt_sim_info
                0x00000000       0x10
 *(.debug_alt_sim_info)
 .debug_alt_sim_info
                0x00000000       0x10 ../appTesteWifi_bsp//obj/HAL/src/crt0.o
                0x00006710                __alt_data_end = 0x6710
                0x00006710                PROVIDE (__alt_stack_pointer, __alt_data_end)
                0x00004194                PROVIDE (__alt_stack_limit, __alt_stack_base)
                0x00004194                PROVIDE (__alt_heap_start, end)
                0x00006710                PROVIDE (__alt_heap_limit, 0x6710)
OUTPUT(appTesteWifi.elf elf32-littlenios2)

.debug_ranges   0x00000000       0x20
 .debug_ranges  0x00000000       0x20 ../appTesteWifi_bsp//obj/HAL/src/crt0.o
