------------------------------------------------------------
TimeQuest Timing Analyzer Summary
------------------------------------------------------------

Type  : Slow Model Setup 'csi_csink_clock'
Slack : -7.375
TNS   : -3770.463

Type  : Slow Model Hold 'csi_csink_clock'
Slack : 0.391
TNS   : 0.000

Type  : Slow Model Recovery 'csi_csink_clock'
Slack : -6.714
TNS   : -1041.530

Type  : Slow Model Removal 'csi_csink_clock'
Slack : 2.586
TNS   : 0.000

Type  : Slow Model Minimum Pulse Width 'csi_csink_clock'
Slack : -1.380
TNS   : -759.380

Type  : Fast Model Setup 'csi_csink_clock'
Slack : -2.854
TNS   : -1339.408

Type  : Fast Model Hold 'csi_csink_clock'
Slack : 0.215
TNS   : 0.000

Type  : Fast Model Recovery 'csi_csink_clock'
Slack : -2.573
TNS   : -394.910

Type  : Fast Model Removal 'csi_csink_clock'
Slack : 1.258
TNS   : 0.000

Type  : Fast Model Minimum Pulse Width 'csi_csink_clock'
Slack : -1.380
TNS   : -759.380

------------------------------------------------------------
