Archive member included because of file (symbol)

/home/roberto/altera/13.0sp1/nios2eds/bin/gnu/H-i686-pc-linux-gnu/bin/../lib/gcc/nios2-elf/4.1.2/../../../../nios2-elf/lib/mno-hw-mul/libstdc++.a(new_opv.o)
                              obj/default/libs/src/app.o (_Znam)
/home/roberto/altera/13.0sp1/nios2eds/bin/gnu/H-i686-pc-linux-gnu/bin/../lib/gcc/nios2-elf/4.1.2/../../../../nios2-elf/lib/mno-hw-mul/libstdc++.a(del_op.o)
                              obj/default/libs/src/hal/fft.o (_ZdlPv)
/home/roberto/altera/13.0sp1/nios2eds/bin/gnu/H-i686-pc-linux-gnu/bin/../lib/gcc/nios2-elf/4.1.2/../../../../nios2-elf/lib/mno-hw-mul/libstdc++.a(eh_personality.o)
                              obj/default/test.o (__gxx_personality_sj0)
/home/roberto/altera/13.0sp1/nios2eds/bin/gnu/H-i686-pc-linux-gnu/bin/../lib/gcc/nios2-elf/4.1.2/../../../../nios2-elf/lib/mno-hw-mul/libstdc++.a(eh_globals.o)
                              /home/roberto/altera/13.0sp1/nios2eds/bin/gnu/H-i686-pc-linux-gnu/bin/../lib/gcc/nios2-elf/4.1.2/../../../../nios2-elf/lib/mno-hw-mul/libstdc++.a(eh_personality.o) (__cxa_get_globals_fast)
/home/roberto/altera/13.0sp1/nios2eds/bin/gnu/H-i686-pc-linux-gnu/bin/../lib/gcc/nios2-elf/4.1.2/../../../../nios2-elf/lib/mno-hw-mul/libstdc++.a(eh_terminate.o)
                              /home/roberto/altera/13.0sp1/nios2eds/bin/gnu/H-i686-pc-linux-gnu/bin/../lib/gcc/nios2-elf/4.1.2/../../../../nios2-elf/lib/mno-hw-mul/libstdc++.a(eh_personality.o) (_ZN10__cxxabiv111__terminateEPFvvE)
/home/roberto/altera/13.0sp1/nios2eds/bin/gnu/H-i686-pc-linux-gnu/bin/../lib/gcc/nios2-elf/4.1.2/../../../../nios2-elf/lib/mno-hw-mul/libstdc++.a(new_op.o)
                              obj/default/libs/src/hal/fft.o (_Znwm)
/home/roberto/altera/13.0sp1/nios2eds/bin/gnu/H-i686-pc-linux-gnu/bin/../lib/gcc/nios2-elf/4.1.2/../../../../nios2-elf/lib/mno-hw-mul/libstdc++.a(eh_call.o)
                              /home/roberto/altera/13.0sp1/nios2eds/bin/gnu/H-i686-pc-linux-gnu/bin/../lib/gcc/nios2-elf/4.1.2/../../../../nios2-elf/lib/mno-hw-mul/libstdc++.a(eh_personality.o) (__cxa_call_terminate)
/home/roberto/altera/13.0sp1/nios2eds/bin/gnu/H-i686-pc-linux-gnu/bin/../lib/gcc/nios2-elf/4.1.2/../../../../nios2-elf/lib/mno-hw-mul/libstdc++.a(eh_exception.o)
                              /home/roberto/altera/13.0sp1/nios2eds/bin/gnu/H-i686-pc-linux-gnu/bin/../lib/gcc/nios2-elf/4.1.2/../../../../nios2-elf/lib/mno-hw-mul/libstdc++.a(eh_personality.o) (_ZTVSt13bad_exception)
/home/roberto/altera/13.0sp1/nios2eds/bin/gnu/H-i686-pc-linux-gnu/bin/../lib/gcc/nios2-elf/4.1.2/../../../../nios2-elf/lib/mno-hw-mul/libstdc++.a(new_handler.o)
                              /home/roberto/altera/13.0sp1/nios2eds/bin/gnu/H-i686-pc-linux-gnu/bin/../lib/gcc/nios2-elf/4.1.2/../../../../nios2-elf/lib/mno-hw-mul/libstdc++.a(new_op.o) (__new_handler)
/home/roberto/altera/13.0sp1/nios2eds/bin/gnu/H-i686-pc-linux-gnu/bin/../lib/gcc/nios2-elf/4.1.2/../../../../nios2-elf/lib/mno-hw-mul/libstdc++.a(eh_alloc.o)
                              /home/roberto/altera/13.0sp1/nios2eds/bin/gnu/H-i686-pc-linux-gnu/bin/../lib/gcc/nios2-elf/4.1.2/../../../../nios2-elf/lib/mno-hw-mul/libstdc++.a(eh_personality.o) (__cxa_allocate_exception)
/home/roberto/altera/13.0sp1/nios2eds/bin/gnu/H-i686-pc-linux-gnu/bin/../lib/gcc/nios2-elf/4.1.2/../../../../nios2-elf/lib/mno-hw-mul/libstdc++.a(eh_throw.o)
                              /home/roberto/altera/13.0sp1/nios2eds/bin/gnu/H-i686-pc-linux-gnu/bin/../lib/gcc/nios2-elf/4.1.2/../../../../nios2-elf/lib/mno-hw-mul/libstdc++.a(eh_personality.o) (__cxa_rethrow)
/home/roberto/altera/13.0sp1/nios2eds/bin/gnu/H-i686-pc-linux-gnu/bin/../lib/gcc/nios2-elf/4.1.2/../../../../nios2-elf/lib/mno-hw-mul/libstdc++.a(eh_term_handler.o)
                              /home/roberto/altera/13.0sp1/nios2eds/bin/gnu/H-i686-pc-linux-gnu/bin/../lib/gcc/nios2-elf/4.1.2/../../../../nios2-elf/lib/mno-hw-mul/libstdc++.a(eh_terminate.o) (_ZN10__cxxabiv119__terminate_handlerE)
/home/roberto/altera/13.0sp1/nios2eds/bin/gnu/H-i686-pc-linux-gnu/bin/../lib/gcc/nios2-elf/4.1.2/../../../../nios2-elf/lib/mno-hw-mul/libstdc++.a(eh_catch.o)
                              /home/roberto/altera/13.0sp1/nios2eds/bin/gnu/H-i686-pc-linux-gnu/bin/../lib/gcc/nios2-elf/4.1.2/../../../../nios2-elf/lib/mno-hw-mul/libstdc++.a(eh_personality.o) (__cxa_end_catch)
/home/roberto/altera/13.0sp1/nios2eds/bin/gnu/H-i686-pc-linux-gnu/bin/../lib/gcc/nios2-elf/4.1.2/../../../../nios2-elf/lib/mno-hw-mul/libstdc++.a(eh_unex_handler.o)
                              /home/roberto/altera/13.0sp1/nios2eds/bin/gnu/H-i686-pc-linux-gnu/bin/../lib/gcc/nios2-elf/4.1.2/../../../../nios2-elf/lib/mno-hw-mul/libstdc++.a(eh_terminate.o) (_ZN10__cxxabiv120__unexpected_handlerE)
/home/roberto/altera/13.0sp1/nios2eds/bin/gnu/H-i686-pc-linux-gnu/bin/../lib/gcc/nios2-elf/4.1.2/../../../../nios2-elf/lib/mno-hw-mul/libstdc++.a(class_type_info.o)
[...]
Memory Configuration

Name             Origin             Length             Attributes
reset            0x00040000         0x00000020
onchip_memory2_0 0x00040020         0x00018680
*default*        0x00000000         0xffffffff

Linker script and memory map

LOAD ../application_bsp//obj/HAL/src/crt0.o
LOAD obj/default/libs/src/app.o
LOAD obj/default/libs/src/hal/fft.o
LOAD obj/default/libs/src/hal/motors.o
LOAD obj/default/libs/src/hal/wifi.o
LOAD obj/default/test.o
LOAD /home/roberto/altera/13.0sp1/nios2eds/bin/gnu/H-i686-pc-linux-gnu/bin/../lib/gcc/nios2-elf/4.1.2/../../../../nios2-elf/lib/mno-hw-mul/libstdc++.a
LOAD /home/roberto/altera/13.0sp1/nios2eds/bin/gnu/H-i686-pc-linux-gnu/bin/../lib/gcc/nios2-elf/4.1.2/../../../../nios2-elf/lib/mno-hw-mul/libm.a
LOAD /home/roberto/altera/13.0sp1/nios2eds/bin/gnu/H-i686-pc-linux-gnu/bin/../lib/gcc/nios2-elf/4.1.2/mno-hw-mul/libgcc.a
START GROUP
LOAD /home/roberto/altera/13.0sp1/nios2eds/bin/gnu/H-i686-pc-linux-gnu/bin/../lib/gcc/nios2-elf/4.1.2/../../../../nios2-elf/lib/mno-hw-mul/libsmallc.a
LOAD /home/roberto/altera/13.0sp1/nios2eds/bin/gnu/H-i686-pc-linux-gnu/bin/../lib/gcc/nios2-elf/4.1.2/mno-hw-mul/libgcc.a
LOAD ../application_bsp//libhal_bsp.a
END GROUP
LOAD /home/roberto/altera/13.0sp1/nios2eds/bin/gnu/H-i686-pc-linux-gnu/bin/../lib/gcc/nios2-elf/4.1.2/mno-hw-mul/libgcc.a
                0x00040000                __alt_mem_onchip_memory2_0 = 0x40000

.entry          0x00040000       0x20
 *(.entry)
 .entry         0x00040000       0x20 ../application_bsp//obj/HAL/src/crt0.o
                0x00040000                __reset

.exceptions     0x00040020        0x0
                0x00040020                PROVIDE (__ram_exceptions_start, ABSOLUTE (.))
                0x00040020                . = ALIGN (0x20)
 *(.irq)
 *(.exceptions.entry.label)
 *(.exceptions.entry.user)
 *(.exceptions.entry)
 *(.exceptions.irqtest.user)
 *(.exceptions.irqtest)
 *(.exceptions.irqhandler.user)
 *(.exceptions.irqhandler)
 *(.exceptions.irqreturn.user)
 *(.exceptions.irqreturn)
 *(.exceptions.notirq.label)
 *(.exceptions.notirq.user)
 *(.exceptions.notirq)
 *(.exceptions.soft.user)
 *(.exceptions.soft)
 *(.exceptions.unknown.user)
 *(.exceptions.unknown)
 *(.exceptions.exit.label)
 *(.exceptions.exit.user)
 *(.exceptions.exit)
 *(.exceptions)
                0x00040020                PROVIDE (__ram_exceptions_end, ABSOLUTE (.))
                0x00040020                PROVIDE (__flash_exceptions_start, LOADADDR (.exceptions))

.text           0x00040020     0x64c8
                0x00040020                PROVIDE (stext, ABSOLUTE (.))
 *(.interp)
 *(.hash)
 *(.dynsym)
 *(.dynstr)
 *(.gnu.version)
 *(.gnu.version_d)
 *(.gnu.version_r)
 *(.rel.init)
 *(.rela.init)
 *(.rel.text .rel.text.* .rel.gnu.linkonce.t.*)
 *(.rela.text .rela.text.* .rela.gnu.linkonce.t.*)
 *(.rel.fini)
 *(.rela.fini)
 *(.rel.rodata .rel.rodata.* .rel.gnu.linkonce.r.*)
 *(.rela.rodata .rela.rodata.* .rela.gnu.linkonce.r.*)
 *(.rel.data .rel.data.* .rel.gnu.linkonce.d.*)
 *(.rela.data .rela.data.* .rela.gnu.linkonce.d.*)
 *(.rel.tdata .rel.tdata.* .rel.gnu.linkonce.td.*)
 *(.rela.tdata .rela.tdata.* .rela.gnu.linkonce.td.*)
 *(.rel.tbss .rel.tbss.* .rel.gnu.linkonce.tb.*)
 *(.rela.tbss .rela.tbss.* .rela.gnu.linkonce.tb.*)
 *(.rel.ctors)
 *(.rela.ctors)
 *(.rel.dtors)
 *(.rela.dtors)
 *(.rel.got)
 *(.rela.got)
 *(.rel.sdata .rel.sdata.* .rel.gnu.linkonce.s.*)
 *(.rela.sdata .rela.sdata.* .rela.gnu.linkonce.s.*)
 *(.rel.sbss .rel.sbss.* .rel.gnu.linkonce.sb.*)
 *(.rela.sbss .rela.sbss.* .rela.gnu.linkonce.sb.*)
 *(.rel.sdata2 .rel.sdata2.* .rel.gnu.linkonce.s2.*)
 *(.rela.sdata2 .rela.sdata2.* .rela.gnu.linkonce.s2.*)
 *(.rel.sbss2 .rel.sbss2.* .rel.gnu.linkonce.sb2.*)
 *(.rela.sbss2 .rela.sbss2.* .rela.gnu.linkonce.sb2.*)
 *(.rel.bss .rel.bss.* .rel.gnu.linkonce.b.*)
 *(.rela.bss .rela.bss.* .rela.gnu.linkonce.b.*)
 *(.rel.plt)
 *(.rela.plt)
 *(.rel.dyn)
 *(.init)
 *(.plt)
 *(.text .stub .text.* .gnu.linkonce.t.*)
 .text          0x00040020       0x3c ../application_bsp//obj/HAL/src/crt0.o
                0x00040020                _start
 .text          0x0004005c      0xb64 obj/default/libs/src/app.o
                0x0004005c                _ZN3AppC2Ev
                0x0004009c                _ZN3AppC1Ev
                0x000400dc                _ZN3App5setupEv
                0x000400fc                _ZN3App11defineIndexEi
                0x000404a0                _ZN3App14writeGyroscopeEiii
                0x000405c4                _ZN3App12writeCompassEi
                0x000406f0                _ZN3App3runEv
                0x00040994                _ZN3App10writeAudioEPii
                0x00040ae8                _ZN3App10fftHandlerEj
                0x00040b58                _ZN3AppD1Ev
                0x00040b8c                _ZN3AppD2Ev
 .text._ZN9run_param4initEv
                0x00040bc0       0x4c obj/default/libs/src/app.o
                0x00040bc0                _ZN9run_param4initEv
 .text._ZN3App6Buffer3popEv
                0x00040c0c       0xe8 obj/default/libs/src/app.o
                0x00040c0c                _ZN3App6Buffer3popEv
 .text._ZN3App6Buffer6lengthEv
                0x00040cf4       0x28 obj/default/libs/src/app.o
                0x00040cf4                _ZN3App6Buffer6lengthEv
 .text._ZN3App6BufferC1Ev
                0x00040d1c       0x74 obj/default/libs/src/app.o
                0x00040d1c                _ZN3App6BufferC1Ev
 .text          0x00040d90      0x184 obj/default/libs/src/hal/fft.o
                0x00040d90                _ZN3FFTC2Ev
                0x00040dd4                _ZN3FFTC1Ev
                0x00040e18                _ZN3FFTD2Ev
                0x00040e38                _ZN3FFTD1Ev
                0x00040e58                _ZN3FFT4readEv
                0x00040e80                _ZN3FFT5writeEPh
                0x00040ec0                _ZN3FFT12getSingletonEv
 .text          0x00040f14      0x334 obj/default/libs/src/hal/motors.o
                0x00040f14                _ZN6MotorsD2Ev
                0x00040f34                _ZN6MotorsD1Ev
                0x00040f54                _ZN6Motors5writeEjjjj
                0x00040fb4                _ZN6Motors11write_delayEjjj
                0x00041004                _ZN6Motors15write_variationEjjj
                0x00041054                _ZN6Motors11write_powerEjjj
                0x000410a4                _ZN6Motors5writeEj
                0x000410d8                _ZN6Motors18write_to_next_lineEv
                0x00041118                _ZN6Motors21write_to_next_collumnEv
                0x00041158                _ZN6MotorsC2Ev
                0x00041190                _ZN6MotorsC1Ev
                0x000411c8                _ZN6Motors4readEv
                0x000411f4                _ZN6Motors12getSingletonEv
 .text          0x00041248      0x60c obj/default/libs/src/hal/wifi.o
                0x00041248                _ZN4WiFiD2Ev
                0x00041268                _ZN4WiFiD1Ev
                0x00041288                _ZN4WiFiC2Ev
                0x000412a8                _ZN4WiFiC1Ev
                0x000412c8                _ZN4WiFi5writeEPci
                0x0004133c                _ZN4WiFi7receiveEPhPj
                0x000414cc                _ZN4WiFi15sendInstructionEPc
                0x00041548                _ZN4WiFi10stopServerEv
                0x000415f8                _ZN4WiFi11startServerEv
                0x0004165c                _ZN4WiFi6configEPcS0_
                0x00041800                _ZN4WiFi12getSingletonEv
 .text          0x00041854       0xd8 obj/default/test.o
                0x00041854                main
 .text          0x0004192c       0xa0 /home/roberto/altera/13.0sp1/nios2eds/bin/gnu/H-i686-pc-linux-gnu/bin/../lib/gcc/nios2-elf/4.1.2/../../../../nios2-elf/lib/mno-hw-mul/libstdc++.a(new_opv.o)
                0x0004192c                _Znam
 .text          0x000419cc        0xc /home/roberto/altera/13.0sp1/nios2eds/bin/gnu/H-i686-pc-linux-gnu/bin/../lib/gcc/nios2-elf/4.1.2/../../../../nios2-elf/lib/mno-hw-mul/libstdc++.a(del_op.o)
                0x000419cc                _ZdlPv
 .text          0x000419d8      0xbec /home/roberto/altera/13.0sp1/nios2eds/bin/gnu/H-i686-pc-linux-gnu/bin/../lib/gcc/nios2-elf/4.1.2/../../../../nios2-elf/lib/mno-hw-mul/libstdc++.a(eh_personality.o)
                0x00041f64                __cxa_call_unexpected
                0x000420e4                __gxx_personality_sj0
 .text          0x000425c4       0x10 /home/roberto/altera/13.0sp1/nios2eds/bin/gnu/H-i686-pc-linux-gnu/bin/../lib/gcc/nios2-elf/4.1.2/../../../../nios2-elf/lib/mno-hw-mul/libstdc++.a(eh_globals.o)
                0x000425c4                __cxa_get_globals_fast
                0x000425cc                __cxa_get_globals
 .text          0x000425d4      0x10c /home/roberto/altera/13.0sp1/nios2eds/bin/gnu/H-i686-pc-linux-gnu/bin/../lib/gcc/nios2-elf/4.1.2/../../../../nios2-elf/lib/mno-hw-mul/libstdc++.a(eh_terminate.o)
                0x000425d4                _ZSt13set_terminatePFvvE
                0x000425e8                _ZSt14set_unexpectedPFvvE
                0x000425fc                _ZN10__cxxabiv111__terminateEPFvvE
                0x000426a0                _ZSt9terminatev
                0x000426b8                _ZN10__cxxabiv112__unexpectedEPFvvE
                0x000426c8                _ZSt10unexpectedv
 .text          0x000426e0      0x100 /home/roberto/altera/13.0sp1/nios2eds/bin/gnu/H-i686-pc-linux-gnu/bin/../lib/gcc/nios2-elf/4.1.2/../../../../nios2-elf/lib/mno-hw-mul/libstdc++.a(new_op.o)
                0x000426e0                _Znwm
 .text          0x000427e0       0x44 /home/roberto/altera/13.0sp1/nios2eds/bin/gnu/H-i686-pc-linux-gnu/bin/../lib/gcc/nios2-elf/4.1.2/../../../../nios2-elf/lib/mno-hw-mul/libstdc++.a(eh_call.o)
                0x000427e0                __cxa_call_terminate
 .text          0x00042824       0x94 /home/roberto/altera/13.0sp1/nios2eds/bin/gnu/H-i686-pc-linux-gnu/bin/../lib/gcc/nios2-elf/4.1.2/../../../../nios2-elf/lib/mno-hw-mul/libstdc++.a(eh_exception.o)
                0x00042824                _ZNKSt9exception4whatEv
                0x00042834                _ZNSt9exceptionD0Ev
                0x00042844                _ZNSt9exceptionD1Ev
                0x00042854                _ZNSt9exceptionD2Ev
                0x00042864                _ZNSt13bad_exceptionD0Ev
                0x00042898                _ZNSt13bad_exceptionD1Ev
                0x000428a8                _ZNSt13bad_exceptionD2Ev
 .text          0x000428b8       0x60 /home/roberto/altera/13.0sp1/nios2eds/bin/gnu/H-i686-pc-linux-gnu/bin/../lib/gcc/nios2-elf/4.1.2/../../../../nios2-elf/lib/mno-hw-mul/libstdc++.a(new_handler.o)
                0x000428b8                _ZSt15set_new_handlerPFvvE
                0x000428c4                _ZNSt9bad_allocD0Ev
                0x000428f8                _ZNSt9bad_allocD1Ev
                0x00042908                _ZNSt9bad_allocD2Ev
 .text          0x00042918      0x174 /home/roberto/altera/13.0sp1/nios2eds/bin/gnu/H-i686-pc-linux-gnu/bin/../lib/gcc/nios2-elf/4.1.2/../../../../nios2-elf/lib/mno-hw-mul/libstdc++.a(eh_alloc.o)
                0x00042918                __cxa_free_exception
                0x00042958                __cxa_allocate_exception
 .text          0x00042a8c      0x148 /home/roberto/altera/13.0sp1/nios2eds/bin/gnu/H-i686-pc-linux-gnu/bin/../lib/gcc/nios2-elf/4.1.2/../../../../nios2-elf/lib/mno-hw-mul/libstdc++.a(eh_throw.o)
                0x00042a8c                __cxa_rethrow
                0x00042b00                __cxa_throw
 .text          0x00042bd4        0x0 /home/roberto/altera/13.0sp1/nios2eds/bin/gnu/H-i686-pc-linux-gnu/bin/../lib/gcc/nios2-elf/4.1.2/../../../../nios2-elf/lib/mno-hw-mul/libstdc++.a(eh_term_handler.o)
 .text          0x00042bd4      0x1e4 /home/roberto/altera/13.0sp1/nios2eds/bin/gnu/H-i686-pc-linux-gnu/bin/../lib/gcc/nios2-elf/4.1.2/../../../../nios2-elf/lib/mno-hw-mul/libstdc++.a(eh_catch.o)
                0x00042bd4                __cxa_get_exception_ptr
                0x00042bdc                _ZSt18uncaught_exceptionv
                0x00042bfc                __cxa_end_catch
                0x00042ca0                __cxa_begin_catch
 .text          0x00042db8        0x0 /home/roberto/altera/13.0sp1/nios2eds/bin/gnu/H-i686-pc-linux-gnu/bin/../lib/gcc/nios2-elf/4.1.2/../../../../nios2-elf/lib/mno-hw-mul/libstdc++.a(eh_unex_handler.o)
 .text          0x00042db8      0x1bc /home/roberto/altera/13.0sp1/nios2eds/bin/gnu/H-i686-pc-linux-gnu/bin/../lib/gcc/nios2-elf/4.1.2/../../../../nios2-elf/lib/mno-hw-mul/libstdc++.a(class_type_info.o)
                0x00042db8                _ZNK10__cxxabiv117__class_type_info11__do_upcastEPKS0_PPv
                0x00042e24                _ZNK10__cxxabiv117__class_type_info20__do_find_public_srcElPKvPKS0_S2_
                0x00042e44                _ZN10__cxxabiv117__class_type_infoD0Ev
                0x00042e78                _ZN10__cxxabiv117__class_type_infoD1Ev
                0x00042e88                _ZN10__cxxabiv117__class_type_infoD2Ev
                0x00042e98                _ZNK10__cxxabiv117__class_type_info10__do_catchEPKSt9type_infoPPvj
                0x00042ef8                _ZNK10__cxxabiv117__class_type_info11__do_upcastEPKS0_PKvRNS0_15__upcast_resultE
                0x00042f28                _ZNK10__cxxabiv117__class_type_info12__do_dyncastElNS0_10__sub_kindEPKS0_PKvS3_S5_RNS0_16__dyncast_resultE
 .text          0x00042f74      0x1c8 /home/roberto/altera/13.0sp1/nios2eds/bin/gnu/H-i686-pc-linux-gnu/bin/../lib/gcc/nios2-elf/4.1.2/../../../../nios2-elf/lib/mno-hw-mul/libstdc++.a(si_class_type_info.o)
                0x00042f74                _ZNK10__cxxabiv120__si_class_type_info11__do_upcastEPKNS_17__class_type_infoEPKvRNS1_15__upcast_resultE
                0x00042fec                _ZN10__cxxabiv120__si_class_type_infoD0Ev
                0x00043020                _ZN10__cxxabiv120__si_class_type_infoD1Ev
                0x00043030                _ZN10__cxxabiv120__si_class_type_infoD2Ev
                0x00043040                _ZNK10__cxxabiv120__si_class_type_info20__do_find_public_srcElPKvPKNS_17__class_type_infoES2_
                0x00043074                _ZNK10__cxxabiv120__si_class_type_info12__do_dyncastElNS_17__class_type_info10__sub_kindEPKS1_PKvS4_S6_RNS1_16__dyncast_resultE
 .text          0x0004313c       0x58 /home/roberto/altera/13.0sp1/nios2eds/bin/gnu/H-i686-pc-linux-gnu/bin/../lib/gcc/nios2-elf/4.1.2/../../../../nios2-elf/lib/mno-hw-mul/libstdc++.a(tinfo.o)
                0x0004313c                _ZNKSt9type_info14__is_pointer_pEv
                0x00043144                _ZNKSt9type_info15__is_function_pEv
                0x0004314c                _ZNKSt9type_info10__do_catchEPKS_PPvj
                0x0004315c                _ZNKSt9type_info11__do_upcastEPKN10__cxxabiv117__class_type_infoEPPv
                0x00043164                _ZNSt9type_infoD0Ev
                0x00043174                _ZNSt9type_infoD1Ev
                0x00043184                _ZNSt9type_infoD2Ev
 .text          0x00043194      0x2b8 /home/roberto/altera/13.0sp1/nios2eds/bin/gnu/H-i686-pc-linux-gnu/bin/../lib/gcc/nios2-elf/4.1.2/mno-hw-mul/libgcc.a(_addsub_sf.o)
                0x00043378                __subsf3
                0x000433e8                __addsf3
 .text          0x0004344c      0x1e0 /home/roberto/altera/13.0sp1/nios2eds/bin/gnu/H-i686-pc-linux-gnu/bin/../lib/gcc/nios2-elf/4.1.2/mno-hw-mul/libgcc.a(_mul_sf.o)
                0x0004344c                __mulsf3
 .text          0x0004362c      0x174 /home/roberto/altera/13.0sp1/nios2eds/bin/gnu/H-i686-pc-linux-gnu/bin/../lib/gcc/nios2-elf/4.1.2/mno-hw-mul/libgcc.a(_div_sf.o)
                0x0004362c                __divsf3
 .text          0x000437a0       0x78 /home/roberto/altera/13.0sp1/nios2eds/bin/gnu/H-i686-pc-linux-gnu/bin/../lib/gcc/nios2-elf/4.1.2/mno-hw-mul/libgcc.a(_gt_sf.o)
                0x000437a0                __gtsf2
 .text          0x00043818       0x78 /home/roberto/altera/13.0sp1/nios2eds/bin/gnu/H-i686-pc-linux-gnu/bin/../lib/gcc/nios2-elf/4.1.2/mno-hw-mul/libgcc.a(_ge_sf.o)
                0x00043818                __gesf2
 .text          0x00043890       0x78 /home/roberto/altera/13.0sp1/nios2eds/bin/gnu/H-i686-pc-linux-gnu/bin/../lib/gcc/nios2-elf/4.1.2/mno-hw-mul/libgcc.a(_lt_sf.o)
                0x00043890                __ltsf2
 .text          0x00043908       0x78 /home/roberto/altera/13.0sp1/nios2eds/bin/gnu/H-i686-pc-linux-gnu/bin/../lib/gcc/nios2-elf/4.1.2/mno-hw-mul/libgcc.a(_le_sf.o)
                0x00043908                __lesf2
 .text          0x00043980       0x98 /home/roberto/altera/13.0sp1/nios2eds/bin/gnu/H-i686-pc-linux-gnu/bin/../lib/gcc/nios2-elf/4.1.2/mno-hw-mul/libgcc.a(_si_to_sf.o)
                0x00043980                __floatsisf
 .text          0x00043a18        0x0 /home/roberto/altera/13.0sp1/nios2eds/bin/gnu/H-i686-pc-linux-gnu/bin/../lib/gcc/nios2-elf/4.1.2/mno-hw-mul/libgcc.a(_thenan_sf.o)
 .text          0x00043a18      0x14c /home/roberto/altera/13.0sp1/nios2eds/bin/gnu/H-i686-pc-linux-gnu/bin/../lib/gcc/nios2-elf/4.1.2/mno-hw-mul/libgcc.a(lib2-divmod.o)
                0x00043a94                __divsi3
                0x00043af4                __modsi3
                0x00043b54                __udivsi3
                0x00043b5c                __umodsi3
 .text          0x00043b64       0x38 /home/roberto/altera/13.0sp1/nios2eds/bin/gnu/H-i686-pc-linux-gnu/bin/../lib/gcc/nios2-elf/4.1.2/mno-hw-mul/libgcc.a(lib2-mul.o)
                0x00043b64                __mulsi3
 .text          0x00043b9c      0x548 /home/roberto/altera/13.0sp1/nios2eds/bin/gnu/H-i686-pc-linux-gnu/bin/../lib/gcc/nios2-elf/4.1.2/mno-hw-mul/libgcc.a(unwind-sjlj.o)
                0x00043b9c                _Unwind_SjLj_Register
                0x00043bac                _Unwind_SjLj_Unregister
                0x00043bb8                _Unwind_GetGR
                0x00043bd0                _Unwind_GetCFA
                0x00043be4                _Unwind_SetGR
                0x00043bfc                _Unwind_GetIP
                0x00043c0c                _Unwind_GetIPInfo
                0x00043c20                _Unwind_SetIP
                0x00043c30                _Unwind_GetLanguageSpecificData
                0x00043c3c                _Unwind_GetRegionStart
                0x00043c44                _Unwind_FindEnclosingFunction
                0x00043c4c                _Unwind_GetDataRelBase
                0x00043c54                _Unwind_GetTextRelBase
                0x00043d5c                _Unwind_DeleteException
                0x00043e68                _Unwind_SjLj_Resume
                0x00043ec4                _Unwind_SjLj_RaiseException
                0x00043fbc                _Unwind_SjLj_ForcedUnwind
                0x0004400c                _Unwind_Backtrace
                0x0004408c                _Unwind_SjLj_Resume_or_Rethrow
 .text          0x000440e4      0x124 /home/roberto/altera/13.0sp1/nios2eds/bin/gnu/H-i686-pc-linux-gnu/bin/../lib/gcc/nios2-elf/4.1.2/mno-hw-mul/libgcc.a(_muldi3.o)
                0x000440e4                __muldi3
 .text          0x00044208       0x80 /home/roberto/altera/13.0sp1/nios2eds/bin/gnu/H-i686-pc-linux-gnu/bin/../lib/gcc/nios2-elf/4.1.2/mno-hw-mul/libgcc.a(_clzsi2.o)
                0x00044208                __clzsi2
 .text          0x00044288      0x160 /home/roberto/altera/13.0sp1/nios2eds/bin/gnu/H-i686-pc-linux-gnu/bin/../lib/gcc/nios2-elf/4.1.2/mno-hw-mul/libgcc.a(_pack_sf.o)
                0x00044288                __pack_f
 .text          0x000443e8       0xc8 /home/roberto/altera/13.0sp1/nios2eds/bin/gnu/H-i686-pc-linux-gnu/bin/../lib/gcc/nios2-elf/4.1.2/mno-hw-mul/libgcc.a(_unpack_sf.o)
                0x000443e8                __unpack_f
 .text          0x000444b0       0xa8 /home/roberto/altera/13.0sp1/nios2eds/bin/gnu/H-i686-pc-linux-gnu/bin/../lib/gcc/nios2-elf/4.1.2/mno-hw-mul/libgcc.a(_fpcmp_parts_sf.o)
                0x000444b0                __fpcmp_parts_f
 .text          0x00044558        0x0 /home/roberto/altera/13.0sp1/nios2eds/bin/gnu/H-i686-pc-linux-gnu/bin/../lib/gcc/nios2-elf/4.1.2/mno-hw-mul/libgcc.a(_clz.o)
 .text          0x00044558       0x18 /home/roberto/altera/13.0sp1/nios2eds/bin/gnu/H-i686-pc-linux-gnu/bin/../lib/gcc/nios2-elf/4.1.2/../../../../nios2-elf/lib/mno-hw-mul/libsmallc.a(lib_a-abort.o)
                0x00044558                abort
 .text          0x00044570       0x28 /home/roberto/altera/13.0sp1/nios2eds/bin/gnu/H-i686-pc-linux-gnu/bin/../lib/gcc/nios2-elf/4.1.2/../../../../nios2-elf/lib/mno-hw-mul/libsmallc.a(lib_a-malloc.o)
                0x00044570                free
                0x00044584                malloc
 .text          0x00044598      0x740 /home/roberto/altera/13.0sp1/nios2eds/bin/gnu/H-i686-pc-linux-gnu/bin/../lib/gcc/nios2-elf/4.1.2/../../../../nios2-elf/lib/mno-hw-mul/libsmallc.a(lib_a-mallocr.o)
                0x00044598                _malloc_r
 .text          0x00044cd8       0x20 /home/roberto/altera/13.0sp1/nios2eds/bin/gnu/H-i686-pc-linux-gnu/bin/../lib/gcc/nios2-elf/4.1.2/../../../../nios2-elf/lib/mno-hw-mul/libsmallc.a(lib_a-memset.o)
                0x00044cd8                memset
 .text          0x00044cf8       0x70 /home/roberto/altera/13.0sp1/nios2eds/bin/gnu/H-i686-pc-linux-gnu/bin/../lib/gcc/nios2-elf/4.1.2/../../../../nios2-elf/lib/mno-hw-mul/libsmallc.a(lib_a-sbrkr.o)
                0x00044cf8                _sbrk_r
 .text          0x00044d68      0x2d8 /home/roberto/altera/13.0sp1/nios2eds/bin/gnu/H-i686-pc-linux-gnu/bin/../lib/gcc/nios2-elf/4.1.2/../../../../nios2-elf/lib/mno-hw-mul/libsmallc.a(lib_a-signal.o)
                0x00044d68                _raise_r
                0x00044e34                raise
                0x00044e48                _init_signal_r
                0x00044eac                _init_signal
                0x00044ebc                __sigtramp_r
                0x00044f70                __sigtramp
                0x00044f84                _signal_r
                0x00045024                signal
 .text          0x00045040       0x78 /home/roberto/altera/13.0sp1/nios2eds/bin/gnu/H-i686-pc-linux-gnu/bin/../lib/gcc/nios2-elf/4.1.2/../../../../nios2-elf/lib/mno-hw-mul/libsmallc.a(lib_a-signalr.o)
                0x00045040                _getpid_r
                0x00045044                _kill_r
 .text          0x000450b8       0x50 /home/roberto/altera/13.0sp1/nios2eds/bin/gnu/H-i686-pc-linux-gnu/bin/../lib/gcc/nios2-elf/4.1.2/../../../../nios2-elf/lib/mno-hw-mul/libsmallc.a(lib_a-strcat.o)
                0x000450b8                strcat
 .text          0x00045108       0x20 /home/roberto/altera/13.0sp1/nios2eds/bin/gnu/H-i686-pc-linux-gnu/bin/../lib/gcc/nios2-elf/4.1.2/../../../../nios2-elf/lib/mno-hw-mul/libsmallc.a(lib_a-strlen.o)
                0x00045108                strlen
 .text          0x00045128      0x440 /home/roberto/altera/13.0sp1/nios2eds/bin/gnu/H-i686-pc-linux-gnu/bin/../lib/gcc/nios2-elf/4.1.2/../../../../nios2-elf/lib/mno-hw-mul/libsmallc.a(lib_a-freer.o)
                0x00045128                _malloc_trim_r
                0x00045254                _free_r
 .text          0x00045568        0x0 /home/roberto/altera/13.0sp1/nios2eds/bin/gnu/H-i686-pc-linux-gnu/bin/../lib/gcc/nios2-elf/4.1.2/../../../../nios2-elf/lib/mno-hw-mul/libsmallc.a(lib_a-impure.o)
 .text          0x00045568        0x0 /home/roberto/altera/13.0sp1/nios2eds/bin/gnu/H-i686-pc-linux-gnu/bin/../lib/gcc/nios2-elf/4.1.2/../../../../nios2-elf/lib/mno-hw-mul/libsmallc.a(lib_a-int_errno.o)
 .text          0x00045568       0x60 ../application_bsp//libhal_bsp.a(alt_exit.o)
                0x000455a8                _exit
 .text          0x000455c8       0x70 ../application_bsp//libhal_bsp.a(alt_getchar.o)
                0x000455c8                alt_getchar
 .text          0x00045638       0x20 ../application_bsp//libhal_bsp.a(alt_getpid.o)
                0x00045638                getpid
 .text          0x00045658      0x1a0 ../application_bsp//libhal_bsp.a(alt_kill.o)
                0x00045658                kill
 .text          0x000457f8       0xec ../application_bsp//libhal_bsp.a(alt_load.o)
                0x000457f8                alt_load
 .text          0x000458e4       0x50 ../application_bsp//libhal_bsp.a(alt_main.o)
                0x000458e4                alt_main
 .text          0x00045934       0x40 ../application_bsp//libhal_bsp.a(alt_malloc_lock.o)
                0x00045934                __malloc_lock
                0x00045954                __malloc_unlock
 .text          0x00045974      0x258 ../application_bsp//libhal_bsp.a(alt_printf.o)
                0x00045974                alt_printf
 .text          0x00045bcc       0x74 ../application_bsp//libhal_bsp.a(alt_putchar.o)
                0x00045bcc                alt_putchar
 .text          0x00045c40       0xbc ../application_bsp//libhal_bsp.a(alt_sbrk.o)
                0x00045c40                sbrk
 .text          0x00045cfc       0x74 ../application_bsp//libhal_bsp.a(alt_sys_init.o)
                0x00045cfc                alt_irq_init
                0x00045d30                alt_sys_init
 .text          0x00045d70      0x104 ../application_bsp//libhal_bsp.a(altera_avalon_jtag_uart_read.o)
                0x00045d70                altera_avalon_jtag_uart_read
 .text          0x00045e74       0xa4 ../application_bsp//libhal_bsp.a(altera_avalon_jtag_uart_write.o)
                0x00045e74                altera_avalon_jtag_uart_write
 .text          0x00045f18        0x0 ../application_bsp//libhal_bsp.a(altera_avalon_timer_vars.o)
 .text          0x00045f18       0x9c ../application_bsp//libhal_bsp.a(alt_close.o)
                0x00045f18                close
 .text          0x00045fb4       0x1c ../application_bsp//libhal_bsp.a(alt_dcache_flush_all.o)
                0x00045fb4                alt_dcache_flush_all
 .text          0x00045fd0       0x2c ../application_bsp//libhal_bsp.a(alt_dev.o)
 .text          0x00045ffc       0x64 ../application_bsp//libhal_bsp.a(alt_do_ctors.o)
                0x00045ffc                _do_ctors
 .text          0x00046060       0x64 ../application_bsp//libhal_bsp.a(alt_do_dtors.o)
                0x00046060                _do_dtors
 .text          0x000460c4        0x0 ../application_bsp//libhal_bsp.a(alt_errno.o)
 .text          0x000460c4       0x1c ../application_bsp//libhal_bsp.a(alt_icache_flush_all.o)
                0x000460c4                alt_icache_flush_all
 .text          0x000460e0       0x20 ../application_bsp//libhal_bsp.a(altera_nios2_qsys_irq.o)
                0x000460e0                altera_nios2_qsys_irq_init
 .text          0x00046100       0x14 /home/roberto/altera/13.0sp1/nios2eds/bin/gnu/H-i686-pc-linux-gnu/bin/../lib/gcc/nios2-elf/4.1.2/../../../../nios2-elf/lib/mno-hw-mul/libsmallc.a(lib_a-atexit.o)
                0x00046100                atexit
 .text          0x00046114       0x20 /home/roberto/altera/13.0sp1/nios2eds/bin/gnu/H-i686-pc-linux-gnu/bin/../lib/gcc/nios2-elf/4.1.2/../../../../nios2-elf/lib/mno-hw-mul/libsmallc.a(lib_a-exit.o)
                0x00046114                exit
 .text          0x00046134      0x16c /home/roberto/altera/13.0sp1/nios2eds/bin/gnu/H-i686-pc-linux-gnu/bin/../lib/gcc/nios2-elf/4.1.2/../../../../nios2-elf/lib/mno-hw-mul/libsmallc.a(lib_a-__atexit.o)
                0x00046134                __register_exitproc
 .text          0x000462a0      0x1c0 /home/roberto/altera/13.0sp1/nios2eds/bin/gnu/H-i686-pc-linux-gnu/bin/../lib/gcc/nios2-elf/4.1.2/../../../../nios2-elf/lib/mno-hw-mul/libsmallc.a(lib_a-__call_atexit.o)
                0x000462a4                __call_exitprocs
 *(.gnu.warning.*)
 *(.fini)
                0x00046460                PROVIDE (__etext, ABSOLUTE (.))
                0x00046460                PROVIDE (_etext, ABSOLUTE (.))
                0x00046460                PROVIDE (etext, ABSOLUTE (.))
 *(.eh_frame_hdr)
                0x00046460                . = ALIGN (0x4)
                0x00046460                PROVIDE (__preinit_array_start, ABSOLUTE (.))
 *(.preinit_array)
                0x00046460                PROVIDE (__preinit_array_end, ABSOLUTE (.))
                0x00046460                PROVIDE (__init_array_start, ABSOLUTE (.))
 *(.init_array)
                0x00046460                PROVIDE (__init_array_end, ABSOLUTE (.))
                0x00046460                PROVIDE (__fini_array_start, ABSOLUTE (.))
 *(.fini_array)
                0x00046460                PROVIDE (__fini_array_end, ABSOLUTE (.))
 *(.eh_frame)
 *(.gcc_except_table)
 .gcc_except_table
                0x00046460        0x6 obj/default/test.o
 *fill*         0x00046466        0x2 3a880100
 .gcc_except_table
                0x00046468       0x14 /home/roberto/altera/13.0sp1/nios2eds/bin/gnu/H-i686-pc-linux-gnu/bin/../lib/gcc/nios2-elf/4.1.2/../../../../nios2-elf/lib/mno-hw-mul/libstdc++.a(new_opv.o)
 .gcc_except_table
                0x0004647c       0x20 /home/roberto/altera/13.0sp1/nios2eds/bin/gnu/H-i686-pc-linux-gnu/bin/../lib/gcc/nios2-elf/4.1.2/../../../../nios2-elf/lib/mno-hw-mul/libstdc++.a(eh_personality.o)
 .gcc_except_table
                0x0004649c       0x10 /home/roberto/altera/13.0sp1/nios2eds/bin/gnu/H-i686-pc-linux-gnu/bin/../lib/gcc/nios2-elf/4.1.2/../../../../nios2-elf/lib/mno-hw-mul/libstdc++.a(eh_terminate.o)
 .gcc_except_table
                0x000464ac       0x14 /home/roberto/altera/13.0sp1/nios2eds/bin/gnu/H-i686-pc-linux-gnu/bin/../lib/gcc/nios2-elf/4.1.2/../../../../nios2-elf/lib/mno-hw-mul/libstdc++.a(new_op.o)
 .gcc_except_table
                0x000464c0       0x10 /home/roberto/altera/13.0sp1/nios2eds/bin/gnu/H-i686-pc-linux-gnu/bin/../lib/gcc/nios2-elf/4.1.2/../../../../nios2-elf/lib/mno-hw-mul/libstdc++.a(eh_alloc.o)
 .gcc_except_table
                0x000464d0       0x10 /home/roberto/altera/13.0sp1/nios2eds/bin/gnu/H-i686-pc-linux-gnu/bin/../lib/gcc/nios2-elf/4.1.2/../../../../nios2-elf/lib/mno-hw-mul/libstdc++.a(eh_catch.o)
 *(.dynamic)
                0x000464e0                PROVIDE (__CTOR_LIST__, ABSOLUTE (.))
 *(.ctors)
 .ctors         0x000464e0        0x4 obj/default/libs/src/app.o
 *(SORT(.ctors.*))
 .ctors.65535   0x000464e4        0x4 /home/roberto/altera/13.0sp1/nios2eds/bin/gnu/H-i686-pc-linux-gnu/bin/../lib/gcc/nios2-elf/4.1.2/../../../../nios2-elf/lib/mno-hw-mul/libsmallc.a(lib_a-__call_atexit.o)
                0x000464e8                PROVIDE (__CTOR_END__, ABSOLUTE (.))
                0x000464e8                PROVIDE (__DTOR_LIST__, ABSOLUTE (.))
 *(.dtors)
 *(SORT(.dtors.*))
                0x000464e8                PROVIDE (__DTOR_END__, ABSOLUTE (.))
 *(.jcr)
                0x000464e8                . = ALIGN (0x4)

.rodata         0x000464e8      0x308
                0x000464e8                PROVIDE (__ram_rodata_start, ABSOLUTE (.))
                0x000464e8                . = ALIGN (0x4)
 *(.rodata .rodata.* .gnu.linkonce.r.*)
 .rodata        0x000464e8        0x8 obj/default/libs/src/app.o
 .rodata        0x000464f0       0x70 obj/default/libs/src/hal/wifi.o
 .rodata._ZTVSt13bad_exception
                0x00046560       0x14 /home/roberto/altera/13.0sp1/nios2eds/bin/gnu/H-i686-pc-linux-gnu/bin/../lib/gcc/nios2-elf/4.1.2/../../../../nios2-elf/lib/mno-hw-mul/libstdc++.a(eh_exception.o)
                0x00046560                _ZTVSt13bad_exception
 .rodata._ZTVSt9exception
                0x00046574       0x14 /home/roberto/altera/13.0sp1/nios2eds/bin/gnu/H-i686-pc-linux-gnu/bin/../lib/gcc/nios2-elf/4.1.2/../../../../nios2-elf/lib/mno-hw-mul/libstdc++.a(eh_exception.o)
                0x00046574                _ZTVSt9exception
 .rodata._ZTSSt13bad_exception
                0x00046588       0x14 /home/roberto/altera/13.0sp1/nios2eds/bin/gnu/H-i686-pc-linux-gnu/bin/../lib/gcc/nios2-elf/4.1.2/../../../../nios2-elf/lib/mno-hw-mul/libstdc++.a(eh_exception.o)
                0x00046588                _ZTSSt13bad_exception
 .rodata._ZTISt13bad_exception
                0x0004659c        0xc /home/roberto/altera/13.0sp1/nios2eds/bin/gnu/H-i686-pc-linux-gnu/bin/../lib/gcc/nios2-elf/4.1.2/../../../../nios2-elf/lib/mno-hw-mul/libstdc++.a(eh_exception.o)
                0x0004659c                _ZTISt13bad_exception
 .rodata._ZTSSt9exception
                0x000465a8       0x10 /home/roberto/altera/13.0sp1/nios2eds/bin/gnu/H-i686-pc-linux-gnu/bin/../lib/gcc/nios2-elf/4.1.2/../../../../nios2-elf/lib/mno-hw-mul/libstdc++.a(eh_exception.o)
                0x000465a8                _ZTSSt9exception
 .rodata._ZTVSt9bad_alloc
                0x000465b8       0x14 /home/roberto/altera/13.0sp1/nios2eds/bin/gnu/H-i686-pc-linux-gnu/bin/../lib/gcc/nios2-elf/4.1.2/../../../../nios2-elf/lib/mno-hw-mul/libstdc++.a(new_handler.o)
                0x000465b8                _ZTVSt9bad_alloc
 .rodata._ZTSSt9bad_alloc
                0x000465cc       0x10 /home/roberto/altera/13.0sp1/nios2eds/bin/gnu/H-i686-pc-linux-gnu/bin/../lib/gcc/nios2-elf/4.1.2/../../../../nios2-elf/lib/mno-hw-mul/libstdc++.a(new_handler.o)
                0x000465cc                _ZTSSt9bad_alloc
 .rodata._ZTISt9bad_alloc
                0x000465dc        0xc /home/roberto/altera/13.0sp1/nios2eds/bin/gnu/H-i686-pc-linux-gnu/bin/../lib/gcc/nios2-elf/4.1.2/../../../../nios2-elf/lib/mno-hw-mul/libstdc++.a(new_handler.o)
                0x000465dc                _ZTISt9bad_alloc
 .rodata._ZTVN10__cxxabiv117__class_type_infoE
                0x000465e8       0x2c /home/roberto/altera/13.0sp1/nios2eds/bin/gnu/H-i686-pc-linux-gnu/bin/../lib/gcc/nios2-elf/4.1.2/../../../../nios2-elf/lib/mno-hw-mul/libstdc++.a(class_type_info.o)
                0x000465e8                _ZTVN10__cxxabiv117__class_type_infoE
 .rodata._ZTSN10__cxxabiv117__class_type_infoE
                0x00046614       0x24 /home/roberto/altera/13.0sp1/nios2eds/bin/gnu/H-i686-pc-linux-gnu/bin/../lib/gcc/nios2-elf/4.1.2/../../../../nios2-elf/lib/mno-hw-mul/libstdc++.a(class_type_info.o)
                0x00046614                _ZTSN10__cxxabiv117__class_type_infoE
 .rodata._ZTIN10__cxxabiv117__class_type_infoE
                0x00046638        0xc /home/roberto/altera/13.0sp1/nios2eds/bin/gnu/H-i686-pc-linux-gnu/bin/../lib/gcc/nios2-elf/4.1.2/../../../../nios2-elf/lib/mno-hw-mul/libstdc++.a(class_type_info.o)
                0x00046638                _ZTIN10__cxxabiv117__class_type_infoE
 .rodata._ZTVN10__cxxabiv120__si_class_type_infoE
                0x00046644       0x2c /home/roberto/altera/13.0sp1/nios2eds/bin/gnu/H-i686-pc-linux-gnu/bin/../lib/gcc/nios2-elf/4.1.2/../../../../nios2-elf/lib/mno-hw-mul/libstdc++.a(si_class_type_info.o)
                0x00046644                _ZTVN10__cxxabiv120__si_class_type_infoE
 .rodata._ZTSN10__cxxabiv120__si_class_type_infoE
                0x00046670       0x28 /home/roberto/altera/13.0sp1/nios2eds/bin/gnu/H-i686-pc-linux-gnu/bin/../lib/gcc/nios2-elf/4.1.2/../../../../nios2-elf/lib/mno-hw-mul/libstdc++.a(si_class_type_info.o)
                0x00046670                _ZTSN10__cxxabiv120__si_class_type_infoE
 .rodata._ZTIN10__cxxabiv120__si_class_type_infoE
                0x00046698        0xc /home/roberto/altera/13.0sp1/nios2eds/bin/gnu/H-i686-pc-linux-gnu/bin/../lib/gcc/nios2-elf/4.1.2/../../../../nios2-elf/lib/mno-hw-mul/libstdc++.a(si_class_type_info.o)
                0x00046698                _ZTIN10__cxxabiv120__si_class_type_infoE
 .rodata._ZTVSt9type_info
                0x000466a4       0x20 /home/roberto/altera/13.0sp1/nios2eds/bin/gnu/H-i686-pc-linux-gnu/bin/../lib/gcc/nios2-elf/4.1.2/../../../../nios2-elf/lib/mno-hw-mul/libstdc++.a(tinfo.o)
                0x000466a4                _ZTVSt9type_info
 .rodata._ZTSSt9type_info
                0x000466c4       0x10 /home/roberto/altera/13.0sp1/nios2eds/bin/gnu/H-i686-pc-linux-gnu/bin/../lib/gcc/nios2-elf/4.1.2/../../../../nios2-elf/lib/mno-hw-mul/libstdc++.a(tinfo.o)
                0x000466c4                _ZTSSt9type_info
 .rodata        0x000466d4       0x10 /home/roberto/altera/13.0sp1/nios2eds/bin/gnu/H-i686-pc-linux-gnu/bin/../lib/gcc/nios2-elf/4.1.2/mno-hw-mul/libgcc.a(_thenan_sf.o)
                0x000466d4                __thenan_sf
 .rodata        0x000466e4      0x100 /home/roberto/altera/13.0sp1/nios2eds/bin/gnu/H-i686-pc-linux-gnu/bin/../lib/gcc/nios2-elf/4.1.2/mno-hw-mul/libgcc.a(_clz.o)
                0x000466e4                __clz_tab
 .rodata        0x000467e4        0xc ../application_bsp//libhal_bsp.a(alt_dev.o)
 *(.rodata1)
                0x000467f0                . = ALIGN (0x4)
                0x000467f0                PROVIDE (__ram_rodata_end, ABSOLUTE (.))
                0x000464e8                PROVIDE (__flash_rodata_start, LOADADDR (.rodata))

.rwdata         0x000467f0      0x6e0 load address 0x00046ed0
                0x000467f0                PROVIDE (__ram_rwdata_start, ABSOLUTE (.))
                0x000467f0                . = ALIGN (0x4)
 *(.got.plt)
 *(.got)
 *(.data1)
 *(.data .data.* .gnu.linkonce.d.*)
 .data          0x000467f0        0x0 ../application_bsp//obj/HAL/src/crt0.o
 .data          0x000467f0        0x0 obj/default/libs/src/app.o
 .data          0x000467f0        0x0 obj/default/libs/src/hal/fft.o
 .data          0x000467f0        0x0 obj/default/libs/src/hal/motors.o
 .data          0x000467f0        0x0 obj/default/libs/src/hal/wifi.o
 .data          0x000467f0        0x0 obj/default/test.o
 .data          0x000467f0        0x0 /home/roberto/altera/13.0sp1/nios2eds/bin/gnu/H-i686-pc-linux-gnu/bin/../lib/gcc/nios2-elf/4.1.2/../../../../nios2-elf/lib/mno-hw-mul/libstdc++.a(new_opv.o)
 .data          0x000467f0        0x0 /home/roberto/altera/13.0sp1/nios2eds/bin/gnu/H-i686-pc-linux-gnu/bin/../lib/gcc/nios2-elf/4.1.2/../../../../nios2-elf/lib/mno-hw-mul/libstdc++.a(del_op.o)
 .data          0x000467f0        0x0 /home/roberto/altera/13.0sp1/nios2eds/bin/gnu/H-i686-pc-linux-gnu/bin/../lib/gcc/nios2-elf/4.1.2/../../../../nios2-elf/lib/mno-hw-mul/libstdc++.a(eh_personality.o)
 .data          0x000467f0        0x0 /home/roberto/altera/13.0sp1/nios2eds/bin/gnu/H-i686-pc-linux-gnu/bin/../lib/gcc/nios2-elf/4.1.2/../../../../nios2-elf/lib/mno-hw-mul/libstdc++.a(eh_globals.o)
 .data          0x000467f0        0x0 /home/roberto/altera/13.0sp1/nios2eds/bin/gnu/H-i686-pc-linux-gnu/bin/../lib/gcc/nios2-elf/4.1.2/../../../../nios2-elf/lib/mno-hw-mul/libstdc++.a(eh_terminate.o)
 .data          0x000467f0        0x0 /home/roberto/altera/13.0sp1/nios2eds/bin/gnu/H-i686-pc-linux-gnu/bin/../lib/gcc/nios2-elf/4.1.2/../../../../nios2-elf/lib/mno-hw-mul/libstdc++.a(new_op.o)
 .data          0x000467f0        0x0 /home/roberto/altera/13.0sp1/nios2eds/bin/gnu/H-i686-pc-linux-gnu/bin/../lib/gcc/nios2-elf/4.1.2/../../../../nios2-elf/lib/mno-hw-mul/libstdc++.a(eh_call.o)
 .data          0x000467f0        0x0 /home/roberto/altera/13.0sp1/nios2eds/bin/gnu/H-i686-pc-linux-gnu/bin/../lib/gcc/nios2-elf/4.1.2/../../../../nios2-elf/lib/mno-hw-mul/libstdc++.a(eh_exception.o)
 .data          0x000467f0        0x0 /home/roberto/altera/13.0sp1/nios2eds/bin/gnu/H-i686-pc-linux-gnu/bin/../lib/gcc/nios2-elf/4.1.2/../../../../nios2-elf/lib/mno-hw-mul/libstdc++.a(new_handler.o)
 .data          0x000467f0        0x0 /home/roberto/altera/13.0sp1/nios2eds/bin/gnu/H-i686-pc-linux-gnu/bin/../lib/gcc/nios2-elf/4.1.2/../../../../nios2-elf/lib/mno-hw-mul/libstdc++.a(eh_alloc.o)
 .data          0x000467f0        0x0 /home/roberto/altera/13.0sp1/nios2eds/bin/gnu/H-i686-pc-linux-gnu/bin/../lib/gcc/nios2-elf/4.1.2/../../../../nios2-elf/lib/mno-hw-mul/libstdc++.a(eh_throw.o)
 .data          0x000467f0        0x0 /home/roberto/altera/13.0sp1/nios2eds/bin/gnu/H-i686-pc-linux-gnu/bin/../lib/gcc/nios2-elf/4.1.2/../../../../nios2-elf/lib/mno-hw-mul/libstdc++.a(eh_term_handler.o)
 .data          0x000467f0        0x0 /home/roberto/altera/13.0sp1/nios2eds/bin/gnu/H-i686-pc-linux-gnu/bin/../lib/gcc/nios2-elf/4.1.2/../../../../nios2-elf/lib/mno-hw-mul/libstdc++.a(eh_catch.o)
 .data          0x000467f0        0x0 /home/roberto/altera/13.0sp1/nios2eds/bin/gnu/H-i686-pc-linux-gnu/bin/../lib/gcc/nios2-elf/4.1.2/../../../../nios2-elf/lib/mno-hw-mul/libstdc++.a(eh_unex_handler.o)
 .data          0x000467f0        0x0 /home/roberto/altera/13.0sp1/nios2eds/bin/gnu/H-i686-pc-linux-gnu/bin/../lib/gcc/nios2-elf/4.1.2/../../../../nios2-elf/lib/mno-hw-mul/libstdc++.a(class_type_info.o)
 .data          0x000467f0        0x0 /home/roberto/altera/13.0sp1/nios2eds/bin/gnu/H-i686-pc-linux-gnu/bin/../lib/gcc/nios2-elf/4.1.2/../../../../nios2-elf/lib/mno-hw-mul/libstdc++.a(si_class_type_info.o)
 .data          0x000467f0        0x0 /home/roberto/altera/13.0sp1/nios2eds/bin/gnu/H-i686-pc-linux-gnu/bin/../lib/gcc/nios2-elf/4.1.2/../../../../nios2-elf/lib/mno-hw-mul/libstdc++.a(tinfo.o)
 .data          0x000467f0        0x0 /home/roberto/altera/13.0sp1/nios2eds/bin/gnu/H-i686-pc-linux-gnu/bin/../lib/gcc/nios2-elf/4.1.2/mno-hw-mul/libgcc.a(_addsub_sf.o)
 .data          0x000467f0        0x0 /home/roberto/altera/13.0sp1/nios2eds/bin/gnu/H-i686-pc-linux-gnu/bin/../lib/gcc/nios2-elf/4.1.2/mno-hw-mul/libgcc.a(_mul_sf.o)
 .data          0x000467f0        0x0 /home/roberto/altera/13.0sp1/nios2eds/bin/gnu/H-i686-pc-linux-gnu/bin/../lib/gcc/nios2-elf/4.1.2/mno-hw-mul/libgcc.a(_div_sf.o)
 .data          0x000467f0        0x0 /home/roberto/altera/13.0sp1/nios2eds/bin/gnu/H-i686-pc-linux-gnu/bin/../lib/gcc/nios2-elf/4.1.2/mno-hw-mul/libgcc.a(_gt_sf.o)
 .data          0x000467f0        0x0 /home/roberto/altera/13.0sp1/nios2eds/bin/gnu/H-i686-pc-linux-gnu/bin/../lib/gcc/nios2-elf/4.1.2/mno-hw-mul/libgcc.a(_ge_sf.o)
 .data          0x000467f0        0x0 /home/roberto/altera/13.0sp1/nios2eds/bin/gnu/H-i686-pc-linux-gnu/bin/../lib/gcc/nios2-elf/4.1.2/mno-hw-mul/libgcc.a(_lt_sf.o)
 .data          0x000467f0        0x0 /home/roberto/altera/13.0sp1/nios2eds/bin/gnu/H-i686-pc-linux-gnu/bin/../lib/gcc/nios2-elf/4.1.2/mno-hw-mul/libgcc.a(_le_sf.o)
 .data          0x000467f0        0x0 /home/roberto/altera/13.0sp1/nios2eds/bin/gnu/H-i686-pc-linux-gnu/bin/../lib/gcc/nios2-elf/4.1.2/mno-hw-mul/libgcc.a(_si_to_sf.o)
 .data          0x000467f0        0x0 /home/roberto/altera/13.0sp1/nios2eds/bin/gnu/H-i686-pc-linux-gnu/bin/../lib/gcc/nios2-elf/4.1.2/mno-hw-mul/libgcc.a(_thenan_sf.o)
 .data          0x000467f0        0x0 /home/roberto/altera/13.0sp1/nios2eds/bin/gnu/H-i686-pc-linux-gnu/bin/../lib/gcc/nios2-elf/4.1.2/mno-hw-mul/libgcc.a(lib2-divmod.o)
 .data          0x000467f0        0x0 /home/roberto/altera/13.0sp1/nios2eds/bin/gnu/H-i686-pc-linux-gnu/bin/../lib/gcc/nios2-elf/4.1.2/mno-hw-mul/libgcc.a(lib2-mul.o)
 .data          0x000467f0        0x0 /home/roberto/altera/13.0sp1/nios2eds/bin/gnu/H-i686-pc-linux-gnu/bin/../lib/gcc/nios2-elf/4.1.2/mno-hw-mul/libgcc.a(unwind-sjlj.o)
 .data          0x000467f0        0x0 /home/roberto/altera/13.0sp1/nios2eds/bin/gnu/H-i686-pc-linux-gnu/bin/../lib/gcc/nios2-elf/4.1.2/mno-hw-mul/libgcc.a(_muldi3.o)
 .data          0x000467f0        0x0 /home/roberto/altera/13.0sp1/nios2eds/bin/gnu/H-i686-pc-linux-gnu/bin/../lib/gcc/nios2-elf/4.1.2/mno-hw-mul/libgcc.a(_clzsi2.o)
 .data          0x000467f0        0x0 /home/roberto/altera/13.0sp1/nios2eds/bin/gnu/H-i686-pc-linux-gnu/bin/../lib/gcc/nios2-elf/4.1.2/mno-hw-mul/libgcc.a(_pack_sf.o)
 .data          0x000467f0        0x0 /home/roberto/altera/13.0sp1/nios2eds/bin/gnu/H-i686-pc-linux-gnu/bin/../lib/gcc/nios2-elf/4.1.2/mno-hw-mul/libgcc.a(_unpack_sf.o)
 .data          0x000467f0        0x0 /home/roberto/altera/13.0sp1/nios2eds/bin/gnu/H-i686-pc-linux-gnu/bin/../lib/gcc/nios2-elf/4.1.2/mno-hw-mul/libgcc.a(_fpcmp_parts_sf.o)
 .data          0x000467f0        0x0 /home/roberto/altera/13.0sp1/nios2eds/bin/gnu/H-i686-pc-linux-gnu/bin/../lib/gcc/nios2-elf/4.1.2/mno-hw-mul/libgcc.a(_clz.o)
 .data          0x000467f0        0x0 /home/roberto/altera/13.0sp1/nios2eds/bin/gnu/H-i686-pc-linux-gnu/bin/../lib/gcc/nios2-elf/4.1.2/../../../../nios2-elf/lib/mno-hw-mul/libsmallc.a(lib_a-abort.o)
 .data          0x000467f0        0x0 /home/roberto/altera/13.0sp1/nios2eds/bin/gnu/H-i686-pc-linux-gnu/bin/../lib/gcc/nios2-elf/4.1.2/../../../../nios2-elf/lib/mno-hw-mul/libsmallc.a(lib_a-malloc.o)
 .data          0x000467f0      0x408 /home/roberto/altera/13.0sp1/nios2eds/bin/gnu/H-i686-pc-linux-gnu/bin/../lib/gcc/nios2-elf/4.1.2/../../../../nios2-elf/lib/mno-hw-mul/libsmallc.a(lib_a-mallocr.o)
                0x000467f0                __malloc_av_
 .data          0x00046bf8        0x0 /home/roberto/altera/13.0sp1/nios2eds/bin/gnu/H-i686-pc-linux-gnu/bin/../lib/gcc/nios2-elf/4.1.2/../../../../nios2-elf/lib/mno-hw-mul/libsmallc.a(lib_a-memset.o)
 .data          0x00046bf8        0x0 /home/roberto/altera/13.0sp1/nios2eds/bin/gnu/H-i686-pc-linux-gnu/bin/../lib/gcc/nios2-elf/4.1.2/../../../../nios2-elf/lib/mno-hw-mul/libsmallc.a(lib_a-sbrkr.o)
 .data          0x00046bf8        0x0 /home/roberto/altera/13.0sp1/nios2eds/bin/gnu/H-i686-pc-linux-gnu/bin/../lib/gcc/nios2-elf/4.1.2/../../../../nios2-elf/lib/mno-hw-mul/libsmallc.a(lib_a-signal.o)
 .data          0x00046bf8        0x0 /home/roberto/altera/13.0sp1/nios2eds/bin/gnu/H-i686-pc-linux-gnu/bin/../lib/gcc/nios2-elf/4.1.2/../../../../nios2-elf/lib/mno-hw-mul/libsmallc.a(lib_a-signalr.o)
 .data          0x00046bf8        0x0 /home/roberto/altera/13.0sp1/nios2eds/bin/gnu/H-i686-pc-linux-gnu/bin/../lib/gcc/nios2-elf/4.1.2/../../../../nios2-elf/lib/mno-hw-mul/libsmallc.a(lib_a-strcat.o)
 .data          0x00046bf8        0x0 /home/roberto/altera/13.0sp1/nios2eds/bin/gnu/H-i686-pc-linux-gnu/bin/../lib/gcc/nios2-elf/4.1.2/../../../../nios2-elf/lib/mno-hw-mul/libsmallc.a(lib_a-strlen.o)
 .data          0x00046bf8        0x0 /home/roberto/altera/13.0sp1/nios2eds/bin/gnu/H-i686-pc-linux-gnu/bin/../lib/gcc/nios2-elf/4.1.2/../../../../nios2-elf/lib/mno-hw-mul/libsmallc.a(lib_a-freer.o)
 .data          0x00046bf8       0xe0 /home/roberto/altera/13.0sp1/nios2eds/bin/gnu/H-i686-pc-linux-gnu/bin/../lib/gcc/nios2-elf/4.1.2/../../../../nios2-elf/lib/mno-hw-mul/libsmallc.a(lib_a-impure.o)
 .data          0x00046cd8        0x0 /home/roberto/altera/13.0sp1/nios2eds/bin/gnu/H-i686-pc-linux-gnu/bin/../lib/gcc/nios2-elf/4.1.2/../../../../nios2-elf/lib/mno-hw-mul/libsmallc.a(lib_a-int_errno.o)
 .data          0x00046cd8        0x0 ../application_bsp//libhal_bsp.a(alt_exit.o)
 .data          0x00046cd8        0x0 ../application_bsp//libhal_bsp.a(alt_getchar.o)
 .data          0x00046cd8        0x0 ../application_bsp//libhal_bsp.a(alt_getpid.o)
 .data          0x00046cd8        0x0 ../application_bsp//libhal_bsp.a(alt_kill.o)
 .data          0x00046cd8        0x0 ../application_bsp//libhal_bsp.a(alt_load.o)
 .data          0x00046cd8        0x0 ../application_bsp//libhal_bsp.a(alt_main.o)
 .data          0x00046cd8        0x0 ../application_bsp//libhal_bsp.a(alt_malloc_lock.o)
 .data          0x00046cd8        0x0 ../application_bsp//libhal_bsp.a(alt_printf.o)
 .data          0x00046cd8        0x0 ../application_bsp//libhal_bsp.a(alt_putchar.o)
 .data          0x00046cd8        0x0 ../application_bsp//libhal_bsp.a(alt_sbrk.o)
 .data          0x00046cd8        0x0 ../application_bsp//libhal_bsp.a(alt_sys_init.o)
 .data          0x00046cd8        0x0 ../application_bsp//libhal_bsp.a(altera_avalon_jtag_uart_read.o)
 .data          0x00046cd8        0x0 ../application_bsp//libhal_bsp.a(altera_avalon_jtag_uart_write.o)
 .data          0x00046cd8        0x0 ../application_bsp//libhal_bsp.a(altera_avalon_timer_vars.o)
 .data          0x00046cd8        0x0 ../application_bsp//libhal_bsp.a(alt_close.o)
 .data          0x00046cd8        0x0 ../application_bsp//libhal_bsp.a(alt_dcache_flush_all.o)
 .data          0x00046cd8      0x1a8 ../application_bsp//libhal_bsp.a(alt_dev.o)
                0x00046cd8                alt_dev_null
                0x00046d00                alt_fd_list
 .data          0x00046e80        0x0 ../application_bsp//libhal_bsp.a(alt_do_ctors.o)
 .data          0x00046e80        0x0 ../application_bsp//libhal_bsp.a(alt_do_dtors.o)
 .data          0x00046e80        0x0 ../application_bsp//libhal_bsp.a(alt_errno.o)
 .data          0x00046e80        0x0 ../application_bsp//libhal_bsp.a(alt_icache_flush_all.o)
 .data          0x00046e80        0x0 ../application_bsp//libhal_bsp.a(altera_nios2_qsys_irq.o)
 .data          0x00046e80        0x0 /home/roberto/altera/13.0sp1/nios2eds/bin/gnu/H-i686-pc-linux-gnu/bin/../lib/gcc/nios2-elf/4.1.2/../../../../nios2-elf/lib/mno-hw-mul/libsmallc.a(lib_a-atexit.o)
 .data          0x00046e80        0x0 /home/roberto/altera/13.0sp1/nios2eds/bin/gnu/H-i686-pc-linux-gnu/bin/../lib/gcc/nios2-elf/4.1.2/../../../../nios2-elf/lib/mno-hw-mul/libsmallc.a(lib_a-exit.o)
 .data          0x00046e80        0x0 /home/roberto/altera/13.0sp1/nios2eds/bin/gnu/H-i686-pc-linux-gnu/bin/../lib/gcc/nios2-elf/4.1.2/../../../../nios2-elf/lib/mno-hw-mul/libsmallc.a(lib_a-__atexit.o)
 .data          0x00046e80        0x0 /home/roberto/altera/13.0sp1/nios2eds/bin/gnu/H-i686-pc-linux-gnu/bin/../lib/gcc/nios2-elf/4.1.2/../../../../nios2-elf/lib/mno-hw-mul/libsmallc.a(lib_a-__call_atexit.o)
                0x0004ee80                _gp = ABSOLUTE ((. + 0x8000))
                0x0004ee80                PROVIDE (gp, _gp)
 *(.rwdata .rwdata.*)
 *(.sdata .sdata.* .gnu.linkonce.s.*)
 .sdata._ZTISt9exception
                0x00046e80        0x8 /home/roberto/altera/13.0sp1/nios2eds/bin/gnu/H-i686-pc-linux-gnu/bin/../lib/gcc/nios2-elf/4.1.2/../../../../nios2-elf/lib/mno-hw-mul/libstdc++.a(eh_exception.o)
                0x00046e80                _ZTISt9exception
 .sdata         0x00046e88        0x1 /home/roberto/altera/13.0sp1/nios2eds/bin/gnu/H-i686-pc-linux-gnu/bin/../lib/gcc/nios2-elf/4.1.2/../../../../nios2-elf/lib/mno-hw-mul/libstdc++.a(new_handler.o)
                0x00046e88                _ZSt7nothrow
 *fill*         0x00046e89        0x3 00
 .sdata         0x00046e8c        0x4 /home/roberto/altera/13.0sp1/nios2eds/bin/gnu/H-i686-pc-linux-gnu/bin/../lib/gcc/nios2-elf/4.1.2/../../../../nios2-elf/lib/mno-hw-mul/libstdc++.a(eh_term_handler.o)
                0x00046e8c                _ZN10__cxxabiv119__terminate_handlerE
 .sdata         0x00046e90        0x4 /home/roberto/altera/13.0sp1/nios2eds/bin/gnu/H-i686-pc-linux-gnu/bin/../lib/gcc/nios2-elf/4.1.2/../../../../nios2-elf/lib/mno-hw-mul/libstdc++.a(eh_unex_handler.o)
                0x00046e90                _ZN10__cxxabiv120__unexpected_handlerE
 .sdata._ZTISt9type_info
                0x00046e94        0x8 /home/roberto/altera/13.0sp1/nios2eds/bin/gnu/H-i686-pc-linux-gnu/bin/../lib/gcc/nios2-elf/4.1.2/../../../../nios2-elf/lib/mno-hw-mul/libstdc++.a(tinfo.o)
                0x00046e94                _ZTISt9type_info
 .sdata         0x00046e9c        0x8 /home/roberto/altera/13.0sp1/nios2eds/bin/gnu/H-i686-pc-linux-gnu/bin/../lib/gcc/nios2-elf/4.1.2/../../../../nios2-elf/lib/mno-hw-mul/libsmallc.a(lib_a-mallocr.o)
                0x00046e9c                __malloc_trim_threshold
                0x00046ea0                __malloc_sbrk_base
 .sdata         0x00046ea4        0x8 /home/roberto/altera/13.0sp1/nios2eds/bin/gnu/H-i686-pc-linux-gnu/bin/../lib/gcc/nios2-elf/4.1.2/../../../../nios2-elf/lib/mno-hw-mul/libsmallc.a(lib_a-impure.o)
                0x00046ea4                _impure_ptr
                0x00046ea8                _global_impure_ptr
 .sdata         0x00046eac        0x4 ../application_bsp//libhal_bsp.a(alt_sbrk.o)
 .sdata         0x00046eb0        0x8 ../application_bsp//libhal_bsp.a(alt_sys_init.o)
                0x00046eb0                jtag_uart_0
                0x00046eb4                esp8266
 .sdata         0x00046eb8       0x14 ../application_bsp//libhal_bsp.a(alt_dev.o)
                0x00046eb8                alt_fs_list
                0x00046ec0                alt_dev_list
                0x00046ec8                alt_max_fd
 .sdata         0x00046ecc        0x4 ../application_bsp//libhal_bsp.a(alt_errno.o)
                0x00046ecc                alt_errno
 *(.sdata2 .sdata2.* .gnu.linkonce.s2.*)
                0x00046ed0                . = ALIGN (0x4)
                0x00046ed0                _edata = ABSOLUTE (.)
                0x00046ed0                PROVIDE (edata, ABSOLUTE (.))
                0x00046ed0                PROVIDE (__ram_rwdata_end, ABSOLUTE (.))
                0x00046ed0                PROVIDE (__flash_rwdata_start, LOADADDR (.rwdata))

.bss            0x000475b0      0x914
                0x000475b0                __bss_start = ABSOLUTE (.)
                0x000475b0                PROVIDE (__sbss_start, ABSOLUTE (.))
                0x000475b0                PROVIDE (___sbss_start, ABSOLUTE (.))
 *(.dynsbss)
 *(.sbss .sbss.* .gnu.linkonce.sb.*)
 .sbss          0x000475b0        0x8 obj/default/libs/src/app.o
                0x000475b0                _ZN3App6motorsE
                0x000475b4                _ZN3App3fftE
 .sbss          0x000475b8        0x4 obj/default/libs/src/hal/fft.o
                0x000475b8                _ZN3FFT3fftE
 .sbss          0x000475bc        0x4 obj/default/libs/src/hal/motors.o
                0x000475bc                _ZN6Motors6motorsE
 .sbss          0x000475c0        0x4 obj/default/libs/src/hal/wifi.o
                0x000475c0                _ZN4WiFi4wifiE
 .sbss          0x000475c4        0x8 /home/roberto/altera/13.0sp1/nios2eds/bin/gnu/H-i686-pc-linux-gnu/bin/../lib/gcc/nios2-elf/4.1.2/../../../../nios2-elf/lib/mno-hw-mul/libstdc++.a(eh_globals.o)
 .sbss          0x000475cc        0x4 /home/roberto/altera/13.0sp1/nios2eds/bin/gnu/H-i686-pc-linux-gnu/bin/../lib/gcc/nios2-elf/4.1.2/../../../../nios2-elf/lib/mno-hw-mul/libstdc++.a(new_handler.o)
                0x000475cc                __new_handler
 .sbss          0x000475d0        0x4 /home/roberto/altera/13.0sp1/nios2eds/bin/gnu/H-i686-pc-linux-gnu/bin/../lib/gcc/nios2-elf/4.1.2/../../../../nios2-elf/lib/mno-hw-mul/libstdc++.a(eh_alloc.o)
 .sbss          0x000475d4        0x4 /home/roberto/altera/13.0sp1/nios2eds/bin/gnu/H-i686-pc-linux-gnu/bin/../lib/gcc/nios2-elf/4.1.2/mno-hw-mul/libgcc.a(unwind-sjlj.o)
 .sbss          0x000475d8        0xc /home/roberto/altera/13.0sp1/nios2eds/bin/gnu/H-i686-pc-linux-gnu/bin/../lib/gcc/nios2-elf/4.1.2/../../../../nios2-elf/lib/mno-hw-mul/libsmallc.a(lib_a-mallocr.o)
                0x000475d8                __malloc_top_pad
                0x000475dc                __malloc_max_sbrked_mem
                0x000475e0                __malloc_max_total_mem
 .sbss          0x000475e4        0x4 /home/roberto/altera/13.0sp1/nios2eds/bin/gnu/H-i686-pc-linux-gnu/bin/../lib/gcc/nios2-elf/4.1.2/../../../../nios2-elf/lib/mno-hw-mul/libsmallc.a(lib_a-int_errno.o)
                0x000475e4                errno
 .sbss          0x000475e8        0xc ../application_bsp//libhal_bsp.a(alt_main.o)
                0x000475e8                alt_argc
                0x000475ec                alt_argv
                0x000475f0                alt_envp
 .sbss          0x000475f4        0x8 ../application_bsp//libhal_bsp.a(altera_avalon_timer_vars.o)
                0x000475f4                altera_avalon_timer_ts_base
                0x000475f8                altera_avalon_timer_ts_freq
 *(.sbss2 .sbss2.* .gnu.linkonce.sb2.*)
 *(.scommon)
                0x000475fc                PROVIDE (__sbss_end, ABSOLUTE (.))
                0x000475fc                PROVIDE (___sbss_end, ABSOLUTE (.))
 *(.dynbss)
 *(.bss .bss.* .gnu.linkonce.b.*)
 .bss           0x000475fc        0x0 ../application_bsp//obj/HAL/src/crt0.o
 .bss           0x000475fc       0x14 obj/default/libs/src/app.o
                0x000475fc                _ZN3App6bufferE
 .bss           0x00047610        0x0 obj/default/libs/src/hal/fft.o
 .bss           0x00047610        0x0 obj/default/libs/src/hal/motors.o
 .bss           0x00047610        0x0 obj/default/libs/src/hal/wifi.o
 .bss           0x00047610        0x0 obj/default/test.o
 .bss           0x00047610        0x0 /home/roberto/altera/13.0sp1/nios2eds/bin/gnu/H-i686-pc-linux-gnu/bin/../lib/gcc/nios2-elf/4.1.2/../../../../nios2-elf/lib/mno-hw-mul/libstdc++.a(new_opv.o)
 .bss           0x00047610        0x0 /home/roberto/altera/13.0sp1/nios2eds/bin/gnu/H-i686-pc-linux-gnu/bin/../lib/gcc/nios2-elf/4.1.2/../../../../nios2-elf/lib/mno-hw-mul/libstdc++.a(del_op.o)
 .bss           0x00047610        0x0 /home/roberto/altera/13.0sp1/nios2eds/bin/gnu/H-i686-pc-linux-gnu/bin/../lib/gcc/nios2-elf/4.1.2/../../../../nios2-elf/lib/mno-hw-mul/libstdc++.a(eh_personality.o)
 .bss           0x00047610        0x0 /home/roberto/altera/13.0sp1/nios2eds/bin/gnu/H-i686-pc-linux-gnu/bin/../lib/gcc/nios2-elf/4.1.2/../../../../nios2-elf/lib/mno-hw-mul/libstdc++.a(eh_globals.o)
 .bss           0x00047610        0x0 /home/roberto/altera/13.0sp1/nios2eds/bin/gnu/H-i686-pc-linux-gnu/bin/../lib/gcc/nios2-elf/4.1.2/../../../../nios2-elf/lib/mno-hw-mul/libstdc++.a(eh_terminate.o)
 .bss           0x00047610        0x0 /home/roberto/altera/13.0sp1/nios2eds/bin/gnu/H-i686-pc-linux-gnu/bin/../lib/gcc/nios2-elf/4.1.2/../../../../nios2-elf/lib/mno-hw-mul/libstdc++.a(new_op.o)
 .bss           0x00047610        0x0 /home/roberto/altera/13.0sp1/nios2eds/bin/gnu/H-i686-pc-linux-gnu/bin/../lib/gcc/nios2-elf/4.1.2/../../../../nios2-elf/lib/mno-hw-mul/libstdc++.a(eh_call.o)
 .bss           0x00047610        0x0 /home/roberto/altera/13.0sp1/nios2eds/bin/gnu/H-i686-pc-linux-gnu/bin/../lib/gcc/nios2-elf/4.1.2/../../../../nios2-elf/lib/mno-hw-mul/libstdc++.a(eh_exception.o)
 .bss           0x00047610        0x0 /home/roberto/altera/13.0sp1/nios2eds/bin/gnu/H-i686-pc-linux-gnu/bin/../lib/gcc/nios2-elf/4.1.2/../../../../nios2-elf/lib/mno-hw-mul/libstdc++.a(new_handler.o)
 .bss           0x00047610      0x800 /home/roberto/altera/13.0sp1/nios2eds/bin/gnu/H-i686-pc-linux-gnu/bin/../lib/gcc/nios2-elf/4.1.2/../../../../nios2-elf/lib/mno-hw-mul/libstdc++.a(eh_alloc.o)
 .bss           0x00047e10        0x0 /home/roberto/altera/13.0sp1/nios2eds/bin/gnu/H-i686-pc-linux-gnu/bin/../lib/gcc/nios2-elf/4.1.2/../../../../nios2-elf/lib/mno-hw-mul/libstdc++.a(eh_throw.o)
 .bss           0x00047e10        0x0 /home/roberto/altera/13.0sp1/nios2eds/bin/gnu/H-i686-pc-linux-gnu/bin/../lib/gcc/nios2-elf/4.1.2/../../../../nios2-elf/lib/mno-hw-mul/libstdc++.a(eh_term_handler.o)
 .bss           0x00047e10        0x0 /home/roberto/altera/13.0sp1/nios2eds/bin/gnu/H-i686-pc-linux-gnu/bin/../lib/gcc/nios2-elf/4.1.2/../../../../nios2-elf/lib/mno-hw-mul/libstdc++.a(eh_catch.o)
 .bss           0x00047e10        0x0 /home/roberto/altera/13.0sp1/nios2eds/bin/gnu/H-i686-pc-linux-gnu/bin/../lib/gcc/nios2-elf/4.1.2/../../../../nios2-elf/lib/mno-hw-mul/libstdc++.a(eh_unex_handler.o)
 .bss           0x00047e10        0x0 /home/roberto/altera/13.0sp1/nios2eds/bin/gnu/H-i686-pc-linux-gnu/bin/../lib/gcc/nios2-elf/4.1.2/../../../../nios2-elf/lib/mno-hw-mul/libstdc++.a(class_type_info.o)
 .bss           0x00047e10        0x0 /home/roberto/altera/13.0sp1/nios2eds/bin/gnu/H-i686-pc-linux-gnu/bin/../lib/gcc/nios2-elf/4.1.2/../../../../nios2-elf/lib/mno-hw-mul/libstdc++.a(si_class_type_info.o)
 .bss           0x00047e10        0x0 /home/roberto/altera/13.0sp1/nios2eds/bin/gnu/H-i686-pc-linux-gnu/bin/../lib/gcc/nios2-elf/4.1.2/../../../../nios2-elf/lib/mno-hw-mul/libstdc++.a(tinfo.o)
 .bss           0x00047e10        0x0 /home/roberto/altera/13.0sp1/nios2eds/bin/gnu/H-i686-pc-linux-gnu/bin/../lib/gcc/nios2-elf/4.1.2/mno-hw-mul/libgcc.a(_addsub_sf.o)
 .bss           0x00047e10        0x0 /home/roberto/altera/13.0sp1/nios2eds/bin/gnu/H-i686-pc-linux-gnu/bin/../lib/gcc/nios2-elf/4.1.2/mno-hw-mul/libgcc.a(_mul_sf.o)
 .bss           0x00047e10        0x0 /home/roberto/altera/13.0sp1/nios2eds/bin/gnu/H-i686-pc-linux-gnu/bin/../lib/gcc/nios2-elf/4.1.2/mno-hw-mul/libgcc.a(_div_sf.o)
 .bss           0x00047e10        0x0 /home/roberto/altera/13.0sp1/nios2eds/bin/gnu/H-i686-pc-linux-gnu/bin/../lib/gcc/nios2-elf/4.1.2/mno-hw-mul/libgcc.a(_gt_sf.o)
 .bss           0x00047e10        0x0 /home/roberto/altera/13.0sp1/nios2eds/bin/gnu/H-i686-pc-linux-gnu/bin/../lib/gcc/nios2-elf/4.1.2/mno-hw-mul/libgcc.a(_ge_sf.o)
 .bss           0x00047e10        0x0 /home/roberto/altera/13.0sp1/nios2eds/bin/gnu/H-i686-pc-linux-gnu/bin/../lib/gcc/nios2-elf/4.1.2/mno-hw-mul/libgcc.a(_lt_sf.o)
 .bss           0x00047e10        0x0 /home/roberto/altera/13.0sp1/nios2eds/bin/gnu/H-i686-pc-linux-gnu/bin/../lib/gcc/nios2-elf/4.1.2/mno-hw-mul/libgcc.a(_le_sf.o)
 .bss           0x00047e10        0x0 /home/roberto/altera/13.0sp1/nios2eds/bin/gnu/H-i686-pc-linux-gnu/bin/../lib/gcc/nios2-elf/4.1.2/mno-hw-mul/libgcc.a(_si_to_sf.o)
 .bss           0x00047e10        0x0 /home/roberto/altera/13.0sp1/nios2eds/bin/gnu/H-i686-pc-linux-gnu/bin/../lib/gcc/nios2-elf/4.1.2/mno-hw-mul/libgcc.a(_thenan_sf.o)
 .bss           0x00047e10        0x0 /home/roberto/altera/13.0sp1/nios2eds/bin/gnu/H-i686-pc-linux-gnu/bin/../lib/gcc/nios2-elf/4.1.2/mno-hw-mul/libgcc.a(lib2-divmod.o)
 .bss           0x00047e10        0x0 /home/roberto/altera/13.0sp1/nios2eds/bin/gnu/H-i686-pc-linux-gnu/bin/../lib/gcc/nios2-elf/4.1.2/mno-hw-mul/libgcc.a(lib2-mul.o)
 .bss           0x00047e10        0x0 /home/roberto/altera/13.0sp1/nios2eds/bin/gnu/H-i686-pc-linux-gnu/bin/../lib/gcc/nios2-elf/4.1.2/mno-hw-mul/libgcc.a(unwind-sjlj.o)
 .bss           0x00047e10        0x0 /home/roberto/altera/13.0sp1/nios2eds/bin/gnu/H-i686-pc-linux-gnu/bin/../lib/gcc/nios2-elf/4.1.2/mno-hw-mul/libgcc.a(_muldi3.o)
 .bss           0x00047e10        0x0 /home/roberto/altera/13.0sp1/nios2eds/bin/gnu/H-i686-pc-linux-gnu/bin/../lib/gcc/nios2-elf/4.1.2/mno-hw-mul/libgcc.a(_clzsi2.o)
 .bss           0x00047e10        0x0 /home/roberto/altera/13.0sp1/nios2eds/bin/gnu/H-i686-pc-linux-gnu/bin/../lib/gcc/nios2-elf/4.1.2/mno-hw-mul/libgcc.a(_pack_sf.o)
 .bss           0x00047e10        0x0 /home/roberto/altera/13.0sp1/nios2eds/bin/gnu/H-i686-pc-linux-gnu/bin/../lib/gcc/nios2-elf/4.1.2/mno-hw-mul/libgcc.a(_unpack_sf.o)
 .bss           0x00047e10        0x0 /home/roberto/altera/13.0sp1/nios2eds/bin/gnu/H-i686-pc-linux-gnu/bin/../lib/gcc/nios2-elf/4.1.2/mno-hw-mul/libgcc.a(_fpcmp_parts_sf.o)
 .bss           0x00047e10        0x0 /home/roberto/altera/13.0sp1/nios2eds/bin/gnu/H-i686-pc-linux-gnu/bin/../lib/gcc/nios2-elf/4.1.2/mno-hw-mul/libgcc.a(_clz.o)
 .bss           0x00047e10        0x0 /home/roberto/altera/13.0sp1/nios2eds/bin/gnu/H-i686-pc-linux-gnu/bin/../lib/gcc/nios2-elf/4.1.2/../../../../nios2-elf/lib/mno-hw-mul/libsmallc.a(lib_a-abort.o)
 .bss           0x00047e10        0x0 /home/roberto/altera/13.0sp1/nios2eds/bin/gnu/H-i686-pc-linux-gnu/bin/../lib/gcc/nios2-elf/4.1.2/../../../../nios2-elf/lib/mno-hw-mul/libsmallc.a(lib_a-malloc.o)
 .bss           0x00047e10       0x28 /home/roberto/altera/13.0sp1/nios2eds/bin/gnu/H-i686-pc-linux-gnu/bin/../lib/gcc/nios2-elf/4.1.2/../../../../nios2-elf/lib/mno-hw-mul/libsmallc.a(lib_a-mallocr.o)
                0x00047e10                __malloc_current_mallinfo
 .bss           0x00047e38        0x0 /home/roberto/altera/13.0sp1/nios2eds/bin/gnu/H-i686-pc-linux-gnu/bin/../lib/gcc/nios2-elf/4.1.2/../../../../nios2-elf/lib/mno-hw-mul/libsmallc.a(lib_a-memset.o)
 .bss           0x00047e38        0x0 /home/roberto/altera/13.0sp1/nios2eds/bin/gnu/H-i686-pc-linux-gnu/bin/../lib/gcc/nios2-elf/4.1.2/../../../../nios2-elf/lib/mno-hw-mul/libsmallc.a(lib_a-sbrkr.o)
 .bss           0x00047e38        0x0 /home/roberto/altera/13.0sp1/nios2eds/bin/gnu/H-i686-pc-linux-gnu/bin/../lib/gcc/nios2-elf/4.1.2/../../../../nios2-elf/lib/mno-hw-mul/libsmallc.a(lib_a-signal.o)
 .bss           0x00047e38        0x0 /home/roberto/altera/13.0sp1/nios2eds/bin/gnu/H-i686-pc-linux-gnu/bin/../lib/gcc/nios2-elf/4.1.2/../../../../nios2-elf/lib/mno-hw-mul/libsmallc.a(lib_a-signalr.o)
 .bss           0x00047e38        0x0 /home/roberto/altera/13.0sp1/nios2eds/bin/gnu/H-i686-pc-linux-gnu/bin/../lib/gcc/nios2-elf/4.1.2/../../../../nios2-elf/lib/mno-hw-mul/libsmallc.a(lib_a-strcat.o)
 .bss           0x00047e38        0x0 /home/roberto/altera/13.0sp1/nios2eds/bin/gnu/H-i686-pc-linux-gnu/bin/../lib/gcc/nios2-elf/4.1.2/../../../../nios2-elf/lib/mno-hw-mul/libsmallc.a(lib_a-strlen.o)
 .bss           0x00047e38        0x0 /home/roberto/altera/13.0sp1/nios2eds/bin/gnu/H-i686-pc-linux-gnu/bin/../lib/gcc/nios2-elf/4.1.2/../../../../nios2-elf/lib/mno-hw-mul/libsmallc.a(lib_a-freer.o)
 .bss           0x00047e38        0x0 /home/roberto/altera/13.0sp1/nios2eds/bin/gnu/H-i686-pc-linux-gnu/bin/../lib/gcc/nios2-elf/4.1.2/../../../../nios2-elf/lib/mno-hw-mul/libsmallc.a(lib_a-impure.o)
 .bss           0x00047e38        0x0 /home/roberto/altera/13.0sp1/nios2eds/bin/gnu/H-i686-pc-linux-gnu/bin/../lib/gcc/nios2-elf/4.1.2/../../../../nios2-elf/lib/mno-hw-mul/libsmallc.a(lib_a-int_errno.o)
 .bss           0x00047e38        0x0 ../application_bsp//libhal_bsp.a(alt_exit.o)
 .bss           0x00047e38        0x0 ../application_bsp//libhal_bsp.a(alt_getchar.o)
 .bss           0x00047e38        0x0 ../application_bsp//libhal_bsp.a(alt_getpid.o)
 .bss           0x00047e38        0x0 ../application_bsp//libhal_bsp.a(alt_kill.o)
 .bss           0x00047e38        0x0 ../application_bsp//libhal_bsp.a(alt_load.o)
 .bss           0x00047e38        0x0 ../application_bsp//libhal_bsp.a(alt_main.o)
 .bss           0x00047e38        0x0 ../application_bsp//libhal_bsp.a(alt_malloc_lock.o)
 .bss           0x00047e38        0x0 ../application_bsp//libhal_bsp.a(alt_printf.o)
 .bss           0x00047e38        0x0 ../application_bsp//libhal_bsp.a(alt_putchar.o)
 .bss           0x00047e38        0x0 ../application_bsp//libhal_bsp.a(alt_sbrk.o)
 .bss           0x00047e38        0x0 ../application_bsp//libhal_bsp.a(alt_sys_init.o)
 .bss           0x00047e38        0x0 ../application_bsp//libhal_bsp.a(altera_avalon_jtag_uart_read.o)
 .bss           0x00047e38        0x0 ../application_bsp//libhal_bsp.a(altera_avalon_jtag_uart_write.o)
 .bss           0x00047e38        0x0 ../application_bsp//libhal_bsp.a(altera_avalon_timer_vars.o)
 .bss           0x00047e38        0x0 ../application_bsp//libhal_bsp.a(alt_close.o)
 .bss           0x00047e38        0x0 ../application_bsp//libhal_bsp.a(alt_dcache_flush_all.o)
 .bss           0x00047e38        0x0 ../application_bsp//libhal_bsp.a(alt_dev.o)
 .bss           0x00047e38        0x0 ../application_bsp//libhal_bsp.a(alt_do_ctors.o)
 .bss           0x00047e38        0x0 ../application_bsp//libhal_bsp.a(alt_do_dtors.o)
 .bss           0x00047e38        0x0 ../application_bsp//libhal_bsp.a(alt_errno.o)
 .bss           0x00047e38        0x0 ../application_bsp//libhal_bsp.a(alt_icache_flush_all.o)
 .bss           0x00047e38        0x0 ../application_bsp//libhal_bsp.a(altera_nios2_qsys_irq.o)
 .bss           0x00047e38        0x0 /home/roberto/altera/13.0sp1/nios2eds/bin/gnu/H-i686-pc-linux-gnu/bin/../lib/gcc/nios2-elf/4.1.2/../../../../nios2-elf/lib/mno-hw-mul/libsmallc.a(lib_a-atexit.o)
 .bss           0x00047e38        0x0 /home/roberto/altera/13.0sp1/nios2eds/bin/gnu/H-i686-pc-linux-gnu/bin/../lib/gcc/nios2-elf/4.1.2/../../../../nios2-elf/lib/mno-hw-mul/libsmallc.a(lib_a-exit.o)
 .bss           0x00047e38        0x0 /home/roberto/altera/13.0sp1/nios2eds/bin/gnu/H-i686-pc-linux-gnu/bin/../lib/gcc/nios2-elf/4.1.2/../../../../nios2-elf/lib/mno-hw-mul/libsmallc.a(lib_a-__atexit.o)
 .bss           0x00047e38        0x0 /home/roberto/altera/13.0sp1/nios2eds/bin/gnu/H-i686-pc-linux-gnu/bin/../lib/gcc/nios2-elf/4.1.2/../../../../nios2-elf/lib/mno-hw-mul/libsmallc.a(lib_a-__call_atexit.o)
 *(COMMON)
 COMMON         0x00047e38       0x8c /home/roberto/altera/13.0sp1/nios2eds/bin/gnu/H-i686-pc-linux-gnu/bin/../lib/gcc/nios2-elf/4.1.2/../../../../nios2-elf/lib/mno-hw-mul/libsmallc.a(lib_a-atexit.o)
                0x00047e38                _atexit0
                0x00047ec4                . = ALIGN (0x4)
                0x00047ec4                __bss_end = ABSOLUTE (.)

.onchip_memory2_0
                0x00047ec4        0x0
                0x00047ec4                PROVIDE (_alt_partition_onchip_memory2_0_start, ABSOLUTE (.))
 *(.onchip_memory2_0. onchip_memory2_0.*)
                0x00047ec4                . = ALIGN (0x4)
                0x00047ec4                PROVIDE (_alt_partition_onchip_memory2_0_end, ABSOLUTE (.))
                0x00047ec4                _end = ABSOLUTE (.)
                0x00047ec4                end = ABSOLUTE (.)
                0x00047ec4                __alt_stack_base = ABSOLUTE (.)
                0x00047ec4                PROVIDE (_alt_partition_onchip_memory2_0_load_addr, LOADADDR (.onchip_memory2_0))

.stab
 *(.stab)

.stabstr
 *(.stabstr)

.stab.excl
 *(.stab.excl)

.stab.exclstr
 *(.stab.exclstr)

.stab.index
 *(.stab.index)

.stab.indexstr
 *(.stab.indexstr)

.comment        0x00000000       0x26
 *(.comment)
 .comment       0x00000000       0x26 obj/default/libs/src/app.o
                                 0x27 (size before relaxing)
 .comment       0x00000000       0x27 obj/default/libs/src/hal/fft.o
 .comment       0x00000000       0x27 obj/default/libs/src/hal/motors.o
 .comment       0x00000000       0x27 obj/default/libs/src/hal/wifi.o
 .comment       0x00000000       0x27 obj/default/test.o
 .comment       0x00000000       0x27 /home/roberto/altera/13.0sp1/nios2eds/bin/gnu/H-i686-pc-linux-gnu/bin/../lib/gcc/nios2-elf/4.1.2/../../../../nios2-elf/lib/mno-hw-mul/libstdc++.a(new_opv.o)
 .comment       0x00000000       0x27 /home/roberto/altera/13.0sp1/nios2eds/bin/gnu/H-i686-pc-linux-gnu/bin/../lib/gcc/nios2-elf/4.1.2/../../../../nios2-elf/lib/mno-hw-mul/libstdc++.a(del_op.o)
 .comment       0x00000000       0x27 /home/roberto/altera/13.0sp1/nios2eds/bin/gnu/H-i686-pc-linux-gnu/bin/../lib/gcc/nios2-elf/4.1.2/../../../../nios2-elf/lib/mno-hw-mul/libstdc++.a(eh_personality.o)
 .comment       0x00000000       0x27 /home/roberto/altera/13.0sp1/nios2eds/bin/gnu/H-i686-pc-linux-gnu/bin/../lib/gcc/nios2-elf/4.1.2/../../../../nios2-elf/lib/mno-hw-mul/libstdc++.a(eh_globals.o)
 .comment       0x00000000       0x27 /home/roberto/altera/13.0sp1/nios2eds/bin/gnu/H-i686-pc-linux-gnu/bin/../lib/gcc/nios2-elf/4.1.2/../../../../nios2-elf/lib/mno-hw-mul/libstdc++.a(eh_terminate.o)
 .comment       0x00000000       0x27 /home/roberto/altera/13.0sp1/nios2eds/bin/gnu/H-i686-pc-linux-gnu/bin/../lib/gcc/nios2-elf/4.1.2/../../../../nios2-elf/lib/mno-hw-mul/libstdc++.a(new_op.o)
 .comment       0x00000000       0x27 /home/roberto/altera/13.0sp1/nios2eds/bin/gnu/H-i686-pc-linux-gnu/bin/../lib/gcc/nios2-elf/4.1.2/../../../../nios2-elf/lib/mno-hw-mul/libstdc++.a(eh_call.o)
 .comment       0x00000000       0x27 /home/roberto/altera/13.0sp1/nios2eds/bin/gnu/H-i686-pc-linux-gnu/bin/../lib/gcc/nios2-elf/4.1.2/../../../../nios2-elf/lib/mno-hw-mul/libstdc++.a(eh_exception.o)
 .comment       0x00000000       0x27 /home/roberto/altera/13.0sp1/nios2eds/bin/gnu/H-i686-pc-linux-gnu/bin/../lib/gcc/nios2-elf/4.1.2/../../../../nios2-elf/lib/mno-hw-mul/libstdc++.a(new_handler.o)
 .comment       0x00000000       0x27 /home/roberto/altera/13.0sp1/nios2eds/bin/gnu/H-i686-pc-linux-gnu/bin/../lib/gcc/nios2-elf/4.1.2/../../../../nios2-elf/lib/mno-hw-mul/libstdc++.a(eh_alloc.o)
 .comment       0x00000000       0x27 /home/roberto/altera/13.0sp1/nios2eds/bin/gnu/H-i686-pc-linux-gnu/bin/../lib/gcc/nios2-elf/4.1.2/../../../../nios2-elf/lib/mno-hw-mul/libstdc++.a(eh_throw.o)
 .comment       0x00000000       0x27 /home/roberto/altera/13.0sp1/nios2eds/bin/gnu/H-i686-pc-linux-gnu/bin/../lib/gcc/nios2-elf/4.1.2/../../../../nios2-elf/lib/mno-hw-mul/libstdc++.a(eh_term_handler.o)
 .comment       0x00000000       0x27 /home/roberto/altera/13.0sp1/nios2eds/bin/gnu/H-i686-pc-linux-gnu/bin/../lib/gcc/nios2-elf/4.1.2/../../../../nios2-elf/lib/mno-hw-mul/libstdc++.a(eh_catch.o)
 .comment       0x00000000       0x27 /home/roberto/altera/13.0sp1/nios2eds/bin/gnu/H-i686-pc-linux-gnu/bin/../lib/gcc/nios2-elf/4.1.2/../../../../nios2-elf/lib/mno-hw-mul/libstdc++.a(eh_unex_handler.o)
 .comment       0x00000000       0x27 /home/roberto/altera/13.0sp1/nios2eds/bin/gnu/H-i686-pc-linux-gnu/bin/../lib/gcc/nios2-elf/4.1.2/../../../../nios2-elf/lib/mno-hw-mul/libstdc++.a(class_type_info.o)
 .comment       0x00000000       0x27 /home/roberto/altera/13.0sp1/nios2eds/bin/gnu/H-i686-pc-linux-gnu/bin/../lib/gcc/nios2-elf/4.1.2/../../../../nios2-elf/lib/mno-hw-mul/libstdc++.a(si_class_type_info.o)
 .comment       0x00000000       0x27 /home/roberto/altera/13.0sp1/nios2eds/bin/gnu/H-i686-pc-linux-gnu/bin/../lib/gcc/nios2-elf/4.1.2/../../../../nios2-elf/lib/mno-hw-mul/libstdc++.a(tinfo.o)
 .comment       0x00000000       0x27 /home/roberto/altera/13.0sp1/nios2eds/bin/gnu/H-i686-pc-linux-gnu/bin/../lib/gcc/nios2-elf/4.1.2/mno-hw-mul/libgcc.a(_addsub_sf.o)
 .comment       0x00000000       0x27 /home/roberto/altera/13.0sp1/nios2eds/bin/gnu/H-i686-pc-linux-gnu/bin/../lib/gcc/nios2-elf/4.1.2/mno-hw-mul/libgcc.a(_mul_sf.o)
 .comment       0x00000000       0x27 /home/roberto/altera/13.0sp1/nios2eds/bin/gnu/H-i686-pc-linux-gnu/bin/../lib/gcc/nios2-elf/4.1.2/mno-hw-mul/libgcc.a(_div_sf.o)
 .comment       0x00000000       0x27 /home/roberto/altera/13.0sp1/nios2eds/bin/gnu/H-i686-pc-linux-gnu/bin/../lib/gcc/nios2-elf/4.1.2/mno-hw-mul/libgcc.a(_gt_sf.o)
 .comment       0x00000000       0x27 /home/roberto/altera/13.0sp1/nios2eds/bin/gnu/H-i686-pc-linux-gnu/bin/../lib/gcc/nios2-elf/4.1.2/mno-hw-mul/libgcc.a(_ge_sf.o)
 .comment       0x00000000       0x27 /home/roberto/altera/13.0sp1/nios2eds/bin/gnu/H-i686-pc-linux-gnu/bin/../lib/gcc/nios2-elf/4.1.2/mno-hw-mul/libgcc.a(_lt_sf.o)
 .comment       0x00000000       0x27 /home/roberto/altera/13.0sp1/nios2eds/bin/gnu/H-i686-pc-linux-gnu/bin/../lib/gcc/nios2-elf/4.1.2/mno-hw-mul/libgcc.a(_le_sf.o)
 .comment       0x00000000       0x27 /home/roberto/altera/13.0sp1/nios2eds/bin/gnu/H-i686-pc-linux-gnu/bin/../lib/gcc/nios2-elf/4.1.2/mno-hw-mul/libgcc.a(_si_to_sf.o)
 .comment       0x00000000       0x27 /home/roberto/altera/13.0sp1/nios2eds/bin/gnu/H-i686-pc-linux-gnu/bin/../lib/gcc/nios2-elf/4.1.2/mno-hw-mul/libgcc.a(_thenan_sf.o)
 .comment       0x00000000       0x27 /home/roberto/altera/13.0sp1/nios2eds/bin/gnu/H-i686-pc-linux-gnu/bin/../lib/gcc/nios2-elf/4.1.2/mno-hw-mul/libgcc.a(lib2-divmod.o)
 .comment       0x00000000       0x27 /home/roberto/altera/13.0sp1/nios2eds/bin/gnu/H-i686-pc-linux-gnu/bin/../lib/gcc/nios2-elf/4.1.2/mno-hw-mul/libgcc.a(lib2-mul.o)
 .comment       0x00000000       0x27 /home/roberto/altera/13.0sp1/nios2eds/bin/gnu/H-i686-pc-linux-gnu/bin/../lib/gcc/nios2-elf/4.1.2/mno-hw-mul/libgcc.a(unwind-sjlj.o)
 .comment       0x00000000       0x27 /home/roberto/altera/13.0sp1/nios2eds/bin/gnu/H-i686-pc-linux-gnu/bin/../lib/gcc/nios2-elf/4.1.2/mno-hw-mul/libgcc.a(_muldi3.o)
 .comment       0x00000000       0x27 /home/roberto/altera/13.0sp1/nios2eds/bin/gnu/H-i686-pc-linux-gnu/bin/../lib/gcc/nios2-elf/4.1.2/mno-hw-mul/libgcc.a(_clzsi2.o)
 .comment       0x00000000       0x27 /home/roberto/altera/13.0sp1/nios2eds/bin/gnu/H-i686-pc-linux-gnu/bin/../lib/gcc/nios2-elf/4.1.2/mno-hw-mul/libgcc.a(_pack_sf.o)
 .comment       0x00000000       0x27 /home/roberto/altera/13.0sp1/nios2eds/bin/gnu/H-i686-pc-linux-gnu/bin/../lib/gcc/nios2-elf/4.1.2/mno-hw-mul/libgcc.a(_unpack_sf.o)
 .comment       0x00000000       0x27 /home/roberto/altera/13.0sp1/nios2eds/bin/gnu/H-i686-pc-linux-gnu/bin/../lib/gcc/nios2-elf/4.1.2/mno-hw-mul/libgcc.a(_fpcmp_parts_sf.o)
 .comment       0x00000000       0x27 /home/roberto/altera/13.0sp1/nios2eds/bin/gnu/H-i686-pc-linux-gnu/bin/../lib/gcc/nios2-elf/4.1.2/mno-hw-mul/libgcc.a(_clz.o)
 .comment       0x00000000       0x27 /home/roberto/altera/13.0sp1/nios2eds/bin/gnu/H-i686-pc-linux-gnu/bin/../lib/gcc/nios2-elf/4.1.2/../../../../nios2-elf/lib/mno-hw-mul/libsmallc.a(lib_a-abort.o)
 .comment       0x00000000       0x27 /home/roberto/altera/13.0sp1/nios2eds/bin/gnu/H-i686-pc-linux-gnu/bin/../lib/gcc/nios2-elf/4.1.2/../../../../nios2-elf/lib/mno-hw-mul/libsmallc.a(lib_a-malloc.o)
 .comment       0x00000000       0x27 /home/roberto/altera/13.0sp1/nios2eds/bin/gnu/H-i686-pc-linux-gnu/bin/../lib/gcc/nios2-elf/4.1.2/../../../../nios2-elf/lib/mno-hw-mul/libsmallc.a(lib_a-mallocr.o)
 .comment       0x00000000       0x27 /home/roberto/altera/13.0sp1/nios2eds/bin/gnu/H-i686-pc-linux-gnu/bin/../lib/gcc/nios2-elf/4.1.2/../../../../nios2-elf/lib/mno-hw-mul/libsmallc.a(lib_a-memset.o)
 .comment       0x00000000       0x27 /home/roberto/altera/13.0sp1/nios2eds/bin/gnu/H-i686-pc-linux-gnu/bin/../lib/gcc/nios2-elf/4.1.2/../../../../nios2-elf/lib/mno-hw-mul/libsmallc.a(lib_a-sbrkr.o)
 .comment       0x00000000       0x27 /home/roberto/altera/13.0sp1/nios2eds/bin/gnu/H-i686-pc-linux-gnu/bin/../lib/gcc/nios2-elf/4.1.2/../../../../nios2-elf/lib/mno-hw-mul/libsmallc.a(lib_a-signal.o)
 .comment       0x00000000       0x27 /home/roberto/altera/13.0sp1/nios2eds/bin/gnu/H-i686-pc-linux-gnu/bin/../lib/gcc/nios2-elf/4.1.2/../../../../nios2-elf/lib/mno-hw-mul/libsmallc.a(lib_a-signalr.o)
 .comment       0x00000000       0x27 /home/roberto/altera/13.0sp1/nios2eds/bin/gnu/H-i686-pc-linux-gnu/bin/../lib/gcc/nios2-elf/4.1.2/../../../../nios2-elf/lib/mno-hw-mul/libsmallc.a(lib_a-strcat.o)
 .comment       0x00000000       0x27 /home/roberto/altera/13.0sp1/nios2eds/bin/gnu/H-i686-pc-linux-gnu/bin/../lib/gcc/nios2-elf/4.1.2/../../../../nios2-elf/lib/mno-hw-mul/libsmallc.a(lib_a-strlen.o)
 .comment       0x00000000       0x27 /home/roberto/altera/13.0sp1/nios2eds/bin/gnu/H-i686-pc-linux-gnu/bin/../lib/gcc/nios2-elf/4.1.2/../../../../nios2-elf/lib/mno-hw-mul/libsmallc.a(lib_a-freer.o)
 .comment       0x00000000       0x27 /home/roberto/altera/13.0sp1/nios2eds/bin/gnu/H-i686-pc-linux-gnu/bin/../lib/gcc/nios2-elf/4.1.2/../../../../nios2-elf/lib/mno-hw-mul/libsmallc.a(lib_a-impure.o)
 .comment       0x00000000       0x27 /home/roberto/altera/13.0sp1/nios2eds/bin/gnu/H-i686-pc-linux-gnu/bin/../lib/gcc/nios2-elf/4.1.2/../../../../nios2-elf/lib/mno-hw-mul/libsmallc.a(lib_a-int_errno.o)
 .comment       0x00000000       0x27 ../application_bsp//libhal_bsp.a(alt_exit.o)
 .comment       0x00000000       0x27 ../application_bsp//libhal_bsp.a(alt_getchar.o)
 .comment       0x00000000       0x27 ../application_bsp//libhal_bsp.a(alt_getpid.o)
 .comment       0x00000000       0x27 ../application_bsp//libhal_bsp.a(alt_kill.o)
 .comment       0x00000000       0x27 ../application_bsp//libhal_bsp.a(alt_load.o)
 .comment       0x00000000       0x27 ../application_bsp//libhal_bsp.a(alt_main.o)
 .comment       0x00000000       0x27 ../application_bsp//libhal_bsp.a(alt_malloc_lock.o)
 .comment       0x00000000       0x27 ../application_bsp//libhal_bsp.a(alt_printf.o)
 .comment       0x00000000       0x27 ../application_bsp//libhal_bsp.a(alt_putchar.o)
 .comment       0x00000000       0x27 ../application_bsp//libhal_bsp.a(alt_sbrk.o)
 .comment       0x00000000       0x27 ../application_bsp//libhal_bsp.a(alt_sys_init.o)
 .comment       0x00000000       0x27 ../application_bsp//libhal_bsp.a(altera_avalon_jtag_uart_read.o)
 .comment       0x00000000       0x27 ../application_bsp//libhal_bsp.a(altera_avalon_jtag_uart_write.o)
 .comment       0x00000000       0x27 ../application_bsp//libhal_bsp.a(altera_avalon_timer_vars.o)
 .comment       0x00000000       0x27 ../application_bsp//libhal_bsp.a(alt_close.o)
 .comment       0x00000000       0x27 ../application_bsp//libhal_bsp.a(alt_dcache_flush_all.o)
 .comment       0x00000000       0x27 ../application_bsp//libhal_bsp.a(alt_dev.o)
 .comment       0x00000000       0x27 ../application_bsp//libhal_bsp.a(alt_do_ctors.o)
 .comment       0x00000000       0x27 ../application_bsp//libhal_bsp.a(alt_do_dtors.o)
 .comment       0x00000000       0x27 ../application_bsp//libhal_bsp.a(alt_errno.o)
 .comment       0x00000000       0x27 ../application_bsp//libhal_bsp.a(alt_icache_flush_all.o)
 .comment       0x00000000       0x27 ../application_bsp//libhal_bsp.a(altera_nios2_qsys_irq.o)
 .comment       0x00000000       0x27 /home/roberto/altera/13.0sp1/nios2eds/bin/gnu/H-i686-pc-linux-gnu/bin/../lib/gcc/nios2-elf/4.1.2/../../../../nios2-elf/lib/mno-hw-mul/libsmallc.a(lib_a-atexit.o)
 .comment       0x00000000       0x27 /home/roberto/altera/13.0sp1/nios2eds/bin/gnu/H-i686-pc-linux-gnu/bin/../lib/gcc/nios2-elf/4.1.2/../../../../nios2-elf/lib/mno-hw-mul/libsmallc.a(lib_a-exit.o)
 .comment       0x00000000       0x27 /home/roberto/altera/13.0sp1/nios2eds/bin/gnu/H-i686-pc-linux-gnu/bin/../lib/gcc/nios2-elf/4.1.2/../../../../nios2-elf/lib/mno-hw-mul/libsmallc.a(lib_a-__atexit.o)
 .comment       0x00000000       0x27 /home/roberto/altera/13.0sp1/nios2eds/bin/gnu/H-i686-pc-linux-gnu/bin/../lib/gcc/nios2-elf/4.1.2/../../../../nios2-elf/lib/mno-hw-mul/libsmallc.a(lib_a-__call_atexit.o)

.debug
 *(.debug)

.line
 *(.line)

.debug_srcinfo
 *(.debug_srcinfo)

.debug_sfnames
 *(.debug_sfnames)

.debug_aranges  0x00000000      0x908
 *(.debug_aranges)
 .debug_aranges
                0x00000000       0x28 ../application_bsp//obj/HAL/src/crt0.o
 .debug_aranges
                0x00000028       0x40 obj/default/libs/src/app.o
 .debug_aranges
                0x00000068       0x20 obj/default/libs/src/hal/fft.o
 .debug_aranges
                0x00000088       0x20 obj/default/libs/src/hal/motors.o
 .debug_aranges
                0x000000a8       0x20 obj/default/libs/src/hal/wifi.o
 .debug_aranges
                0x000000c8       0x20 obj/default/test.o
 .debug_aranges
                0x000000e8       0x20 /home/roberto/altera/13.0sp1/nios2eds/bin/gnu/H-i686-pc-linux-gnu/bin/../lib/gcc/nios2-elf/4.1.2/../../../../nios2-elf/lib/mno-hw-mul/libstdc++.a(new_opv.o)
 .debug_aranges
                0x00000108       0x20 /home/roberto/altera/13.0sp1/nios2eds/bin/gnu/H-i686-pc-linux-gnu/bin/../lib/gcc/nios2-elf/4.1.2/../../../../nios2-elf/lib/mno-hw-mul/libstdc++.a(del_op.o)
 .debug_aranges
                0x00000128       0x20 /home/roberto/altera/13.0sp1/nios2eds/bin/gnu/H-i686-pc-linux-gnu/bin/../lib/gcc/nios2-elf/4.1.2/../../../../nios2-elf/lib/mno-hw-mul/libstdc++.a(eh_personality.o)
 .debug_aranges
                0x00000148       0x20 /home/roberto/altera/13.0sp1/nios2eds/bin/gnu/H-i686-pc-linux-gnu/bin/../lib/gcc/nios2-elf/4.1.2/../../../../nios2-elf/lib/mno-hw-mul/libstdc++.a(eh_globals.o)
 .debug_aranges
                0x00000168       0x20 /home/roberto/altera/13.0sp1/nios2eds/bin/gnu/H-i686-pc-linux-gnu/bin/../lib/gcc/nios2-elf/4.1.2/../../../../nios2-elf/lib/mno-hw-mul/libstdc++.a(eh_terminate.o)
 .debug_aranges
                0x00000188       0x20 /home/roberto/altera/13.0sp1/nios2eds/bin/gnu/H-i686-pc-linux-gnu/bin/../lib/gcc/nios2-elf/4.1.2/../../../../nios2-elf/lib/mno-hw-mul/libstdc++.a(new_op.o)
 .debug_aranges
                0x000001a8       0x20 /home/roberto/altera/13.0sp1/nios2eds/bin/gnu/H-i686-pc-linux-gnu/bin/../lib/gcc/nios2-elf/4.1.2/../../../../nios2-elf/lib/mno-hw-mul/libstdc++.a(eh_call.o)
 .debug_aranges
                0x000001c8       0x20 /home/roberto/altera/13.0sp1/nios2eds/bin/gnu/H-i686-pc-linux-gnu/bin/../lib/gcc/nios2-elf/4.1.2/../../../../nios2-elf/lib/mno-hw-mul/libstdc++.a(eh_exception.o)
 .debug_aranges
                0x000001e8       0x20 /home/roberto/altera/13.0sp1/nios2eds/bin/gnu/H-i686-pc-linux-gnu/bin/../lib/gcc/nios2-elf/4.1.2/../../../../nios2-elf/lib/mno-hw-mul/libstdc++.a(new_handler.o)
 .debug_aranges
                0x00000208       0x20 /home/roberto/altera/13.0sp1/nios2eds/bin/gnu/H-i686-pc-linux-gnu/bin/../lib/gcc/nios2-elf/4.1.2/../../../../nios2-elf/lib/mno-hw-mul/libstdc++.a(eh_alloc.o)
 .debug_aranges
                0x00000228       0x20 /home/roberto/altera/13.0sp1/nios2eds/bin/gnu/H-i686-pc-linux-gnu/bin/../lib/gcc/nios2-elf/4.1.2/../../../../nios2-elf/lib/mno-hw-mul/libstdc++.a(eh_throw.o)
 .debug_aranges
                0x00000248       0x20 /home/roberto/altera/13.0sp1/nios2eds/bin/gnu/H-i686-pc-linux-gnu/bin/../lib/gcc/nios2-elf/4.1.2/../../../../nios2-elf/lib/mno-hw-mul/libstdc++.a(eh_catch.o)
 .debug_aranges
                0x00000268       0x20 /home/roberto/altera/13.0sp1/nios2eds/bin/gnu/H-i686-pc-linux-gnu/bin/../lib/gcc/nios2-elf/4.1.2/../../../../nios2-elf/lib/mno-hw-mul/libstdc++.a(class_type_info.o)
 .debug_aranges
                0x00000288       0x20 /home/roberto/altera/13.0sp1/nios2eds/bin/gnu/H-i686-pc-linux-gnu/bin/../lib/gcc/nios2-elf/4.1.2/../../../../nios2-elf/lib/mno-hw-mul/libstdc++.a(si_class_type_info.o)
 .debug_aranges
                0x000002a8       0x20 /home/roberto/altera/13.0sp1/nios2eds/bin/gnu/H-i686-pc-linux-gnu/bin/../lib/gcc/nios2-elf/4.1.2/../../../../nios2-elf/lib/mno-hw-mul/libstdc++.a(tinfo.o)
 .debug_aranges
                0x000002c8       0x20 /home/roberto/altera/13.0sp1/nios2eds/bin/gnu/H-i686-pc-linux-gnu/bin/../lib/gcc/nios2-elf/4.1.2/mno-hw-mul/libgcc.a(_addsub_sf.o)
 .debug_aranges
                0x000002e8       0x20 /home/roberto/altera/13.0sp1/nios2eds/bin/gnu/H-i686-pc-linux-gnu/bin/../lib/gcc/nios2-elf/4.1.2/mno-hw-mul/libgcc.a(_mul_sf.o)
 .debug_aranges
                0x00000308       0x20 /home/roberto/altera/13.0sp1/nios2eds/bin/gnu/H-i686-pc-linux-gnu/bin/../lib/gcc/nios2-elf/4.1.2/mno-hw-mul/libgcc.a(_div_sf.o)
 .debug_aranges
                0x00000328       0x20 /home/roberto/altera/13.0sp1/nios2eds/bin/gnu/H-i686-pc-linux-gnu/bin/../lib/gcc/nios2-elf/4.1.2/mno-hw-mul/libgcc.a(_gt_sf.o)
 .debug_aranges
                0x00000348       0x20 /home/roberto/altera/13.0sp1/nios2eds/bin/gnu/H-i686-pc-linux-gnu/bin/../lib/gcc/nios2-elf/4.1.2/mno-hw-mul/libgcc.a(_ge_sf.o)
 .debug_aranges
                0x00000368       0x20 /home/roberto/altera/13.0sp1/nios2eds/bin/gnu/H-i686-pc-linux-gnu/bin/../lib/gcc/nios2-elf/4.1.2/mno-hw-mul/libgcc.a(_lt_sf.o)
 .debug_aranges
                0x00000388       0x20 /home/roberto/altera/13.0sp1/nios2eds/bin/gnu/H-i686-pc-linux-gnu/bin/../lib/gcc/nios2-elf/4.1.2/mno-hw-mul/libgcc.a(_le_sf.o)
 .debug_aranges
                0x000003a8       0x20 /home/roberto/altera/13.0sp1/nios2eds/bin/gnu/H-i686-pc-linux-gnu/bin/../lib/gcc/nios2-elf/4.1.2/mno-hw-mul/libgcc.a(_si_to_sf.o)
 .debug_aranges
                0x000003c8       0x20 /home/roberto/altera/13.0sp1/nios2eds/bin/gnu/H-i686-pc-linux-gnu/bin/../lib/gcc/nios2-elf/4.1.2/mno-hw-mul/libgcc.a(lib2-divmod.o)
 .debug_aranges
                0x000003e8       0x20 /home/roberto/altera/13.0sp1/nios2eds/bin/gnu/H-i686-pc-linux-gnu/bin/../lib/gcc/nios2-elf/4.1.2/mno-hw-mul/libgcc.a(lib2-mul.o)
 .debug_aranges
                0x00000408       0x20 /home/roberto/altera/13.0sp1/nios2eds/bin/gnu/H-i686-pc-linux-gnu/bin/../lib/gcc/nios2-elf/4.1.2/mno-hw-mul/libgcc.a(unwind-sjlj.o)
 .debug_aranges
                0x00000428       0x20 /home/roberto/altera/13.0sp1/nios2eds/bin/gnu/H-i686-pc-linux-gnu/bin/../lib/gcc/nios2-elf/4.1.2/mno-hw-mul/libgcc.a(_muldi3.o)
 .debug_aranges
                0x00000448       0x20 /home/roberto/altera/13.0sp1/nios2eds/bin/gnu/H-i686-pc-linux-gnu/bin/../lib/gcc/nios2-elf/4.1.2/mno-hw-mul/libgcc.a(_clzsi2.o)
 .debug_aranges
                0x00000468       0x20 /home/roberto/altera/13.0sp1/nios2eds/bin/gnu/H-i686-pc-linux-gnu/bin/../lib/gcc/nios2-elf/4.1.2/mno-hw-mul/libgcc.a(_pack_sf.o)
 .debug_aranges
                0x00000488       0x20 /home/roberto/altera/13.0sp1/nios2eds/bin/gnu/H-i686-pc-linux-gnu/bin/../lib/gcc/nios2-elf/4.1.2/mno-hw-mul/libgcc.a(_unpack_sf.o)
 .debug_aranges
                0x000004a8       0x20 /home/roberto/altera/13.0sp1/nios2eds/bin/gnu/H-i686-pc-linux-gnu/bin/../lib/gcc/nios2-elf/4.1.2/mno-hw-mul/libgcc.a(_fpcmp_parts_sf.o)
 .debug_aranges
                0x000004c8       0x20 /home/roberto/altera/13.0sp1/nios2eds/bin/gnu/H-i686-pc-linux-gnu/bin/../lib/gcc/nios2-elf/4.1.2/../../../../nios2-elf/lib/mno-hw-mul/libsmallc.a(lib_a-abort.o)
 .debug_aranges
                0x000004e8       0x20 /home/roberto/altera/13.0sp1/nios2eds/bin/gnu/H-i686-pc-linux-gnu/bin/../lib/gcc/nios2-elf/4.1.2/../../../../nios2-elf/lib/mno-hw-mul/libsmallc.a(lib_a-malloc.o)
 .debug_aranges
                0x00000508       0x20 /home/roberto/altera/13.0sp1/nios2eds/bin/gnu/H-i686-pc-linux-gnu/bin/../lib/gcc/nios2-elf/4.1.2/../../../../nios2-elf/lib/mno-hw-mul/libsmallc.a(lib_a-mallocr.o)
 .debug_aranges
                0x00000528       0x20 /home/roberto/altera/13.0sp1/nios2eds/bin/gnu/H-i686-pc-linux-gnu/bin/../lib/gcc/nios2-elf/4.1.2/../../../../nios2-elf/lib/mno-hw-mul/libsmallc.a(lib_a-memset.o)
 .debug_aranges
                0x00000548       0x20 /home/roberto/altera/13.0sp1/nios2eds/bin/gnu/H-i686-pc-linux-gnu/bin/../lib/gcc/nios2-elf/4.1.2/../../../../nios2-elf/lib/mno-hw-mul/libsmallc.a(lib_a-sbrkr.o)
 .debug_aranges
                0x00000568       0x20 /home/roberto/altera/13.0sp1/nios2eds/bin/gnu/H-i686-pc-linux-gnu/bin/../lib/gcc/nios2-elf/4.1.2/../../../../nios2-elf/lib/mno-hw-mul/libsmallc.a(lib_a-signal.o)
 .debug_aranges
                0x00000588       0x20 /home/roberto/altera/13.0sp1/nios2eds/bin/gnu/H-i686-pc-linux-gnu/bin/../lib/gcc/nios2-elf/4.1.2/../../../../nios2-elf/lib/mno-hw-mul/libsmallc.a(lib_a-signalr.o)
 .debug_aranges
                0x000005a8       0x20 /home/roberto/altera/13.0sp1/nios2eds/bin/gnu/H-i686-pc-linux-gnu/bin/../lib/gcc/nios2-elf/4.1.2/../../../../nios2-elf/lib/mno-hw-mul/libsmallc.a(lib_a-strcat.o)
 .debug_aranges
                0x000005c8       0x20 /home/roberto/altera/13.0sp1/nios2eds/bin/gnu/H-i686-pc-linux-gnu/bin/../lib/gcc/nios2-elf/4.1.2/../../../../nios2-elf/lib/mno-hw-mul/libsmallc.a(lib_a-strlen.o)
 .debug_aranges
                0x000005e8       0x20 /home/roberto/altera/13.0sp1/nios2eds/bin/gnu/H-i686-pc-linux-gnu/bin/../lib/gcc/nios2-elf/4.1.2/../../../../nios2-elf/lib/mno-hw-mul/libsmallc.a(lib_a-freer.o)
 .debug_aranges
                0x00000608       0x20 ../application_bsp//libhal_bsp.a(alt_exit.o)
 .debug_aranges
                0x00000628       0x20 ../application_bsp//libhal_bsp.a(alt_getchar.o)
 .debug_aranges
                0x00000648       0x20 ../application_bsp//libhal_bsp.a(alt_getpid.o)
 .debug_aranges
                0x00000668       0x20 ../application_bsp//libhal_bsp.a(alt_kill.o)
 .debug_aranges
                0x00000688       0x20 ../application_bsp//libhal_bsp.a(alt_load.o)
 .debug_aranges
                0x000006a8       0x20 ../application_bsp//libhal_bsp.a(alt_main.o)
 .debug_aranges
                0x000006c8       0x20 ../application_bsp//libhal_bsp.a(alt_malloc_lock.o)
 .debug_aranges
                0x000006e8       0x20 ../application_bsp//libhal_bsp.a(alt_printf.o)
 .debug_aranges
                0x00000708       0x20 ../application_bsp//libhal_bsp.a(alt_putchar.o)
 .debug_aranges
                0x00000728       0x20 ../application_bsp//libhal_bsp.a(alt_sbrk.o)
 .debug_aranges
                0x00000748       0x20 ../application_bsp//libhal_bsp.a(alt_sys_init.o)
 .debug_aranges
                0x00000768       0x20 ../application_bsp//libhal_bsp.a(altera_avalon_jtag_uart_read.o)
 .debug_aranges
                0x00000788       0x20 ../application_bsp//libhal_bsp.a(altera_avalon_jtag_uart_write.o)
 .debug_aranges
                0x000007a8       0x20 ../application_bsp//libhal_bsp.a(alt_close.o)
 .debug_aranges
                0x000007c8       0x20 ../application_bsp//libhal_bsp.a(alt_dcache_flush_all.o)
 .debug_aranges
                0x000007e8       0x20 ../application_bsp//libhal_bsp.a(alt_dev.o)
 .debug_aranges
                0x00000808       0x20 ../application_bsp//libhal_bsp.a(alt_do_ctors.o)
 .debug_aranges
                0x00000828       0x20 ../application_bsp//libhal_bsp.a(alt_do_dtors.o)
 .debug_aranges
                0x00000848       0x20 ../application_bsp//libhal_bsp.a(alt_icache_flush_all.o)
 .debug_aranges
                0x00000868       0x20 ../application_bsp//libhal_bsp.a(altera_nios2_qsys_irq.o)
 .debug_aranges
                0x00000888       0x20 /home/roberto/altera/13.0sp1/nios2eds/bin/gnu/H-i686-pc-linux-gnu/bin/../lib/gcc/nios2-elf/4.1.2/../../../../nios2-elf/lib/mno-hw-mul/libsmallc.a(lib_a-atexit.o)
 .debug_aranges
                0x000008a8       0x20 /home/roberto/altera/13.0sp1/nios2eds/bin/gnu/H-i686-pc-linux-gnu/bin/../lib/gcc/nios2-elf/4.1.2/../../../../nios2-elf/lib/mno-hw-mul/libsmallc.a(lib_a-exit.o)
 .debug_aranges
                0x000008c8       0x20 /home/roberto/altera/13.0sp1/nios2eds/bin/gnu/H-i686-pc-linux-gnu/bin/../lib/gcc/nios2-elf/4.1.2/../../../../nios2-elf/lib/mno-hw-mul/libsmallc.a(lib_a-__atexit.o)
 .debug_aranges
                0x000008e8       0x20 /home/roberto/altera/13.0sp1/nios2eds/bin/gnu/H-i686-pc-linux-gnu/bin/../lib/gcc/nios2-elf/4.1.2/../../../../nios2-elf/lib/mno-hw-mul/libsmallc.a(lib_a-__call_atexit.o)

.debug_pubnames
                0x00000000     0x182c
 *(.debug_pubnames)
 .debug_pubnames
                0x00000000      0x155 obj/default/libs/src/app.o
 .debug_pubnames
                0x00000155       0x88 obj/default/libs/src/hal/fft.o
 .debug_pubnames
                0x000001dd      0x14e obj/default/libs/src/hal/motors.o
 .debug_pubnames
                0x0000032b       0xee obj/default/libs/src/hal/wifi.o
 .debug_pubnames
                0x00000419       0x1b obj/default/test.o
 .debug_pubnames
                0x00000434       0x26 /home/roberto/altera/13.0sp1/nios2eds/bin/gnu/H-i686-pc-linux-gnu/bin/../lib/gcc/nios2-elf/4.1.2/../../../../nios2-elf/lib/mno-hw-mul/libstdc++.a(new_opv.o)
 .debug_pubnames
                0x0000045a       0x26 /home/roberto/altera/13.0sp1/nios2eds/bin/gnu/H-i686-pc-linux-gnu/bin/../lib/gcc/nios2-elf/4.1.2/../../../../nios2-elf/lib/mno-hw-mul/libstdc++.a(del_op.o)
 .debug_pubnames
                0x00000480       0x46 /home/roberto/altera/13.0sp1/nios2eds/bin/gnu/H-i686-pc-linux-gnu/bin/../lib/gcc/nios2-elf/4.1.2/../../../../nios2-elf/lib/mno-hw-mul/libstdc++.a(eh_personality.o)
 .debug_pubnames
                0x000004c6       0x43 /home/roberto/altera/13.0sp1/nios2eds/bin/gnu/H-i686-pc-linux-gnu/bin/../lib/gcc/nios2-elf/4.1.2/../../../../nios2-elf/lib/mno-hw-mul/libstdc++.a(eh_globals.o)
 .debug_pubnames
                0x00000509       0x75 /home/roberto/altera/13.0sp1/nios2eds/bin/gnu/H-i686-pc-linux-gnu/bin/../lib/gcc/nios2-elf/4.1.2/../../../../nios2-elf/lib/mno-hw-mul/libstdc++.a(eh_terminate.o)
 .debug_pubnames
                0x0000057e       0x23 /home/roberto/altera/13.0sp1/nios2eds/bin/gnu/H-i686-pc-linux-gnu/bin/../lib/gcc/nios2-elf/4.1.2/../../../../nios2-elf/lib/mno-hw-mul/libstdc++.a(new_op.o)
 .debug_pubnames