------------------------------------------------------------
TimeQuest Timing Analyzer Summary
------------------------------------------------------------

Type  : Slow Model Setup 'csi_csink_clock'
Slack : -6.411
TNS   : -3466.918

Type  : Slow Model Hold 'csi_csink_clock'
Slack : 0.391
TNS   : 0.000

Type  : Slow Model Recovery 'csi_csink_clock'
Slack : -5.887
TNS   : -921.820

Type  : Slow Model Removal 'csi_csink_clock'
Slack : 2.510
TNS   : 0.000

Type  : Slow Model Minimum Pulse Width 'csi_csink_clock'
Slack : -1.380
TNS   : -759.380

Type  : Fast Model Setup 'csi_csink_clock'
Slack : -2.464
TNS   : -1200.305

Type  : Fast Model Hold 'csi_csink_clock'
Slack : 0.215
TNS   : 0.000

Type  : Fast Model Recovery 'csi_csink_clock'
Slack : -2.203
TNS   : -341.640

Type  : Fast Model Removal 'csi_csink_clock'
Slack : 1.225
TNS   : 0.000

Type  : Fast Model Minimum Pulse Width 'csi_csink_clock'
Slack : -1.380
TNS   : -759.380

------------------------------------------------------------
