Archive member included because of file (symbol)

/home/roberto/altera/13.0sp1/nios2eds/bin/gnu/H-i686-pc-linux-gnu/bin/../lib/gcc/nios2-elf/4.1.2/../../../../nios2-elf/lib/mno-hw-mul/libstdc++.a(new_opv.o)
                              obj/default/libs/src/app.o (_Znam)
/home/roberto/altera/13.0sp1/nios2eds/bin/gnu/H-i686-pc-linux-gnu/bin/../lib/gcc/nios2-elf/4.1.2/../../../../nios2-elf/lib/mno-hw-mul/libstdc++.a(del_op.o)
                              obj/default/libs/src/hal/fft.o (_ZdlPv)
/home/roberto/altera/13.0sp1/nios2eds/bin/gnu/H-i686-pc-linux-gnu/bin/../lib/gcc/nios2-elf/4.1.2/../../../../nios2-elf/lib/mno-hw-mul/libstdc++.a(eh_personality.o)
                              obj/default/libs/src/hal/wifi.o (__gxx_personality_sj0)
/home/roberto/altera/13.0sp1/nios2eds/bin/gnu/H-i686-pc-linux-gnu/bin/../lib/gcc/nios2-elf/4.1.2/../../../../nios2-elf/lib/mno-hw-mul/libstdc++.a(eh_globals.o)
                              /home/roberto/altera/13.0sp1/nios2eds/bin/gnu/H-i686-pc-linux-gnu/bin/../lib/gcc/nios2-elf/4.1.2/../../../../nios2-elf/lib/mno-hw-mul/libstdc++.a(eh_personality.o) (__cxa_get_globals_fast)
/home/roberto/altera/13.0sp1/nios2eds/bin/gnu/H-i686-pc-linux-gnu/bin/../lib/gcc/nios2-elf/4.1.2/../../../../nios2-elf/lib/mno-hw-mul/libstdc++.a(eh_terminate.o)
                              /home/roberto/altera/13.0sp1/nios2eds/bin/gnu/H-i686-pc-linux-gnu/bin/../lib/gcc/nios2-elf/4.1.2/../../../../nios2-elf/lib/mno-hw-mul/libstdc++.a(eh_personality.o) (_ZN10__cxxabiv111__terminateEPFvvE)
/home/roberto/altera/13.0sp1/nios2eds/bin/gnu/H-i686-pc-linux-gnu/bin/../lib/gcc/nios2-elf/4.1.2/../../../../nios2-elf/lib/mno-hw-mul/libstdc++.a(new_op.o)
                              obj/default/libs/src/hal/fft.o (_Znwm)
/home/roberto/altera/13.0sp1/nios2eds/bin/gnu/H-i686-pc-linux-gnu/bin/../lib/gcc/nios2-elf/4.1.2/../../../../nios2-elf/lib/mno-hw-mul/libstdc++.a(eh_call.o)
                              /home/roberto/altera/13.0sp1/nios2eds/bin/gnu/H-i686-pc-linux-gnu/bin/../lib/gcc/nios2-elf/4.1.2/../../../../nios2-elf/lib/mno-hw-mul/libstdc++.a(eh_personality.o) (__cxa_call_terminate)
/home/roberto/altera/13.0sp1/nios2eds/bin/gnu/H-i686-pc-linux-gnu/bin/../lib/gcc/nios2-elf/4.1.2/../../../../nios2-elf/lib/mno-hw-mul/libstdc++.a(eh_exception.o)
                              /home/roberto/altera/13.0sp1/nios2eds/bin/gnu/H-i686-pc-linux-gnu/bin/../lib/gcc/nios2-elf/4.1.2/../../../../nios2-elf/lib/mno-hw-mul/libstdc++.a(eh_personality.o) (_ZTVSt13bad_exception)
/home/roberto/altera/13.0sp1/nios2eds/bin/gnu/H-i686-pc-linux-gnu/bin/../lib/gcc/nios2-elf/4.1.2/../../../../nios2-elf/lib/mno-hw-mul/libstdc++.a(new_handler.o)
                              /home/roberto/altera/13.0sp1/nios2eds/bin/gnu/H-i686-pc-linux-gnu/bin/../lib/gcc/nios2-elf/4.1.2/../../../../nios2-elf/lib/mno-hw-mul/libstdc++.a(new_op.o) (__new_handler)
/home/roberto/altera/13.0sp1/nios2eds/bin/gnu/H-i686-pc-linux-gnu/bin/../lib/gcc/nios2-elf/4.1.2/../../../../nios2-elf/lib/mno-hw-mul/libstdc++.a(eh_alloc.o)
                              /home/roberto/altera/13.0sp1/nios2eds/bin/gnu/H-i686-pc-linux-gnu/bin/../lib/gcc/nios2-elf/4.1.2/../../../../nios2-elf/lib/mno-hw-mul/libstdc++.a(eh_personality.o) (__cxa_allocate_exception)
/home/roberto/altera/13.0sp1/nios2eds/bin/gnu/H-i686-pc-linux-gnu/bin/../lib/gcc/nios2-elf/4.1.2/../../../../nios2-elf/lib/mno-hw-mul/libstdc++.a(eh_throw.o)
                              /home/roberto/altera/13.0sp1/nios2eds/bin/gnu/H-i686-pc-linux-gnu/bin/../lib/gcc/nios2-elf/4.1.2/../../../../nios2-elf/lib/mno-hw-mul/libstdc++.a(eh_personality.o) (__cxa_rethrow)
/home/roberto/altera/13.0sp1/nios2eds/bin/gnu/H-i686-pc-linux-gnu/bin/../lib/gcc/nios2-elf/4.1.2/../../../../nios2-elf/lib/mno-hw-mul/libstdc++.a(eh_term_handler.o)
                              /home/roberto/altera/13.0sp1/nios2eds/bin/gnu/H-i686-pc-linux-gnu/bin/../lib/gcc/nios2-elf/4.1.2/../../../../nios2-elf/lib/mno-hw-mul/libstdc++.a(eh_terminate.o) (_ZN10__cxxabiv119__terminate_handlerE)
/home/roberto/altera/13.0sp1/nios2eds/bin/gnu/H-i686-pc-linux-gnu/bin/../lib/gcc/nios2-elf/4.1.2/../../../../nios2-elf/lib/mno-hw-mul/libstdc++.a(eh_catch.o)
                              /home/roberto/altera/13.0sp1/nios2eds/bin/gnu/H-i686-pc-linux-gnu/bin/../lib/gcc/nios2-elf/4.1.2/../../../../nios2-elf/lib/mno-hw-mul/libstdc++.a(eh_personality.o) (__cxa_end_catch)
/home/roberto/altera/13.0sp1/nios2eds/bin/gnu/H-i686-pc-linux-gnu/bin/../lib/gcc/nios2-elf/4.1.2/../../../../nios2-elf/lib/mno-hw-mul/libstdc++.a(eh_unex_handler.o)
                              /home/roberto/altera/13.0sp1/nios2eds/bin/gnu/H-i686-pc-linux-gnu/bin/../lib/gcc/nios2-elf/4.1.2/../../../../nios2-elf/lib/mno-hw-mul/libstdc++.a(eh_terminate.o) (_ZN10__cxxabiv120__unexpected_handlerE)
/home/roberto/altera/13.0sp1/nios2eds/bin/gnu/H-i686-pc-linux-gnu/bin/../lib/gcc/nios2-elf/4.1.2/../../../../nios2-elf/lib/mno-hw-mul/libstdc++.a(class_type_info.o)
[...]
Memory Configuration

Name             Origin             Length             Attributes
onchip_memory2_0 0x00000000         0x00001000
reset            0x01000000         0x00000020
sdram            0x01000020         0x007fffe0
*default*        0x00000000         0xffffffff

Linker script and memory map

LOAD ../application_bsp//obj/HAL/src/crt0.o
LOAD obj/default/libs/src/app.o
LOAD obj/default/libs/src/hal/fft.o
LOAD obj/default/libs/src/hal/motors.o
LOAD obj/default/libs/src/hal/wifi.o
LOAD obj/default/test.o
LOAD /home/roberto/altera/13.0sp1/nios2eds/bin/gnu/H-i686-pc-linux-gnu/bin/../lib/gcc/nios2-elf/4.1.2/../../../../nios2-elf/lib/mno-hw-mul/libstdc++.a
LOAD /home/roberto/altera/13.0sp1/nios2eds/bin/gnu/H-i686-pc-linux-gnu/bin/../lib/gcc/nios2-elf/4.1.2/../../../../nios2-elf/lib/mno-hw-mul/libm.a
LOAD /home/roberto/altera/13.0sp1/nios2eds/bin/gnu/H-i686-pc-linux-gnu/bin/../lib/gcc/nios2-elf/4.1.2/mno-hw-mul/libgcc.a
START GROUP
LOAD /home/roberto/altera/13.0sp1/nios2eds/bin/gnu/H-i686-pc-linux-gnu/bin/../lib/gcc/nios2-elf/4.1.2/../../../../nios2-elf/lib/mno-hw-mul/libc.a
LOAD /home/roberto/altera/13.0sp1/nios2eds/bin/gnu/H-i686-pc-linux-gnu/bin/../lib/gcc/nios2-elf/4.1.2/mno-hw-mul/libgcc.a
LOAD ../application_bsp//libhal_bsp.a
END GROUP
LOAD /home/roberto/altera/13.0sp1/nios2eds/bin/gnu/H-i686-pc-linux-gnu/bin/../lib/gcc/nios2-elf/4.1.2/mno-hw-mul/libgcc.a
                0x00000000                __alt_mem_onchip_memory2_0 = 0x0
                0x01000000                __alt_mem_sdram = 0x1000000

.entry          0x01000000       0x20
 *(.entry)
 .entry         0x01000000       0x20 ../application_bsp//obj/HAL/src/crt0.o
                0x01000000                __reset

.exceptions     0x01000020      0x194
                0x01000020                PROVIDE (__ram_exceptions_start, ABSOLUTE (.))
                0x01000020                . = ALIGN (0x20)
 *(.irq)
 *(.exceptions.entry.label)
 .exceptions.entry.label
                0x01000020        0x0 ../application_bsp//libhal_bsp.a(alt_irq_entry.o)
                0x01000020                alt_irq_entry
 .exceptions.entry.label
                0x01000020        0x0 ../application_bsp//libhal_bsp.a(alt_exception_entry.o)
                0x01000020                alt_exception
 *(.exceptions.entry.user)
 *(.exceptions.entry)
 .exceptions.entry
                0x01000020       0x54 ../application_bsp//libhal_bsp.a(alt_exception_entry.o)
 *(.exceptions.irqtest.user)
 *(.exceptions.irqtest)
 .exceptions.irqtest
                0x01000074       0x10 ../application_bsp//libhal_bsp.a(alt_irq_entry.o)
 *(.exceptions.irqhandler.user)
 *(.exceptions.irqhandler)
 .exceptions.irqhandler
                0x01000084        0x4 ../application_bsp//libhal_bsp.a(alt_irq_entry.o)
 *(.exceptions.irqreturn.user)
 *(.exceptions.irqreturn)
 .exceptions.irqreturn
                0x01000088        0x4 ../application_bsp//libhal_bsp.a(alt_irq_entry.o)
 *(.exceptions.notirq.label)
 .exceptions.notirq.label
                0x0100008c        0x0 ../application_bsp//libhal_bsp.a(alt_irq_entry.o)
 *(.exceptions.notirq.user)
 *(.exceptions.notirq)
 .exceptions.notirq
                0x0100008c        0x8 ../application_bsp//libhal_bsp.a(alt_exception_entry.o)
 *(.exceptions.soft.user)
 *(.exceptions.soft)
 *(.exceptions.unknown.user)
 *(.exceptions.unknown)
 .exceptions.unknown
                0x01000094        0x4 ../application_bsp//libhal_bsp.a(alt_exception_entry.o)
 *(.exceptions.exit.label)
 .exceptions.exit.label
                0x01000098        0x0 ../application_bsp//libhal_bsp.a(alt_irq_entry.o)
 .exceptions.exit.label
                0x01000098        0x0 ../application_bsp//libhal_bsp.a(alt_exception_entry.o)
 *(.exceptions.exit.user)
 *(.exceptions.exit)
 .exceptions.exit
                0x01000098       0x54 ../application_bsp//libhal_bsp.a(alt_exception_entry.o)
 *(.exceptions)
 .exceptions    0x010000ec       0xc8 ../application_bsp//libhal_bsp.a(alt_irq_handler.o)
                0x010000ec                alt_irq_handler
                0x010001b4                PROVIDE (__ram_exceptions_end, ABSOLUTE (.))
                0x01000020                PROVIDE (__flash_exceptions_start, LOADADDR (.exceptions))

.text           0x010001b4    0x115ac
                0x010001b4                PROVIDE (stext, ABSOLUTE (.))
 *(.interp)
 *(.hash)
 *(.dynsym)
 *(.dynstr)
 *(.gnu.version)
 *(.gnu.version_d)
 *(.gnu.version_r)
 *(.rel.init)
 *(.rela.init)
 *(.rel.text .rel.text.* .rel.gnu.linkonce.t.*)
 *(.rela.text .rela.text.* .rela.gnu.linkonce.t.*)
 *(.rel.fini)
 *(.rela.fini)
 *(.rel.rodata .rel.rodata.* .rel.gnu.linkonce.r.*)
 *(.rela.rodata .rela.rodata.* .rela.gnu.linkonce.r.*)
 *(.rel.data .rel.data.* .rel.gnu.linkonce.d.*)
 *(.rela.data .rela.data.* .rela.gnu.linkonce.d.*)
 *(.rel.tdata .rel.tdata.* .rel.gnu.linkonce.td.*)
 *(.rela.tdata .rela.tdata.* .rela.gnu.linkonce.td.*)
 *(.rel.tbss .rel.tbss.* .rel.gnu.linkonce.tb.*)
 *(.rela.tbss .rela.tbss.* .rela.gnu.linkonce.tb.*)
 *(.rel.ctors)
 *(.rela.ctors)
 *(.rel.dtors)
 *(.rela.dtors)
 *(.rel.got)
 *(.rela.got)
 *(.rel.sdata .rel.sdata.* .rel.gnu.linkonce.s.*)
 *(.rela.sdata .rela.sdata.* .rela.gnu.linkonce.s.*)
 *(.rel.sbss .rel.sbss.* .rel.gnu.linkonce.sb.*)
 *(.rela.sbss .rela.sbss.* .rela.gnu.linkonce.sb.*)
 *(.rel.sdata2 .rel.sdata2.* .rel.gnu.linkonce.s2.*)
 *(.rela.sdata2 .rela.sdata2.* .rela.gnu.linkonce.s2.*)
 *(.rel.sbss2 .rel.sbss2.* .rel.gnu.linkonce.sb2.*)
 *(.rela.sbss2 .rela.sbss2.* .rela.gnu.linkonce.sb2.*)
 *(.rel.bss .rel.bss.* .rel.gnu.linkonce.b.*)
 *(.rela.bss .rela.bss.* .rela.gnu.linkonce.b.*)
 *(.rel.plt)
 *(.rela.plt)
 *(.rel.dyn)
 *(.init)
 *(.plt)
 *(.text .stub .text.* .gnu.linkonce.t.*)
 .text          0x010001b4       0x3c ../application_bsp//obj/HAL/src/crt0.o
                0x010001b4                _start
 .text          0x010001f0      0x5bc obj/default/libs/src/app.o
                0x01000280                _ZN3App12writeCompassEh
                0x01000334                _ZN3App14writeGyroscopeEii
                0x01000390                _ZN3App3runEv
                0x010005dc                _ZN3App10fftHandlerEj
                0x01000678                _ZN3App5setupEv
                0x010006d4                _ZN3AppD1Ev
                0x01000708                _ZN3AppD2Ev
                0x0100073c                _ZN3AppC1Ev
                0x01000774                _ZN3AppC2Ev
 .text._ZN3App6Buffer3popEv
                0x010007ac       0xe8 obj/default/libs/src/app.o
                0x010007ac                _ZN3App6Buffer3popEv
 .text._ZN3App6Buffer6lengthEv
                0x01000894       0x28 obj/default/libs/src/app.o
                0x01000894                _ZN3App6Buffer6lengthEv
 .text._ZN3App6BufferC1Ev
                0x010008bc       0x74 obj/default/libs/src/app.o
                0x010008bc                _ZN3App6BufferC1Ev
 .text          0x01000930      0x1c4 obj/default/libs/src/hal/fft.o
                0x01000930                _ZN3FFTC2Ev
                0x01000958                _ZN3FFTC1Ev
                0x01000980                _ZN3FFTD2Ev
                0x010009a0                _ZN3FFTD1Ev
                0x010009c0                _ZN3FFT19setInterruptHandlerEPFvjE
                0x010009f0                _ZN3FFT4readEv
                0x01000a1c                _ZN3FFT12isProcessingEv
                0x01000a48                _ZN3FFT5writeEPh
                0x01000aa0                _ZN3FFT12getSingletonEv
 .text          0x01000af4      0x334 obj/default/libs/src/hal/motors.o
                0x01000af4                _ZN6MotorsD2Ev
                0x01000b14                _ZN6MotorsD1Ev
                0x01000b34                _ZN6Motors5writeEjjjj
                0x01000b94                _ZN6Motors11write_delayEjjj
                0x01000be4                _ZN6Motors15write_variationEjjj
                0x01000c34                _ZN6Motors11write_powerEjjj
                0x01000c84                _ZN6Motors5writeEj
                0x01000cb8                _ZN6Motors18write_to_next_lineEv
                0x01000cf8                _ZN6Motors21write_to_next_collummEv
                0x01000d38                _ZN6MotorsC2Ev
                0x01000d70                _ZN6MotorsC1Ev
                0x01000da8                _ZN6Motors4readEv
                0x01000dd4                _ZN6Motors12getSingletonEv
 .text          0x01000e28      0x7d0 obj/default/libs/src/hal/wifi.o
                0x01000e28                _ZN4WiFi5writeEPci
                0x01000e70                _ZN4WiFi15sendInstructionEPc
                0x01000eec                _ZN4WiFi10stopServerEv
                0x01000f9c                _ZN4WiFiC1Ev
                0x01001000                _ZN4WiFiC2Ev
                0x01001064                _ZN4WiFi11startServerEv
                0x010010e0                _ZN4WiFi7receiveEPhPj
                0x010012b0                _ZN4WiFi6configEPcS0_
                0x0100146c                _ZN4WiFi12getSingletonEv
                0x01001590                _ZN4WiFiD1Ev
                0x010015c4                _ZN4WiFiD2Ev
 .text          0x010015f8       0xd8 obj/default/test.o
                0x010015f8                main
 .text          0x010016d0       0xa0 /home/roberto/altera/13.0sp1/nios2eds/bin/gnu/H-i686-pc-linux-gnu/bin/../lib/gcc/nios2-elf/4.1.2/../../../../nios2-elf/lib/mno-hw-mul/libstdc++.a(new_opv.o)
                0x010016d0                _Znam
 .text          0x01001770        0xc /home/roberto/altera/13.0sp1/nios2eds/bin/gnu/H-i686-pc-linux-gnu/bin/../lib/gcc/nios2-elf/4.1.2/../../../../nios2-elf/lib/mno-hw-mul/libstdc++.a(del_op.o)
                0x01001770                _ZdlPv
 .text          0x0100177c      0xbec /home/roberto/altera/13.0sp1/nios2eds/bin/gnu/H-i686-pc-linux-gnu/bin/../lib/gcc/nios2-elf/4.1.2/../../../../nios2-elf/lib/mno-hw-mul/libstdc++.a(eh_personality.o)
                0x01001d08                __cxa_call_unexpected
                0x01001e88                __gxx_personality_sj0
 .text          0x01002368       0x10 /home/roberto/altera/13.0sp1/nios2eds/bin/gnu/H-i686-pc-linux-gnu/bin/../lib/gcc/nios2-elf/4.1.2/../../../../nios2-elf/lib/mno-hw-mul/libstdc++.a(eh_globals.o)
                0x01002368                __cxa_get_globals_fast
                0x01002370                __cxa_get_globals
 .text          0x01002378      0x10c /home/roberto/altera/13.0sp1/nios2eds/bin/gnu/H-i686-pc-linux-gnu/bin/../lib/gcc/nios2-elf/4.1.2/../../../../nios2-elf/lib/mno-hw-mul/libstdc++.a(eh_terminate.o)
                0x01002378                _ZSt13set_terminatePFvvE
                0x0100238c                _ZSt14set_unexpectedPFvvE
                0x010023a0                _ZN10__cxxabiv111__terminateEPFvvE
                0x01002444                _ZSt9terminatev
                0x0100245c                _ZN10__cxxabiv112__unexpectedEPFvvE
                0x0100246c                _ZSt10unexpectedv
 .text          0x01002484      0x100 /home/roberto/altera/13.0sp1/nios2eds/bin/gnu/H-i686-pc-linux-gnu/bin/../lib/gcc/nios2-elf/4.1.2/../../../../nios2-elf/lib/mno-hw-mul/libstdc++.a(new_op.o)
                0x01002484                _Znwm
 .text          0x01002584       0x44 /home/roberto/altera/13.0sp1/nios2eds/bin/gnu/H-i686-pc-linux-gnu/bin/../lib/gcc/nios2-elf/4.1.2/../../../../nios2-elf/lib/mno-hw-mul/libstdc++.a(eh_call.o)
                0x01002584                __cxa_call_terminate
 .text          0x010025c8       0x94 /home/roberto/altera/13.0sp1/nios2eds/bin/gnu/H-i686-pc-linux-gnu/bin/../lib/gcc/nios2-elf/4.1.2/../../../../nios2-elf/lib/mno-hw-mul/libstdc++.a(eh_exception.o)
                0x010025c8                _ZNKSt9exception4whatEv
                0x010025d8                _ZNSt9exceptionD0Ev
                0x010025e8                _ZNSt9exceptionD1Ev
                0x010025f8                _ZNSt9exceptionD2Ev
                0x01002608                _ZNSt13bad_exceptionD0Ev
                0x0100263c                _ZNSt13bad_exceptionD1Ev
                0x0100264c                _ZNSt13bad_exceptionD2Ev
 .text          0x0100265c       0x60 /home/roberto/altera/13.0sp1/nios2eds/bin/gnu/H-i686-pc-linux-gnu/bin/../lib/gcc/nios2-elf/4.1.2/../../../../nios2-elf/lib/mno-hw-mul/libstdc++.a(new_handler.o)
                0x0100265c                _ZSt15set_new_handlerPFvvE
                0x01002668                _ZNSt9bad_allocD0Ev
                0x0100269c                _ZNSt9bad_allocD1Ev
                0x010026ac                _ZNSt9bad_allocD2Ev
 .text          0x010026bc      0x174 /home/roberto/altera/13.0sp1/nios2eds/bin/gnu/H-i686-pc-linux-gnu/bin/../lib/gcc/nios2-elf/4.1.2/../../../../nios2-elf/lib/mno-hw-mul/libstdc++.a(eh_alloc.o)
                0x010026bc                __cxa_free_exception
                0x010026fc                __cxa_allocate_exception
 .text          0x01002830      0x148 /home/roberto/altera/13.0sp1/nios2eds/bin/gnu/H-i686-pc-linux-gnu/bin/../lib/gcc/nios2-elf/4.1.2/../../../../nios2-elf/lib/mno-hw-mul/libstdc++.a(eh_throw.o)
                0x01002830                __cxa_rethrow
                0x010028a4                __cxa_throw
 .text          0x01002978        0x0 /home/roberto/altera/13.0sp1/nios2eds/bin/gnu/H-i686-pc-linux-gnu/bin/../lib/gcc/nios2-elf/4.1.2/../../../../nios2-elf/lib/mno-hw-mul/libstdc++.a(eh_term_handler.o)
 .text          0x01002978      0x1e4 /home/roberto/altera/13.0sp1/nios2eds/bin/gnu/H-i686-pc-linux-gnu/bin/../lib/gcc/nios2-elf/4.1.2/../../../../nios2-elf/lib/mno-hw-mul/libstdc++.a(eh_catch.o)
                0x01002978                __cxa_get_exception_ptr
                0x01002980                _ZSt18uncaught_exceptionv
                0x010029a0                __cxa_end_catch
                0x01002a44                __cxa_begin_catch
 .text          0x01002b5c        0x0 /home/roberto/altera/13.0sp1/nios2eds/bin/gnu/H-i686-pc-linux-gnu/bin/../lib/gcc/nios2-elf/4.1.2/../../../../nios2-elf/lib/mno-hw-mul/libstdc++.a(eh_unex_handler.o)
 .text          0x01002b5c      0x1bc /home/roberto/altera/13.0sp1/nios2eds/bin/gnu/H-i686-pc-linux-gnu/bin/../lib/gcc/nios2-elf/4.1.2/../../../../nios2-elf/lib/mno-hw-mul/libstdc++.a(class_type_info.o)
                0x01002b5c                _ZNK10__cxxabiv117__class_type_info11__do_upcastEPKS0_PPv
                0x01002bc8                _ZNK10__cxxabiv117__class_type_info20__do_find_public_srcElPKvPKS0_S2_
                0x01002be8                _ZN10__cxxabiv117__class_type_infoD0Ev
                0x01002c1c                _ZN10__cxxabiv117__class_type_infoD1Ev
                0x01002c2c                _ZN10__cxxabiv117__class_type_infoD2Ev
                0x01002c3c                _ZNK10__cxxabiv117__class_type_info10__do_catchEPKSt9type_infoPPvj
                0x01002c9c                _ZNK10__cxxabiv117__class_type_info11__do_upcastEPKS0_PKvRNS0_15__upcast_resultE
                0x01002ccc                _ZNK10__cxxabiv117__class_type_info12__do_dyncastElNS0_10__sub_kindEPKS0_PKvS3_S5_RNS0_16__dyncast_resultE
 .text          0x01002d18      0x1c8 /home/roberto/altera/13.0sp1/nios2eds/bin/gnu/H-i686-pc-linux-gnu/bin/../lib/gcc/nios2-elf/4.1.2/../../../../nios2-elf/lib/mno-hw-mul/libstdc++.a(si_class_type_info.o)
                0x01002d18                _ZNK10__cxxabiv120__si_class_type_info11__do_upcastEPKNS_17__class_type_infoEPKvRNS1_15__upcast_resultE
                0x01002d90                _ZN10__cxxabiv120__si_class_type_infoD0Ev
                0x01002dc4                _ZN10__cxxabiv120__si_class_type_infoD1Ev
                0x01002dd4                _ZN10__cxxabiv120__si_class_type_infoD2Ev
                0x01002de4                _ZNK10__cxxabiv120__si_class_type_info20__do_find_public_srcElPKvPKNS_17__class_type_infoES2_
                0x01002e18                _ZNK10__cxxabiv120__si_class_type_info12__do_dyncastElNS_17__class_type_info10__sub_kindEPKS1_PKvS4_S6_RNS1_16__dyncast_resultE
 .text          0x01002ee0       0x58 /home/roberto/altera/13.0sp1/nios2eds/bin/gnu/H-i686-pc-linux-gnu/bin/../lib/gcc/nios2-elf/4.1.2/../../../../nios2-elf/lib/mno-hw-mul/libstdc++.a(tinfo.o)
                0x01002ee0                _ZNKSt9type_info14__is_pointer_pEv
                0x01002ee8                _ZNKSt9type_info15__is_function_pEv
                0x01002ef0                _ZNKSt9type_info10__do_catchEPKS_PPvj
                0x01002f00                _ZNKSt9type_info11__do_upcastEPKN10__cxxabiv117__class_type_infoEPPv
                0x01002f08                _ZNSt9type_infoD0Ev
                0x01002f18                _ZNSt9type_infoD1Ev
                0x01002f28                _ZNSt9type_infoD2Ev
 .text          0x01002f38       0x38 /home/roberto/altera/13.0sp1/nios2eds/bin/gnu/H-i686-pc-linux-gnu/bin/../lib/gcc/nios2-elf/4.1.2/mno-hw-mul/libgcc.a(lib2-mul.o)
                0x01002f38                __mulsi3
 .text          0x01002f70      0x548 /home/roberto/altera/13.0sp1/nios2eds/bin/gnu/H-i686-pc-linux-gnu/bin/../lib/gcc/nios2-elf/4.1.2/mno-hw-mul/libgcc.a(unwind-sjlj.o)
                0x01002f70                _Unwind_SjLj_Register
                0x01002f80                _Unwind_SjLj_Unregister
                0x01002f8c                _Unwind_GetGR
                0x01002fa4                _Unwind_GetCFA
                0x01002fb8                _Unwind_SetGR
                0x01002fd0                _Unwind_GetIP
                0x01002fe0                _Unwind_GetIPInfo
                0x01002ff4                _Unwind_SetIP
                0x01003004                _Unwind_GetLanguageSpecificData
                0x01003010                _Unwind_GetRegionStart
                0x01003018                _Unwind_FindEnclosingFunction
                0x01003020                _Unwind_GetDataRelBase
                0x01003028                _Unwind_GetTextRelBase
                0x01003130                _Unwind_DeleteException
                0x0100323c                _Unwind_SjLj_Resume
                0x01003298                _Unwind_SjLj_RaiseException
                0x01003390                _Unwind_SjLj_ForcedUnwind
                0x010033e0                _Unwind_Backtrace
                0x01003460                _Unwind_SjLj_Resume_or_Rethrow
 .text          0x010034b8       0x18 /home/roberto/altera/13.0sp1/nios2eds/bin/gnu/H-i686-pc-linux-gnu/bin/../lib/gcc/nios2-elf/4.1.2/../../../../nios2-elf/lib/mno-hw-mul/libc.a(lib_a-abort.o)
                0x010034b8                abort
 .text          0x010034d0      0x124 /home/roberto/altera/13.0sp1/nios2eds/bin/gnu/H-i686-pc-linux-gnu/bin/../lib/gcc/nios2-elf/4.1.2/../../../../nios2-elf/lib/mno-hw-mul/libc.a(lib_a-fclose.o)
                0x010034d0                _fclose_r
                0x010035e0                fclose
 .text          0x010035f4      0x230 /home/roberto/altera/13.0sp1/nios2eds/bin/gnu/H-i686-pc-linux-gnu/bin/../lib/gcc/nios2-elf/4.1.2/../../../../nios2-elf/lib/mno-hw-mul/libc.a(lib_a-fflush.o)
                0x010035f4                _fflush_r
                0x010037f0                fflush
 .text          0x01003824      0x2f4 /home/roberto/altera/13.0sp1/nios2eds/bin/gnu/H-i686-pc-linux-gnu/bin/../lib/gcc/nios2-elf/4.1.2/../../../../nios2-elf/lib/mno-hw-mul/libc.a(lib_a-findfp.o)
                0x0100387c                __sfp_lock_acquire
                0x01003880                __sfp_lock_release
                0x01003884                __sinit_lock_acquire
                0x01003888                __sinit_lock_release
                0x0100388c                __sinit
                0x01003940                __fp_unlock_all
                0x01003958                __fp_lock_all
                0x01003970                _cleanup_r
                0x0100397c                _cleanup
                0x0100398c                __sfmoreglue
                0x01003a28                __sfp
 .text          0x01003b18      0x110 /home/roberto/altera/13.0sp1/nios2eds/bin/gnu/H-i686-pc-linux-gnu/bin/../lib/gcc/nios2-elf/4.1.2/../../../../nios2-elf/lib/mno-hw-mul/libc.a(lib_a-fopen.o)
                0x01003b18                _fopen_r
                0x01003c0c                fopen
 .text          0x01003c28      0x440 /home/roberto/altera/13.0sp1/nios2eds/bin/gnu/H-i686-pc-linux-gnu/bin/../lib/gcc/nios2-elf/4.1.2/../../../../nios2-elf/lib/mno-hw-mul/libc.a(lib_a-freer.o)
                0x01003c28                _malloc_trim_r
                0x01003d54                _free_r
 .text          0x01004068      0x460 /home/roberto/altera/13.0sp1/nios2eds/bin/gnu/H-i686-pc-linux-gnu/bin/../lib/gcc/nios2-elf/4.1.2/../../../../nios2-elf/lib/mno-hw-mul/libc.a(lib_a-fseek.o)
                0x01004068                _fseek_r
                0x010044a4                fseek
 .text          0x010044c8       0x74 /home/roberto/altera/13.0sp1/nios2eds/bin/gnu/H-i686-pc-linux-gnu/bin/../lib/gcc/nios2-elf/4.1.2/../../../../nios2-elf/lib/mno-hw-mul/libc.a(lib_a-fstatr.o)
                0x010044c8                _fstat_r
 .text          0x0100453c      0x180 /home/roberto/altera/13.0sp1/nios2eds/bin/gnu/H-i686-pc-linux-gnu/bin/../lib/gcc/nios2-elf/4.1.2/../../../../nios2-elf/lib/mno-hw-mul/libc.a(lib_a-fwalk.o)
                0x0100453c                _fwalk_reent
                0x01004604                _fwalk
 .text          0x010046bc       0xec /home/roberto/altera/13.0sp1/nios2eds/bin/gnu/H-i686-pc-linux-gnu/bin/../lib/gcc/nios2-elf/4.1.2/../../../../nios2-elf/lib/mno-hw-mul/libc.a(lib_a-fwrite.o)
                0x010046bc                _fwrite_r
                0x01004768                fwrite
 .text          0x010047a8      0x128 /home/roberto/altera/13.0sp1/nios2eds/bin/gnu/H-i686-pc-linux-gnu/bin/../lib/gcc/nios2-elf/4.1.2/../../../../nios2-elf/lib/mno-hw-mul/libc.a(lib_a-getc.o)
                0x010047a8                getc
                0x01004840                _getc_r
 .text          0x010048d0        0x0 /home/roberto/altera/13.0sp1/nios2eds/bin/gnu/H-i686-pc-linux-gnu/bin/../lib/gcc/nios2-elf/4.1.2/../../../../nios2-elf/lib/mno-hw-mul/libc.a(lib_a-impure.o)
 .text          0x010048d0        0x0 /home/roberto/altera/13.0sp1/nios2eds/bin/gnu/H-i686-pc-linux-gnu/bin/../lib/gcc/nios2-elf/4.1.2/../../../../nios2-elf/lib/mno-hw-mul/libc.a(lib_a-int_errno.o)
 .text          0x010048d0      0x194 /home/roberto/altera/13.0sp1/nios2eds/bin/gnu/H-i686-pc-linux-gnu/bin/../lib/gcc/nios2-elf/4.1.2/../../../../nios2-elf/lib/mno-hw-mul/libc.a(lib_a-makebuf.o)
                0x010048d0                __smakebuf_r
 .text          0x01004a64       0x28 /home/roberto/altera/13.0sp1/nios2eds/bin/gnu/H-i686-pc-linux-gnu/bin/../lib/gcc/nios2-elf/4.1.2/../../../../nios2-elf/lib/mno-hw-mul/libc.a(lib_a-malloc.o)
                0x01004a64                free
                0x01004a78                malloc
 .text          0x01004a8c      0x740 /home/roberto/altera/13.0sp1/nios2eds/bin/gnu/H-i686-pc-linux-gnu/bin/../lib/gcc/nios2-elf/4.1.2/../../../../nios2-elf/lib/mno-hw-mul/libc.a(lib_a-mallocr.o)
                0x01004a8c                _malloc_r
 .text          0x010051cc       0x98 /home/roberto/altera/13.0sp1/nios2eds/bin/gnu/H-i686-pc-linux-gnu/bin/../lib/gcc/nios2-elf/4.1.2/../../../../nios2-elf/lib/mno-hw-mul/libc.a(lib_a-memset.o)
                0x010051cc                memset
 .text          0x01005264       0x78 /home/roberto/altera/13.0sp1/nios2eds/bin/gnu/H-i686-pc-linux-gnu/bin/../lib/gcc/nios2-elf/4.1.2/../../../../nios2-elf/lib/mno-hw-mul/libc.a(lib_a-openr.o)
                0x01005264                _open_r
 .text          0x010052dc       0x78 /home/roberto/altera/13.0sp1/nios2eds/bin/gnu/H-i686-pc-linux-gnu/bin/../lib/gcc/nios2-elf/4.1.2/../../../../nios2-elf/lib/mno-hw-mul/libc.a(lib_a-printf.o)
                0x010052dc                printf
                0x01005320                _printf_r
 .text          0x01005354       0x24 /home/roberto/altera/13.0sp1/nios2eds/bin/gnu/H-i686-pc-linux-gnu/bin/../lib/gcc/nios2-elf/4.1.2/../../../../nios2-elf/lib/mno-hw-mul/libc.a(lib_a-putchar.o)
                0x01005354                putchar
                0x01005370                _putchar_r
 .text          0x01005378       0xb4 /home/roberto/altera/13.0sp1/nios2eds/bin/gnu/H-i686-pc-linux-gnu/bin/../lib/gcc/nios2-elf/4.1.2/../../../../nios2-elf/lib/mno-hw-mul/libc.a(lib_a-puts.o)
                0x01005378                _puts_r
                0x01005418                puts
 .text          0x0100542c      0x1e0 /home/roberto/altera/13.0sp1/nios2eds/bin/gnu/H-i686-pc-linux-gnu/bin/../lib/gcc/nios2-elf/4.1.2/../../../../nios2-elf/lib/mno-hw-mul/libc.a(lib_a-refill.o)
                0x0100542c                __srefill_r
 .text          0x0100560c       0x60 /home/roberto/altera/13.0sp1/nios2eds/bin/gnu/H-i686-pc-linux-gnu/bin/../lib/gcc/nios2-elf/4.1.2/../../../../nios2-elf/lib/mno-hw-mul/libc.a(lib_a-rget.o)
                0x0100560c                __srget_r
                0x01005658                __srget
 .text          0x0100566c       0x70 /home/roberto/altera/13.0sp1/nios2eds/bin/gnu/H-i686-pc-linux-gnu/bin/../lib/gcc/nios2-elf/4.1.2/../../../../nios2-elf/lib/mno-hw-mul/libc.a(lib_a-sbrkr.o)
                0x0100566c                _sbrk_r
 .text          0x010056dc      0x2d8 /home/roberto/altera/13.0sp1/nios2eds/bin/gnu/H-i686-pc-linux-gnu/bin/../lib/gcc/nios2-elf/4.1.2/../../../../nios2-elf/lib/mno-hw-mul/libc.a(lib_a-signal.o)
                0x010056dc                _raise_r
                0x010057a8                raise
                0x010057bc                _init_signal_r
                0x01005820                _init_signal
                0x01005830                __sigtramp_r
                0x010058e4                __sigtramp
                0x010058f8                _signal_r
                0x01005998                signal
 .text          0x010059b4       0x78 /home/roberto/altera/13.0sp1/nios2eds/bin/gnu/H-i686-pc-linux-gnu/bin/../lib/gcc/nios2-elf/4.1.2/../../../../nios2-elf/lib/mno-hw-mul/libc.a(lib_a-signalr.o)
                0x010059b4                _getpid_r
                0x010059b8                _kill_r
 .text          0x01005a2c      0x14c /home/roberto/altera/13.0sp1/nios2eds/bin/gnu/H-i686-pc-linux-gnu/bin/../lib/gcc/nios2-elf/4.1.2/../../../../nios2-elf/lib/mno-hw-mul/libc.a(lib_a-stdio.o)
                0x01005a2c                __sclose
                0x01005a34                __sseek
                0x01005a9c                __swrite
                0x01005b18                __sread
 .text          0x01005b78       0x90 /home/roberto/altera/13.0sp1/nios2eds/bin/gnu/H-i686-pc-linux-gnu/bin/../lib/gcc/nios2-elf/4.1.2/../../../../nios2-elf/lib/mno-hw-mul/libc.a(lib_a-strcat.o)
                0x01005b78                strcat
 .text          0x01005c08       0x8c /home/roberto/altera/13.0sp1/nios2eds/bin/gnu/H-i686-pc-linux-gnu/bin/../lib/gcc/nios2-elf/4.1.2/../../../../nios2-elf/lib/mno-hw-mul/libc.a(lib_a-strcpy.o)
                0x01005c08                strcpy
 .text          0x01005c94       0x74 /home/roberto/altera/13.0sp1/nios2eds/bin/gnu/H-i686-pc-linux-gnu/bin/../lib/gcc/nios2-elf/4.1.2/../../../../nios2-elf/lib/mno-hw-mul/libc.a(lib_a-strlen.o)
                0x01005c94                strlen
 .text          0x01005d08     0x1f40 /home/roberto/altera/13.0sp1/nios2eds/bin/gnu/H-i686-pc-linux-gnu/bin/../lib/gcc/nios2-elf/4.1.2/../../../../nios2-elf/lib/mno-hw-mul/libc.a(lib_a-vfprintf.o)
                0x01005d60                ___vfprintf_internal_r
                0x01007c24                __vfprintf_internal
 .text          0x01007c48       0x78 /home/roberto/altera/13.0sp1/nios2eds/bin/gnu/H-i686-pc-linux-gnu/bin/../lib/gcc/nios2-elf/4.1.2/../../../../nios2-elf/lib/mno-hw-mul/libc.a(lib_a-writer.o)
                0x01007c48                _write_r
 .text          0x01007cc0      0x13c /home/roberto/altera/13.0sp1/nios2eds/bin/gnu/H-i686-pc-linux-gnu/bin/../lib/gcc/nios2-elf/4.1.2/../../../../nios2-elf/lib/mno-hw-mul/libc.a(lib_a-wsetup.o)
                0x01007cc0                __swsetup_r
 .text          0x01007dfc       0x70 /home/roberto/altera/13.0sp1/nios2eds/bin/gnu/H-i686-pc-linux-gnu/bin/../lib/gcc/nios2-elf/4.1.2/../../../../nios2-elf/lib/mno-hw-mul/libc.a(lib_a-closer.o)
                0x01007dfc                _close_r
 .text          0x01007e6c     0x17f8 /home/roberto/altera/13.0sp1/nios2eds/bin/gnu/H-i686-pc-linux-gnu/bin/../lib/gcc/nios2-elf/4.1.2/../../../../nios2-elf/lib/mno-hw-mul/libc.a(lib_a-dtoa.o)
                0x010080b0                _dtoa_r
 .text          0x01009664       0xa0 /home/roberto/altera/13.0sp1/nios2eds/bin/gnu/H-i686-pc-linux-gnu/bin/../lib/gcc/nios2-elf/4.1.2/../../../../nios2-elf/lib/mno-hw-mul/libc.a(lib_a-flags.o)
                0x01009664                __sflags
 .text          0x01009704      0x49c /home/roberto/altera/13.0sp1/nios2eds/bin/gnu/H-i686-pc-linux-gnu/bin/../lib/gcc/nios2-elf/4.1.2/../../../../nios2-elf/lib/mno-hw-mul/libc.a(lib_a-fvwrite.o)
                0x01009704                __sfvwrite_r
 .text          0x01009ba0       0x70 /home/roberto/altera/13.0sp1/nios2eds/bin/gnu/H-i686-pc-linux-gnu/bin/../lib/gcc/nios2-elf/4.1.2/../../../../nios2-elf/lib/mno-hw-mul/libc.a(lib_a-isattyr.o)
                0x01009ba0                _isatty_r
 .text          0x01009c10       0xc4 /home/roberto/altera/13.0sp1/nios2eds/bin/gnu/H-i686-pc-linux-gnu/bin/../lib/gcc/nios2-elf/4.1.2/../../../../nios2-elf/lib/mno-hw-mul/libc.a(lib_a-locale.o)
                0x01009c10                __locale_charset
                0x01009c18                _localeconv_r
                0x01009c24                localeconv
                0x01009c34                _setlocale_r
                0x01009cb8                setlocale
 .text          0x01009cd4       0x78 /home/roberto/altera/13.0sp1/nios2eds/bin/gnu/H-i686-pc-linux-gnu/bin/../lib/gcc/nios2-elf/4.1.2/../../../../nios2-elf/lib/mno-hw-mul/libc.a(lib_a-lseekr.o)
                0x01009cd4                _lseek_r
 .text          0x01009d4c       0xe4 /home/roberto/altera/13.0sp1/nios2eds/bin/gnu/H-i686-pc-linux-gnu/bin/../lib/gcc/nios2-elf/4.1.2/../../../../nios2-elf/lib/mno-hw-mul/libc.a(lib_a-memchr.o)
                0x01009d4c                memchr
 .text          0x01009e30       0xa0 /home/roberto/altera/13.0sp1/nios2eds/bin/gnu/H-i686-pc-linux-gnu/bin/../lib/gcc/nios2-elf/4.1.2/../../../../nios2-elf/lib/mno-hw-mul/libc.a(lib_a-memcpy.o)
                0x01009e30                memcpy
 .text          0x01009ed0       0xe0 /home/roberto/altera/13.0sp1/nios2eds/bin/gnu/H-i686-pc-linux-gnu/bin/../lib/gcc/nios2-elf/4.1.2/../../../../nios2-elf/lib/mno-hw-mul/libc.a(lib_a-memmove.o)
                0x01009ed0                memmove
 .text          0x01009fb0     0x108c /home/roberto/altera/13.0sp1/nios2eds/bin/gnu/H-i686-pc-linux-gnu/bin/../lib/gcc/nios2-elf/4.1.2/../../../../nios2-elf/lib/mno-hw-mul/libc.a(lib_a-mprec.o)
                0x01009fb0                _Bfree
                0x01009fd8                __hi0bits
                0x0100a048                __lo0bits
                0x0100a10c                __mcmp
                0x0100a16c                __ulp
                0x0100a1ec                __b2d
                0x0100a30c                __ratio
                0x0100a3bc                _mprec_log10
                0x0100a450                __copybits
                0x0100a4a8                __any_on
                0x0100a530                _Balloc
                0x0100a5ec                __d2b
                0x0100a768                __mdiff
                0x0100a8f4                __lshift
                0x0100aa40                __multiply
                0x0100ac94                __i2b
                0x0100acd0                __multadd
                0x0100adfc                __pow5mult
                0x0100af1c                __s2b
 .text          0x0100b03c      0x1ec /home/roberto/altera/13.0sp1/nios2eds/bin/gnu/H-i686-pc-linux-gnu/bin/../lib/gcc/nios2-elf/4.1.2/../../../../nios2-elf/lib/mno-hw-mul/libc.a(lib_a-putc.o)
                0x0100b03c                putc
                0x0100b140                _putc_r
 .text          0x0100b228       0x78 /home/roberto/altera/13.0sp1/nios2eds/bin/gnu/H-i686-pc-linux-gnu/bin/../lib/gcc/nios2-elf/4.1.2/../../../../nios2-elf/lib/mno-hw-mul/libc.a(lib_a-readr.o)
                0x0100b228                _read_r
 .text          0x0100b2a0      0x5f4 /home/roberto/altera/13.0sp1/nios2eds/bin/gnu/H-i686-pc-linux-gnu/bin/../lib/gcc/nios2-elf/4.1.2/../../../../nios2-elf/lib/mno-hw-mul/libc.a(lib_a-reallocr.o)
                0x0100b2a0                _realloc_r
 .text          0x0100b894       0x40 /home/roberto/altera/13.0sp1/nios2eds/bin/gnu/H-i686-pc-linux-gnu/bin/../lib/gcc/nios2-elf/4.1.2/../../../../nios2-elf/lib/mno-hw-mul/libc.a(lib_a-s_isinfd.o)
                0x0100b894                __isinfd
 .text          0x0100b8d4       0x30 /home/roberto/altera/13.0sp1/nios2eds/bin/gnu/H-i686-pc-linux-gnu/bin/../lib/gcc/nios2-elf/4.1.2/../../../../nios2-elf/lib/mno-hw-mul/libc.a(lib_a-s_isnand.o)
                0x0100b8d4                __isnand
 .text          0x0100b904       0xbc /home/roberto/altera/13.0sp1/nios2eds/bin/gnu/H-i686-pc-linux-gnu/bin/../lib/gcc/nios2-elf/4.1.2/../../../../nios2-elf/lib/mno-hw-mul/libc.a(lib_a-strcmp.o)
                0x0100b904                strcmp
 .text          0x0100b9c0      0x14c /home/roberto/altera/13.0sp1/nios2eds/bin/gnu/H-i686-pc-linux-gnu/bin/../lib/gcc/nios2-elf/4.1.2/../../../../nios2-elf/lib/mno-hw-mul/libc.a(lib_a-wbuf.o)
                0x0100b9c0                __swbuf_r
                0x0100baf0                __swbuf
 .text          0x0100bb0c       0xc8 /home/roberto/altera/13.0sp1/nios2eds/bin/gnu/H-i686-pc-linux-gnu/bin/../lib/gcc/nios2-elf/4.1.2/../../../../nios2-elf/lib/mno-hw-mul/libc.a(lib_a-callocr.o)
                0x0100bb0c                _calloc_r
 .text          0x0100bbd4      0x66c /home/roberto/altera/13.0sp1/nios2eds/bin/gnu/H-i686-pc-linux-gnu/bin/../lib/gcc/nios2-elf/4.1.2/mno-hw-mul/libgcc.a(_udivdi3.o)
                0x0100bbd4                __udivdi3
 .text          0x0100c240      0x660 /home/roberto/altera/13.0sp1/nios2eds/bin/gnu/H-i686-pc-linux-gnu/bin/../lib/gcc/nios2-elf/4.1.2/mno-hw-mul/libgcc.a(_umoddi3.o)
                0x0100c240                __umoddi3
 .text          0x0100c8a0      0x504 /home/roberto/altera/13.0sp1/nios2eds/bin/gnu/H-i686-pc-linux-gnu/bin/../lib/gcc/nios2-elf/4.1.2/mno-hw-mul/libgcc.a(_addsub_df.o)
                0x0100ccb0                __subdf3
                0x0100cd30                __adddf3
 .text          0x0100cda4      0x3c4 /home/roberto/altera/13.0sp1/nios2eds/bin/gnu/H-i686-pc-linux-gnu/bin/../lib/gcc/nios2-elf/4.1.2/mno-hw-mul/libgcc.a(_mul_df.o)
                0x0100cda4                __muldf3
 .text          0x0100d168      0x258 /home/roberto/altera/13.0sp1/nios2eds/bin/gnu/H-i686-pc-linux-gnu/bin/../lib/gcc/nios2-elf/4.1.2/mno-hw-mul/libgcc.a(_div_df.o)
                0x0100d168                __divdf3
 .text          0x0100d3c0       0x88 /home/roberto/altera/13.0sp1/nios2eds/bin/gnu/H-i686-pc-linux-gnu/bin/../lib/gcc/nios2-elf/4.1.2/mno-hw-mul/libgcc.a(_eq_df.o)
                0x0100d3c0                __eqdf2
 .text          0x0100d448       0x88 /home/roberto/altera/13.0sp1/nios2eds/bin/gnu/H-i686-pc-linux-gnu/bin/../lib/gcc/nios2-elf/4.1.2/mno-hw-mul/libgcc.a(_ne_df.o)
                0x0100d448                __nedf2
 .text          0x0100d4d0       0x88 /home/roberto/altera/13.0sp1/nios2eds/bin/gnu/H-i686-pc-linux-gnu/bin/../lib/gcc/nios2-elf/4.1.2/mno-hw-mul/libgcc.a(_gt_df.o)
                0x0100d4d0                __gtdf2
 .text          0x0100d558       0x88 /home/roberto/altera/13.0sp1/nios2eds/bin/gnu/H-i686-pc-linux-gnu/bin/../lib/gcc/nios2-elf/4.1.2/mno-hw-mul/libgcc.a(_ge_df.o)
                0x0100d558                __gedf2
 .text          0x0100d5e0       0x88 /home/roberto/altera/13.0sp1/nios2eds/bin/gnu/H-i686-pc-linux-gnu/bin/../lib/gcc/nios2-elf/4.1.2/mno-hw-mul/libgcc.a(_lt_df.o)
                0x0100d5e0                __ltdf2
 .text          0x0100d668       0xf8 /home/roberto/altera/13.0sp1/nios2eds/bin/gnu/H-i686-pc-linux-gnu/bin/../lib/gcc/nios2-elf/4.1.2/mno-hw-mul/libgcc.a(_si_to_df.o)
                0x0100d668                __floatsidf
 .text          0x0100d760       0xd8 /home/roberto/altera/13.0sp1/nios2eds/bin/gnu/H-i686-pc-linux-gnu/bin/../lib/gcc/nios2-elf/4.1.2/mno-hw-mul/libgcc.a(_df_to_si.o)
                0x0100d760                __fixdfsi
 .text          0x0100d838        0x0 /home/roberto/altera/13.0sp1/nios2eds/bin/gnu/H-i686-pc-linux-gnu/bin/../lib/gcc/nios2-elf/4.1.2/mno-hw-mul/libgcc.a(_thenan_df.o)
 .text          0x0100d838      0x194 /home/roberto/altera/13.0sp1/nios2eds/bin/gnu/H-i686-pc-linux-gnu/bin/../lib/gcc/nios2-elf/4.1.2/mno-hw-mul/libgcc.a(_usi_to_df.o)
                0x0100d838                __floatunsidf
 .text          0x0100d9cc      0x14c /home/roberto/altera/13.0sp1/nios2eds/bin/gnu/H-i686-pc-linux-gnu/bin/../lib/gcc/nios2-elf/4.1.2/mno-hw-mul/libgcc.a(lib2-divmod.o)
                0x0100da48                __divsi3
                0x0100daa8                __modsi3
                0x0100db08                __udivsi3
                0x0100db10                __umodsi3
 .text          0x0100db18      0x124 /home/roberto/altera/13.0sp1/nios2eds/bin/gnu/H-i686-pc-linux-gnu/bin/../lib/gcc/nios2-elf/4.1.2/mno-hw-mul/libgcc.a(_muldi3.o)
                0x0100db18                __muldi3
 .text          0x0100dc3c        0x0 /home/roberto/altera/13.0sp1/nios2eds/bin/gnu/H-i686-pc-linux-gnu/bin/../lib/gcc/nios2-elf/4.1.2/mno-hw-mul/libgcc.a(_clz.o)
 .text          0x0100dc3c       0x80 /home/roberto/altera/13.0sp1/nios2eds/bin/gnu/H-i686-pc-linux-gnu/bin/../lib/gcc/nios2-elf/4.1.2/mno-hw-mul/libgcc.a(_clzsi2.o)
                0x0100dc3c                __clzsi2
 .text          0x0100dcbc      0x314 /home/roberto/altera/13.0sp1/nios2eds/bin/gnu/H-i686-pc-linux-gnu/bin/../lib/gcc/nios2-elf/4.1.2/mno-hw-mul/libgcc.a(_pack_df.o)
                0x0100dcbc                __pack_d
 .text          0x0100dfd0      0x138 /home/roberto/altera/13.0sp1/nios2eds/bin/gnu/H-i686-pc-linux-gnu/bin/../lib/gcc/nios2-elf/4.1.2/mno-hw-mul/libgcc.a(_unpack_df.o)
                0x0100dfd0                __unpack_d
 .text          0x0100e108       0xc8 /home/roberto/altera/13.0sp1/nios2eds/bin/gnu/H-i686-pc-linux-gnu/bin/../lib/gcc/nios2-elf/4.1.2/mno-hw-mul/libgcc.a(_fpcmp_parts_df.o)
                0x0100e108                __fpcmp_parts_d
 .text          0x0100e1d0      0x160 ../application_bsp//libhal_bsp.a(alt_close.o)
                0x0100e1d0                close
 .text          0x0100e330       0x2c ../application_bsp//libhal_bsp.a(alt_dev.o)
 .text          0x0100e35c        0x0 ../application_bsp//libhal_bsp.a(alt_errno.o)
 .text          0x0100e35c       0x6c ../application_bsp//libhal_bsp.a(alt_exit.o)
                0x0100e39c                _exit
 .text          0x0100e3c8      0x138 ../application_bsp//libhal_bsp.a(alt_fstat.o)
                0x0100e3c8                fstat
 .text          0x0100e500       0x20 ../application_bsp//libhal_bsp.a(alt_getpid.o)
                0x0100e500                getpid
 .text          0x0100e520      0x124 ../application_bsp//libhal_bsp.a(alt_isatty.o)
                0x0100e520                isatty
 .text          0x0100e644      0x1a0 ../application_bsp//libhal_bsp.a(alt_kill.o)
                0x0100e644                kill
 .text          0x0100e7e4       0xec ../application_bsp//libhal_bsp.a(alt_load.o)
                0x0100e7e4                alt_load
 .text          0x0100e8d0      0x154 ../application_bsp//libhal_bsp.a(alt_lseek.o)
                0x0100e8d0                lseek
 .text          0x0100ea24       0x6c ../application_bsp//libhal_bsp.a(alt_main.o)
                0x0100ea24                alt_main
 .text          0x0100ea90       0x40 ../application_bsp//libhal_bsp.a(alt_malloc_lock.o)
                0x0100ea90                __malloc_lock
                0x0100eab0                __malloc_unlock
 .text          0x0100ead0      0x2e4 ../application_bsp//libhal_bsp.a(alt_open.o)
                0x0100ebc8                open
 .text          0x0100edb4      0x184 ../application_bsp//libhal_bsp.a(alt_read.o)
                0x0100edb4                read
 .text          0x0100ef38       0x78 ../application_bsp//libhal_bsp.a(alt_release_fd.o)
                0x0100ef38                alt_release_fd
 .text          0x0100efb0       0xbc ../application_bsp//libhal_bsp.a(alt_sbrk.o)
                0x0100efb0                sbrk
 .text          0x0100f06c      0x184 ../application_bsp//libhal_bsp.a(alt_write.o)
                0x0100f06c                write
 .text          0x0100f1f0       0xd0 ../application_bsp//libhal_bsp.a(alt_sys_init.o)
                0x0100f1f0                alt_irq_init
                0x0100f224                alt_sys_init
 .text          0x0100f2c0      0x148 ../application_bsp//libhal_bsp.a(altera_avalon_jtag_uart_fd.o)
                0x0100f2c0                altera_avalon_jtag_uart_read_fd
                0x0100f318                altera_avalon_jtag_uart_write_fd
                0x0100f370                altera_avalon_jtag_uart_close_fd
                0x0100f3b8                altera_avalon_jtag_uart_ioctl_fd
 .text          0x0100f408      0x40c ../application_bsp//libhal_bsp.a(altera_avalon_jtag_uart_init.o)
                0x0100f408                altera_avalon_jtag_uart_init
                0x0100f7a0                altera_avalon_jtag_uart_close
 .text          0x0100f814       0xf4 ../application_bsp//libhal_bsp.a(altera_avalon_jtag_uart_ioctl.o)
                0x0100f814                altera_avalon_jtag_uart_ioctl
 .text          0x0100f908      0x224 ../application_bsp//libhal_bsp.a(altera_avalon_jtag_uart_read.o)
                0x0100f908                altera_avalon_jtag_uart_read
 .text          0x0100fb2c      0x240 ../application_bsp//libhal_bsp.a(altera_avalon_jtag_uart_write.o)
                0x0100fb2c                altera_avalon_jtag_uart_write
 .text          0x0100fd6c      0x804 ../application_bsp//libhal_bsp.a(fifoed_avalon_uart.o)
                0x0100fd6c                fifoed_avalon_uart_read
                0x0100ffc0                fifoed_avalon_uart_write
                0x010104a8                fifoed_avalon_uart_init
 .text          0x01010570      0x1f0 ../application_bsp//libhal_bsp.a(fifoed_avalon_uart_fd.o)
                0x01010570                fifoed_avalon_uart_classic_read
                0x010105b8                fifoed_avalon_uart_classic_write
                0x01010600                fifoed_avalon_uart_read_fd
                0x01010658                fifoed_avalon_uart_write_fd
                0x010106b0                fifoed_avalon_uart_classic_read_fd
                0x01010708                fifoed_avalon_uart_classic_write_fd
 .text          0x01010760      0x154 ../application_bsp//libhal_bsp.a(alt_alarm_start.o)
                0x01010760                alt_alarm_start
 .text          0x010108b4       0x1c ../application_bsp//libhal_bsp.a(alt_dcache_flush_all.o)
                0x010108b4                alt_dcache_flush_all
 .text          0x010108d0      0x114 ../application_bsp//libhal_bsp.a(alt_dev_llist_insert.o)
                0x010108d0                alt_dev_llist_insert
 .text          0x010109e4       0x64 ../application_bsp//libhal_bsp.a(alt_do_ctors.o)
                0x010109e4                _do_ctors
 .text          0x01010a48       0x64 ../application_bsp//libhal_bsp.a(alt_do_dtors.o)
                0x01010a48                _do_dtors
 .text          0x01010aac       0x94 ../application_bsp//libhal_bsp.a(alt_find_dev.o)
                0x01010aac                alt_find_dev
 .text          0x01010b40      0x120 ../application_bsp//libhal_bsp.a(alt_find_file.o)
                0x01010b40                alt_find_file
 .text          0x01010c60       0xd0 ../application_bsp//libhal_bsp.a(alt_get_fd.o)
                0x01010c60                alt_get_fd
 .text          0x01010d30       0x1c ../application_bsp//libhal_bsp.a(alt_icache_flush_all.o)
                0x01010d30                alt_icache_flush_all
 .text          0x01010d4c      0x1d4 ../application_bsp//libhal_bsp.a(alt_iic.o)
                0x01010d4c                alt_ic_isr_register
                0x01010d9c                alt_ic_irq_enable
                0x01010e38                alt_ic_irq_disable
                0x01010ed8                alt_ic_irq_enabled
 .text          0x01010f20       0xf8 ../application_bsp//libhal_bsp.a(alt_iic_isr_register.o)
                0x01010f20                alt_iic_isr_register
 .text          0x01011018      0x150 ../application_bsp//libhal_bsp.a(alt_io_redirect.o)
                0x010110f0                alt_io_redirect
 .text          0x01011168        0x0 ../application_bsp//libhal_bsp.a(alt_irq_entry.o)
 .text          0x01011168        0x0 ../application_bsp//libhal_bsp.a(alt_irq_handler.o)
 .text          0x01011168        0x0 ../application_bsp//libhal_bsp.a(alt_irq_vars.o)
 .text          0x01011168      0x1a4 ../application_bsp//libhal_bsp.a(alt_tick.o)
                0x01011168                alt_alarm_stop
                0x01011200                alt_tick
 .text          0x0101130c       0x20 ../application_bsp//libhal_bsp.a(altera_nios2_qsys_irq.o)
                0x0101130c                altera_nios2_qsys_irq_init
 .text          0x0101132c        0x0 ../application_bsp//libhal_bsp.a(alt_exception_entry.o)
 .text          0x0101132c       0x14 /home/roberto/altera/13.0sp1/nios2eds/bin/gnu/H-i686-pc-linux-gnu/bin/../lib/gcc/nios2-elf/4.1.2/../../../../nios2-elf/lib/mno-hw-mul/libc.a(lib_a-atexit.o)
                0x0101132c                atexit
 .text          0x01011340       0x38 /home/roberto/altera/13.0sp1/nios2eds/bin/gnu/H-i686-pc-linux-gnu/bin/../lib/gcc/nios2-elf/4.1.2/../../../../nios2-elf/lib/mno-hw-mul/libc.a(lib_a-exit.o)
                0x01011340                exit
 .text          0x01011378       0x74 /home/roberto/altera/13.0sp1/nios2eds/bin/gnu/H-i686-pc-linux-gnu/bin/../lib/gcc/nios2-elf/4.1.2/../../../../nios2-elf/lib/mno-hw-mul/libc.a(lib_a-memcmp.o)
                0x01011378                memcmp
 .text          0x010113ec      0x134 /home/roberto/altera/13.0sp1/nios2eds/bin/gnu/H-i686-pc-linux-gnu/bin/../lib/gcc/nios2-elf/4.1.2/../../../../nios2-elf/lib/mno-hw-mul/libc.a(lib_a-__atexit.o)
                0x010113ec                __register_exitproc
 .text          0x01011520      0x1b4 /home/roberto/altera/13.0sp1/nios2eds/bin/gnu/H-i686-pc-linux-gnu/bin/../lib/gcc/nios2-elf/4.1.2/../../../../nios2-elf/lib/mno-hw-mul/libc.a(lib_a-__call_atexit.o)
                0x01011524                __call_exitprocs
 *(.gnu.warning.*)
 *(.fini)
                0x010116d4                PROVIDE (__etext, ABSOLUTE (.))
                0x010116d4                PROVIDE (_etext, ABSOLUTE (.))
                0x010116d4                PROVIDE (etext, ABSOLUTE (.))
 *(.eh_frame_hdr)
                0x010116d4                . = ALIGN (0x4)
                0x010116d4                PROVIDE (__preinit_array_start, ABSOLUTE (.))
 *(.preinit_array)
                0x010116d4                PROVIDE (__preinit_array_end, ABSOLUTE (.))
                0x010116d4                PROVIDE (__init_array_start, ABSOLUTE (.))
 *(.init_array)
                0x010116d4                PROVIDE (__init_array_end, ABSOLUTE (.))
                0x010116d4                PROVIDE (__fini_array_start, ABSOLUTE (.))
 *(.fini_array)
                0x010116d4                PROVIDE (__fini_array_end, ABSOLUTE (.))
 *(.eh_frame)
 *(.gcc_except_table)
 .gcc_except_table
                0x010116d4        0x6 obj/default/libs/src/hal/wifi.o
 .gcc_except_table
                0x010116da        0x6 obj/default/test.o
 .gcc_except_table
                0x010116e0       0x14 /home/roberto/altera/13.0sp1/nios2eds/bin/gnu/H-i686-pc-linux-gnu/bin/../lib/gcc/nios2-elf/4.1.2/../../../../nios2-elf/lib/mno-hw-mul/libstdc++.a(new_opv.o)
 .gcc_except_table
                0x010116f4       0x20 /home/roberto/altera/13.0sp1/nios2eds/bin/gnu/H-i686-pc-linux-gnu/bin/../lib/gcc/nios2-elf/4.1.2/../../../../nios2-elf/lib/mno-hw-mul/libstdc++.a(eh_personality.o)
 .gcc_except_table
                0x01011714       0x10 /home/roberto/altera/13.0sp1/nios2eds/bin/gnu/H-i686-pc-linux-gnu/bin/../lib/gcc/nios2-elf/4.1.2/../../../../nios2-elf/lib/mno-hw-mul/libstdc++.a(eh_terminate.o)
 .gcc_except_table
                0x01011724       0x14 /home/roberto/altera/13.0sp1/nios2eds/bin/gnu/H-i686-pc-linux-gnu/bin/../lib/gcc/nios2-elf/4.1.2/../../../../nios2-elf/lib/mno-hw-mul/libstdc++.a(new_op.o)
 .gcc_except_table
                0x01011738       0x10 /home/roberto/altera/13.0sp1/nios2eds/bin/gnu/H-i686-pc-linux-gnu/bin/../lib/gcc/nios2-elf/4.1.2/../../../../nios2-elf/lib/mno-hw-mul/libstdc++.a(eh_alloc.o)
 .gcc_except_table
                0x01011748       0x10 /home/roberto/altera/13.0sp1/nios2eds/bin/gnu/H-i686-pc-linux-gnu/bin/../lib/gcc/nios2-elf/4.1.2/../../../../nios2-elf/lib/mno-hw-mul/libstdc++.a(eh_catch.o)
 *(.dynamic)
                0x01011758                PROVIDE (__CTOR_LIST__, ABSOLUTE (.))
 *(.ctors)
 .ctors         0x01011758        0x4 obj/default/libs/src/app.o
 *(SORT(.ctors.*))
 .ctors.65535   0x0101175c        0x4 /home/roberto/altera/13.0sp1/nios2eds/bin/gnu/H-i686-pc-linux-gnu/bin/../lib/gcc/nios2-elf/4.1.2/../../../../nios2-elf/lib/mno-hw-mul/libc.a(lib_a-__call_atexit.o)
                0x01011760                PROVIDE (__CTOR_END__, ABSOLUTE (.))
                0x01011760                PROVIDE (__DTOR_LIST__, ABSOLUTE (.))
 *(.dtors)
 *(SORT(.dtors.*))
                0x01011760                PROVIDE (__DTOR_END__, ABSOLUTE (.))
 *(.jcr)
                0x01011760                . = ALIGN (0x4)

.rodata         0x01011760      0x7a0
                0x01011760                PROVIDE (__ram_rodata_start, ABSOLUTE (.))
                0x01011760                . = ALIGN (0x4)
 *(.rodata .rodata.* .gnu.linkonce.r.*)
 .rodata        0x01011760      0x1e4 obj/default/libs/src/app.o
 .rodata        0x01011944       0xe0 obj/default/libs/src/hal/wifi.o
 .rodata._ZTVSt13bad_exception
                0x01011a24       0x14 /home/roberto/altera/13.0sp1/nios2eds/bin/gnu/H-i686-pc-linux-gnu/bin/../lib/gcc/nios2-elf/4.1.2/../../../../nios2-elf/lib/mno-hw-mul/libstdc++.a(eh_exception.o)
                0x01011a24                _ZTVSt13bad_exception
 .rodata._ZTVSt9exception
                0x01011a38       0x14 /home/roberto/altera/13.0sp1/nios2eds/bin/gnu/H-i686-pc-linux-gnu/bin/../lib/gcc/nios2-elf/4.1.2/../../../../nios2-elf/lib/mno-hw-mul/libstdc++.a(eh_exception.o)
                0x01011a38                _ZTVSt9exception
 .rodata._ZTSSt13bad_exception
                0x01011a4c       0x14 /home/roberto/altera/13.0sp1/nios2eds/bin/gnu/H-i686-pc-linux-gnu/bin/../lib/gcc/nios2-elf/4.1.2/../../../../nios2-elf/lib/mno-hw-mul/libstdc++.a(eh_exception.o)
                0x01011a4c                _ZTSSt13bad_exception
 .rodata._ZTISt13bad_exception
                0x01011a60        0xc /home/roberto/altera/13.0sp1/nios2eds/bin/gnu/H-i686-pc-linux-gnu/bin/../lib/gcc/nios2-elf/4.1.2/../../../../nios2-elf/lib/mno-hw-mul/libstdc++.a(eh_exception.o)
                0x01011a60                _ZTISt13bad_exception
 .rodata._ZTSSt9exception
                0x01011a6c       0x10 /home/roberto/altera/13.0sp1/nios2eds/bin/gnu/H-i686-pc-linux-gnu/bin/../lib/gcc/nios2-elf/4.1.2/../../../../nios2-elf/lib/mno-hw-mul/libstdc++.a(eh_exception.o)
                0x01011a6c                _ZTSSt9exception
 .rodata._ZTVSt9bad_alloc
                0x01011a7c       0x14 /home/roberto/altera/13.0sp1/nios2eds/bin/gnu/H-i686-pc-linux-gnu/bin/../lib/gcc/nios2-elf/4.1.2/../../../../nios2-elf/lib/mno-hw-mul/libstdc++.a(new_handler.o)
                0x01011a7c                _ZTVSt9bad_alloc
 .rodata._ZTSSt9bad_alloc
                0x01011a90       0x10 /home/roberto/altera/13.0sp1/nios2eds/bin/gnu/H-i686-pc-linux-gnu/bin/../lib/gcc/nios2-elf/4.1.2/../../../../nios2-elf/lib/mno-hw-mul/libstdc++.a(new_handler.o)
                0x01011a90                _ZTSSt9bad_alloc
 .rodata._ZTISt9bad_alloc
                0x01011aa0        0xc /home/roberto/altera/13.0sp1/nios2eds/bin/gnu/H-i686-pc-linux-gnu/bin/../lib/gcc/nios2-elf/4.1.2/../../../../nios2-elf/lib/mno-hw-mul/libstdc++.a(new_handler.o)
                0x01011aa0                _ZTISt9bad_alloc
 .rodata._ZTVN10__cxxabiv117__class_type_infoE
                0x01011aac       0x2c /home/roberto/altera/13.0sp1/nios2eds/bin/gnu/H-i686-pc-linux-gnu/bin/../lib/gcc/nios2-elf/4.1.2/../../../../nios2-elf/lib/mno-hw-mul/libstdc++.a(class_type_info.o)
                0x01011aac                _ZTVN10__cxxabiv117__class_type_infoE
 .rodata._ZTSN10__cxxabiv117__class_type_infoE
                0x01011ad8       0x24 /home/roberto/altera/13.0sp1/nios2eds/bin/gnu/H-i686-pc-linux-gnu/bin/../lib/gcc/nios2-elf/4.1.2/../../../../nios2-elf/lib/mno-hw-mul/libstdc++.a(class_type_info.o)
                0x01011ad8                _ZTSN10__cxxabiv117__class_type_infoE
 .rodata._ZTIN10__cxxabiv117__class_type_infoE
                0x01011afc        0xc /home/roberto/altera/13.0sp1/nios2eds/bin/gnu/H-i686-pc-linux-gnu/bin/../lib/gcc/nios2-elf/4.1.2/../../../../nios2-elf/lib/mno-hw-mul/libstdc++.a(class_type_info.o)
                0x01011afc                _ZTIN10__cxxabiv117__class_type_infoE
 .rodata._ZTVN10__cxxabiv120__si_class_type_infoE
                0x01011b08       0x2c /home/roberto/altera/13.0sp1/nios2eds/bin/gnu/H-i686-pc-linux-gnu/bin/../lib/gcc/nios2-elf/4.1.2/../../../../nios2-elf/lib/mno-hw-mul/libstdc++.a(si_class_type_info.o)
                0x01011b08                _ZTVN10__cxxabiv120__si_class_type_infoE
 .rodata._ZTSN10__cxxabiv120__si_class_type_infoE
                0x01011b34       0x28 /home/roberto/altera/13.0sp1/nios2eds/bin/gnu/H-i686-pc-linux-gnu/bin/../lib/gcc/nios2-elf/4.1.2/../../../../nios2-elf/lib/mno-hw-mul/libstdc++.a(si_class_type_info.o)
                0x01011b34                _ZTSN10__cxxabiv120__si_class_type_infoE
 .rodata._ZTIN10__cxxabiv120__si_class_type_infoE
                0x01011b5c        0xc /home/roberto/altera/13.0sp1/nios2eds/bin/gnu/H-i686-pc-linux-gnu/bin/../lib/gcc/nios2-elf/4.1.2/../../../../nios2-elf/lib/mno-hw-mul/libstdc++.a(si_class_type_info.o)
                0x01011b5c                _ZTIN10__cxxabiv120__si_class_type_infoE
 .rodata._ZTVSt9type_info
                0x01011b68       0x20 /home/roberto/altera/13.0sp1/nios2eds/bin/gnu/H-i686-pc-linux-gnu/bin/../lib/gcc/nios2-elf/4.1.2/../../../../nios2-elf/lib/mno-hw-mul/libstdc++.a(tinfo.o)
                0x01011b68                _ZTVSt9type_info
 .rodata._ZTSSt9type_info
                0x01011b88       0x10 /home/roberto/altera/13.0sp1/nios2eds/bin/gnu/H-i686-pc-linux-gnu/bin/../lib/gcc/nios2-elf/4.1.2/../../../../nios2-elf/lib/mno-hw-mul/libstdc++.a(tinfo.o)
                0x01011b88                _ZTSSt9type_info
 .rodata.str1.4
                0x01011b98        0x2 /home/roberto/altera/13.0sp1/nios2eds/bin/gnu/H-i686-pc-linux-gnu/bin/../lib/gcc/nios2-elf/4.1.2/../../../../nios2-elf/lib/mno-hw-mul/libc.a(lib_a-impure.o)
                                  0x4 (size before relaxing)
 *fill*         0x01011b9a        0x2 00
 .rodata.str1.4
                0x01011b9c        0x2 /home/roberto/altera/13.0sp1/nios2eds/bin/gnu/H-i686-pc-linux-gnu/bin/../lib/gcc/nios2-elf/4.1.2/../../../../nios2-elf/lib/mno-hw-mul/libc.a(lib_a-puts.o)
                                  0x4 (size before relaxing)
 *fill*         0x01011b9e        0x2 00
 .rodata.str1.4
                0x01011ba0       0x5e /home/roberto/altera/13.0sp1/nios2eds/bin/gnu/H-i686-pc-linux-gnu/bin/../lib/gcc/nios2-elf/4.1.2/../../../../nios2-elf/lib/mno-hw-mul/libc.a(lib_a-vfprintf.o)
                                 0x60 (size before relaxing)
 .rodata        0x01011bfe       0x20 /home/roberto/altera/13.0sp1/nios2eds/bin/gnu/H-i686-pc-linux-gnu/bin/../lib/gcc/nios2-elf/4.1.2/../../../../nios2-elf/lib/mno-hw-mul/libc.a(lib_a-vfprintf.o)
 *fill*         0x01011c1e        0x2 00
 .rodata.str1.4
                0x01011c20       0x10 /home/roberto/altera/13.0sp1/nios2eds/bin/gnu/H-i686-pc-linux-gnu/bin/../lib/gcc/nios2-elf/4.1.2/../../../../nios2-elf/lib/mno-hw-mul/libc.a(lib_a-dtoa.o)
                                 0x14 (size before relaxing)
 .rodata.str1.4
                0x01011c30       0x10 /home/roberto/altera/13.0sp1/nios2eds/bin/gnu/H-i686-pc-linux-gnu/bin/../lib/gcc/nios2-elf/4.1.2/../../../../nios2-elf/lib/mno-hw-mul/libc.a(lib_a-locale.o)
                                 0x18 (size before relaxing)
 .rodata        0x01011c40       0x30 /home/roberto/altera/13.0sp1/nios2eds/bin/gnu/H-i686-pc-linux-gnu/bin/../lib/gcc/nios2-elf/4.1.2/../../../../nios2-elf/lib/mno-hw-mul/libc.a(lib_a-locale.o)
 .rodata        0x01011c70      0x124 /home/roberto/altera/13.0sp1/nios2eds/bin/gnu/H-i686-pc-linux-gnu/bin/../lib/gcc/nios2-elf/4.1.2/../../../../nios2-elf/lib/mno-hw-mul/libc.a(lib_a-mprec.o)
                0x01011c70                __mprec_tens
                0x01011d38                __mprec_bigtens
                0x01011d60                __mprec_tinytens
 .rodata        0x01011d94       0x14 /home/roberto/altera/13.0sp1/nios2eds/bin/gnu/H-i686-pc-linux-gnu/bin/../lib/gcc/nios2-elf/4.1.2/mno-hw-mul/libgcc.a(_thenan_df.o)
                0x01011d94                __thenan_df
 .rodata        0x01011da8      0x100 /home/roberto/altera/13.0sp1/nios2eds/bin/gnu/H-i686-pc-linux-gnu/bin/../lib/gcc/nios2-elf/4.1.2/mno-hw-mul/libgcc.a(_clz.o)
                0x01011da8                __clz_tab
 .rodata        0x01011ea8        0xc ../application_bsp//libhal_bsp.a(alt_dev.o)
 .rodata        0x01011eb4       0x14 ../application_bsp//libhal_bsp.a(alt_exit.o)
 .rodata        0x01011ec8       0x14 ../application_bsp//libhal_bsp.a(alt_main.o)
 .rodata        0x01011edc       0x24 ../application_bsp//libhal_bsp.a(alt_sys_init.o)
 *(.rodata1)
                0x01011f00                . = ALIGN (0x4)
                0x01011f00                PROVIDE (__ram_rodata_end, ABSOLUTE (.))
                0x01011760                PROVIDE (__flash_rodata_start, LOADADDR (.rodata))

.rwdata         0x01011f00     0x1b3c load address 0x01013a3c
                0x01011f00                PROVIDE (__ram_rwdata_start, ABSOLUTE (.))
                0x01011f00                . = ALIGN (0x4)
 *(.got.plt)
 *(.got)
 *(.data1)
 *(.data .data.* .gnu.linkonce.d.*)
 .data          0x01011f00        0x0 ../application_bsp//obj/HAL/src/crt0.o
 .data          0x01011f00        0x0 obj/default/libs/src/app.o
 .data          0x01011f00        0x0 obj/default/libs/src/hal/fft.o
 .data          0x01011f00        0x0 obj/default/libs/src/hal/motors.o
 .data          0x01011f00        0x0 obj/default/libs/src/hal/wifi.o
 .data          0x01011f00        0x0 obj/default/test.o
 .data          0x01011f00        0x0 /home/roberto/altera/13.0sp1/nios2eds/bin/gnu/H-i686-pc-linux-gnu/bin/../lib/gcc/nios2-elf/4.1.2/../../../../nios2-elf/lib/mno-hw-mul/libstdc++.a(new_opv.o)
 .data          0x01011f00        0x0 /home/roberto/altera/13.0sp1/nios2eds/bin/gnu/H-i686-pc-linux-gnu/bin/../lib/gcc/nios2-elf/4.1.2/../../../../nios2-elf/lib/mno-hw-mul/libstdc++.a(del_op.o)
 .data          0x01011f00        0x0 /home/roberto/altera/13.0sp1/nios2eds/bin/gnu/H-i686-pc-linux-gnu/bin/../lib/gcc/nios2-elf/4.1.2/../../../../nios2-elf/lib/mno-hw-mul/libstdc++.a(eh_personality.o)
 .data          0x01011f00        0x0 /home/roberto/altera/13.0sp1/nios2eds/bin/gnu/H-i686-pc-linux-gnu/bin/../lib/gcc/nios2-elf/4.1.2/../../../../nios2-elf/lib/mno-hw-mul/libstdc++.a(eh_globals.o)
 .data          0x01011f00        0x0 /home/roberto/altera/13.0sp1/nios2eds/bin/gnu/H-i686-pc-linux-gnu/bin/../lib/gcc/nios2-elf/4.1.2/../../../../nios2-elf/lib/mno-hw-mul/libstdc++.a(eh_terminate.o)
 .data          0x01011f00        0x0 /home/roberto/altera/13.0sp1/nios2eds/bin/gnu/H-i686-pc-linux-gnu/bin/../lib/gcc/nios2-elf/4.1.2/../../../../nios2-elf/lib/mno-hw-mul/libstdc++.a(new_op.o)
 .data          0x01011f00        0x0 /home/roberto/altera/13.0sp1/nios2eds/bin/gnu/H-i686-pc-linux-gnu/bin/../lib/gcc/nios2-elf/4.1.2/../../../../nios2-elf/lib/mno-hw-mul/libstdc++.a(eh_call.o)
 .data          0x01011f00        0x0 /home/roberto/altera/13.0sp1/nios2eds/bin/gnu/H-i686-pc-linux-gnu/bin/../lib/gcc/nios2-elf/4.1.2/../../../../nios2-elf/lib/mno-hw-mul/libstdc++.a(eh_exception.o)
 .data          0x01011f00        0x0 /home/roberto/altera/13.0sp1/nios2eds/bin/gnu/H-i686-pc-linux-gnu/bin/../lib/gcc/nios2-elf/4.1.2/../../../../nios2-elf/lib/mno-hw-mul/libstdc++.a(new_handler.o)
 .data          0x01011f00        0x0 /home/roberto/altera/13.0sp1/nios2eds/bin/gnu/H-i686-pc-linux-gnu/bin/../lib/gcc/nios2-elf/4.1.2/../../../../nios2-elf/lib/mno-hw-mul/libstdc++.a(eh_alloc.o)
 .data          0x01011f00        0x0 /home/roberto/altera/13.0sp1/nios2eds/bin/gnu/H-i686-pc-linux-gnu/bin/../lib/gcc/nios2-elf/4.1.2/../../../../nios2-elf/lib/mno-hw-mul/libstdc++.a(eh_throw.o)
 .data          0x01011f00        0x0 /home/roberto/altera/13.0sp1/nios2eds/bin/gnu/H-i686-pc-linux-gnu/bin/../lib/gcc/nios2-elf/4.1.2/../../../../nios2-elf/lib/mno-hw-mul/libstdc++.a(eh_term_handler.o)
 .data          0x01011f00        0x0 /home/roberto/altera/13.0sp1/nios2eds/bin/gnu/H-i686-pc-linux-gnu/bin/../lib/gcc/nios2-elf/4.1.2/../../../../nios2-elf/lib/mno-hw-mul/libstdc++.a(eh_catch.o)
 .data          0x01011f00        0x0 /home/roberto/altera/13.0sp1/nios2eds/bin/gnu/H-i686-pc-linux-gnu/bin/../lib/gcc/nios2-elf/4.1.2/../../../../nios2-elf/lib/mno-hw-mul/libstdc++.a(eh_unex_handler.o)
 .data          0x01011f00        0x0 /home/roberto/altera/13.0sp1/nios2eds/bin/gnu/H-i686-pc-linux-gnu/bin/../lib/gcc/nios2-elf/4.1.2/../../../../nios2-elf/lib/mno-hw-mul/libstdc++.a(class_type_info.o)
 .data          0x01011f00        0x0 /home/roberto/altera/13.0sp1/nios2eds/bin/gnu/H-i686-pc-linux-gnu/bin/../lib/gcc/nios2-elf/4.1.2/../../../../nios2-elf/lib/mno-hw-mul/libstdc++.a(si_class_type_info.o)
 .data          0x01011f00        0x0 /home/roberto/altera/13.0sp1/nios2eds/bin/gnu/H-i686-pc-linux-gnu/bin/../lib/gcc/nios2-elf/4.1.2/../../../../nios2-elf/lib/mno-hw-mul/libstdc++.a(tinfo.o)
 .data          0x01011f00        0x0 /home/roberto/altera/13.0sp1/nios2eds/bin/gnu/H-i686-pc-linux-gnu/bin/../lib/gcc/nios2-elf/4.1.2/mno-hw-mul/libgcc.a(lib2-mul.o)
 .data          0x01011f00        0x0 /home/roberto/altera/13.0sp1/nios2eds/bin/gnu/H-i686-pc-linux-gnu/bin/../lib/gcc/nios2-elf/4.1.2/mno-hw-mul/libgcc.a(unwind-sjlj.o)
 .data          0x01011f00        0x0 /home/roberto/altera/13.0sp1/nios2eds/bin/gnu/H-i686-pc-linux-gnu/bin/../lib/gcc/nios2-elf/4.1.2/../../../../nios2-elf/lib/mno-hw-mul/libc.a(lib_a-abort.o)
 .data          0x01011f00        0x0 /home/roberto/altera/13.0sp1/nios2eds/bin/gnu/H-i686-pc-linux-gnu/bin/../lib/gcc/nios2-elf/4.1.2/../../../../nios2-elf/lib/mno-hw-mul/libc.a(lib_a-fclose.o)
 .data          0x01011f00        0x0 /home/roberto/altera/13.0sp1/nios2eds/bin/gnu/H-i686-pc-linux-gnu/bin/../lib/gcc/nios2-elf/4.1.2/../../../../nios2-elf/lib/mno-hw-mul/libc.a(lib_a-fflush.o)
 .data          0x01011f00        0x0 /home/roberto/altera/13.0sp1/nios2eds/bin/gnu/H-i686-pc-linux-gnu/bin/../lib/gcc/nios2-elf/4.1.2/../../../../nios2-elf/lib/mno-hw-mul/libc.a(lib_a-findfp.o)
 .data          0x01011f00        0x0 /home/roberto/altera/13.0sp1/nios2eds/bin/gnu/H-i686-pc-linux-gnu/bin/../lib/gcc/nios2-elf/4.1.2/../../../../nios2-elf/lib/mno-hw-mul/libc.a(lib_a-fopen.o)
 .data          0x01011f00        0x0 /home/roberto/altera/13.0sp1/nios2eds/bin/gnu/H-i686-pc-linux-gnu/bin/../lib/gcc/nios2-elf/4.1.2/../../../../nios2-elf/lib/mno-hw-mul/libc.a(lib_a-freer.o)
 .data          0x01011f00        0x0 /home/roberto/altera/13.0sp1/nios2eds/bin/gnu/H-i686-pc-linux-gnu/bin/../lib/gcc/nios2-elf/4.1.2/../../../../nios2-elf/lib/mno-hw-mul/libc.a(lib_a-fseek.o)
 .data          0x01011f00        0x0 /home/roberto/altera/13.0sp1/nios2eds/bin/gnu/H-i686-pc-linux-gnu/bin/../lib/gcc/nios2-elf/4.1.2/../../../../nios2-elf/lib/mno-hw-mul/libc.a(lib_a-fstatr.o)
 .data          0x01011f00        0x0 /home/roberto/altera/13.0sp1/nios2eds/bin/gnu/H-i686-pc-linux-gnu/bin/../lib/gcc/nios2-elf/4.1.2/../../../../nios2-elf/lib/mno-hw-mul/libc.a(lib_a-fwalk.o)
 .data          0x01011f00        0x0 /home/roberto/altera/13.0sp1/nios2eds/bin/gnu/H-i686-pc-linux-gnu/bin/../lib/gcc/nios2-elf/4.1.2/../../../../nios2-elf/lib/mno-hw-mul/libc.a(lib_a-fwrite.o)
 .data          0x01011f00        0x0 /home/roberto/altera/13.0sp1/nios2eds/bin/gnu/H-i686-pc-linux-gnu/bin/../lib/gcc/nios2-elf/4.1.2/../../../../nios2-elf/lib/mno-hw-mul/libc.a(lib_a-getc.o)
 .data          0x01011f00      0x400 /home/roberto/altera/13.0sp1/nios2eds/bin/gnu/H-i686-pc-linux-gnu/bin/../lib/gcc/nios2-elf/4.1.2/../../../../nios2-elf/lib/mno-hw-mul/libc.a(lib_a-impure.o)
 .data          0x01012300        0x0 /home/roberto/altera/13.0sp1/nios2eds/bin/gnu/H-i686-pc-linux-gnu/bin/../lib/gcc/nios2-elf/4.1.2/../../../../nios2-elf/lib/mno-hw-mul/libc.a(lib_a-int_errno.o)
 .data          0x01012300        0x0 /home/roberto/altera/13.0sp1/nios2eds/bin/gnu/H-i686-pc-linux-gnu/bin/../lib/gcc/nios2-elf/4.1.2/../../../../nios2-elf/lib/mno-hw-mul/libc.a(lib_a-makebuf.o)
 .data          0x01012300        0x0 /home/roberto/altera/13.0sp1/nios2eds/bin/gnu/H-i686-pc-linux-gnu/bin/../lib/gcc/nios2-elf/4.1.2/../../../../nios2-elf/lib/mno-hw-mul/libc.a(lib_a-malloc.o)
 .data          0x01012300      0x408 /home/roberto/altera/13.0sp1/nios2eds/bin/gnu/H-i686-pc-linux-gnu/bin/../lib/gcc/nios2-elf/4.1.2/../../../../nios2-elf/lib/mno-hw-mul/libc.a(lib_a-mallocr.o)
                0x01012300                __malloc_av_
 .data          0x01012708        0x0 /home/roberto/altera/13.0sp1/nios2eds/bin/gnu/H-i686-pc-linux-gnu/bin/../lib/gcc/nios2-elf/4.1.2/../../../../nios2-elf/lib/mno-hw-mul/libc.a(lib_a-memset.o)
 .data          0x01012708        0x0 /home/roberto/altera/13.0sp1/nios2eds/bin/gnu/H-i686-pc-linux-gnu/bin/../lib/gcc/nios2-elf/4.1.2/../../../../nios2-elf/lib/mno-hw-mul/libc.a(lib_a-openr.o)
 .data          0x01012708        0x0 /home/roberto/altera/13.0sp1/nios2eds/bin/gnu/H-i686-pc-linux-gnu/bin/../lib/gcc/nios2-elf/4.1.2/../../../../nios2-elf/lib/mno-hw-mul/libc.a(lib_a-printf.o)
 .data          0x01012708        0x0 /home/roberto/altera/13.0sp1/nios2eds/bin/gnu/H-i686-pc-linux-gnu/bin/../lib/gcc/nios2-elf/4.1.2/../../../../nios2-elf/lib/mno-hw-mul/libc.a(lib_a-putchar.o)
 .data          0x01012708        0x0 /home/roberto/altera/13.0sp1/nios2eds/bin/gnu/H-i686-pc-linux-gnu/bin/../lib/gcc/nios2-elf/4.1.2/../../../../nios2-elf/lib/mno-hw-mul/libc.a(lib_a-puts.o)
 .data          0x01012708        0x0 /home/roberto/altera/13.0sp1/nios2eds/bin/gnu/H-i686-pc-linux-gnu/bin/../lib/gcc/nios2-elf/4.1.2/../../../../nios2-elf/lib/mno-hw-mul/libc.a(lib_a-refill.o)
 .data          0x01012708        0x0 /home/roberto/altera/13.0sp1/nios2eds/bin/gnu/H-i686-pc-linux-gnu/bin/../lib/gcc/nios2-elf/4.1.2/../../../../nios2-elf/lib/mno-hw-mul/libc.a(lib_a-rget.o)
 .data          0x01012708        0x0 /home/roberto/altera/13.0sp1/nios2eds/bin/gnu/H-i686-pc-linux-gnu/bin/../lib/gcc/nios2-elf/4.1.2/../../../../nios2-elf/lib/mno-hw-mul/libc.a(lib_a-sbrkr.o)
 .data          0x01012708        0x0 /home/roberto/altera/13.0sp1/nios2eds/bin/gnu/H-i686-pc-linux-gnu/bin/../lib/gcc/nios2-elf/4.1.2/../../../../nios2-elf/lib/mno-hw-mul/libc.a(lib_a-signal.o)
 .data          0x01012708        0x0 /home/roberto/altera/13.0sp1/nios2eds/bin/gnu/H-i686-pc-linux-gnu/bin/../lib/gcc/nios2-elf/4.1.2/../../../../nios2-elf/lib/mno-hw-mul/libc.a(lib_a-signalr.o)
 .data          0x01012708        0x0 /home/roberto/altera/13.0sp1/nios2eds/bin/gnu/H-i686-pc-linux-gnu/bin/../lib/gcc/nios2-elf/4.1.2/../../../../nios2-elf/lib/mno-hw-mul/libc.a(lib_a-stdio.o)
 .data          0x01012708        0x0 /home/roberto/altera/13.0sp1/nios2eds/bin/gnu/H-i686-pc-linux-gnu/bin/../lib/gcc/nios2-elf/4.1.2/../../../../nios2-elf/lib/mno-hw-mul/libc.a(lib_a-strcat.o)
 .data          0x01012708        0x0 /home/roberto/altera/13.0sp1/nios2eds/bin/gnu/H-i686-pc-linux-gnu/bin/../lib/gcc/nios2-elf/4.1.2/../../../../nios2-elf/lib/mno-hw-mul/libc.a(lib_a-strcpy.o)
 .data          0x01012708        0x0 /home/roberto/altera/13.0sp1/nios2eds/bin/gnu/H-i686-pc-linux-gnu/bin/../lib/gcc/nios2-elf/4.1.2/../../../../nios2-elf/lib/mno-hw-mul/libc.a(lib_a-strlen.o)
 .data          0x01012708        0x0 /home/roberto/altera/13.0sp1/nios2eds/bin/gnu/H-i686-pc-linux-gnu/bin/../lib/gcc/nios2-elf/4.1.2/../../../../nios2-elf/lib/mno-hw-mul/libc.a(lib_a-vfprintf.o)
 .data          0x01012708        0x0 /home/roberto/altera/13.0sp1/nios2eds/bin/gnu/H-i686-pc-linux-gnu/bin/../lib/gcc/nios2-elf/4.1.2/../../../../nios2-elf/lib/mno-hw-mul/libc.a(lib_a-writer.o)
 .data          0x01012708        0x0 /home/roberto/altera/13.0sp1/nios2eds/bin/gnu/H-i686-pc-linux-gnu/bin/../lib/gcc/nios2-elf/4.1.2/../../../../nios2-elf/lib/mno-hw-mul/libc.a(lib_a-wsetup.o)
 .data          0x01012708        0x0 /home/roberto/altera/13.0sp1/nios2eds/bin/gnu/H-i686-pc-linux-gnu/bin/../lib/gcc/nios2-elf/4.1.2/../../../../nios2-elf/lib/mno-hw-mul/libc.a(lib_a-closer.o)
 .data          0x01012708        0x0 /home/roberto/altera/13.0sp1/nios2eds/bin/gnu/H-i686-pc-linux-gnu/bin/../lib/gcc/nios2-elf/4.1.2/../../../../nios2-elf/lib/mno-hw-mul/libc.a(lib_a-dtoa.o)
 .data          0x01012708        0x0 /home/roberto/altera/13.0sp1/nios2eds/bin/gnu/H-i686-pc-linux-gnu/bin/../lib/gcc/nios2-elf/4.1.2/../../../../nios2-elf/lib/mno-hw-mul/libc.a(lib_a-flags.o)
 .data          0x01012708        0x0 /home/roberto/altera/13.0sp1/nios2eds/bin/gnu/H-i686-pc-linux-gnu/bin/../lib/gcc/nios2-elf/4.1.2/../../../../nios2-elf/lib/mno-hw-mul/libc.a(lib_a-fvwrite.o)
 .data          0x01012708        0x0 /home/roberto/altera/13.0sp1/nios2eds/bin/gnu/H-i686-pc-linux-gnu/bin/../lib/gcc/nios2-elf/4.1.2/../../../../nios2-elf/lib/mno-hw-mul/libc.a(lib_a-isattyr.o)
 .data          0x01012708        0xc /home/roberto/altera/13.0sp1/nios2eds/bin/gnu/H-i686-pc-linux-gnu/bin/../lib/gcc/nios2-elf/4.1.2/../../../../nios2-elf/lib/mno-hw-mul/libc.a(lib_a-locale.o)
                0x01012708                __lc_ctype
 .data          0x01012714        0x0 /home/roberto/altera/13.0sp1/nios2eds/bin/gnu/H-i686-pc-linux-gnu/bin/../lib/gcc/nios2-elf/4.1.2/../../../../nios2-elf/lib/mno-hw-mul/libc.a(lib_a-lseekr.o)
 .data          0x01012714        0x0 /home/roberto/altera/13.0sp1/nios2eds/bin/gnu/H-i686-pc-linux-gnu/bin/../lib/gcc/nios2-elf/4.1.2/../../../../nios2-elf/lib/mno-hw-mul/libc.a(lib_a-memchr.o)
 .data          0x01012714        0x0 /home/roberto/altera/13.0sp1/nios2eds/bin/gnu/H-i686-pc-linux-gnu/bin/../lib/gcc/nios2-elf/4.1.2/../../../../nios2-elf/lib/mno-hw-mul/libc.a(lib_a-memcpy.o)
 .data          0x01012714        0x0 /home/roberto/altera/13.0sp1/nios2eds/bin/gnu/H-i686-pc-linux-gnu/bin/../lib/gcc/nios2-elf/4.1.2/../../../../nios2-elf/lib/mno-hw-mul/libc.a(lib_a-memmove.o)
 .data          0x01012714        0x0 /home/roberto/altera/13.0sp1/nios2eds/bin/gnu/H-i686-pc-linux-gnu/bin/../lib/gcc/nios2-elf/4.1.2/../../../../nios2-elf/lib/mno-hw-mul/libc.a(lib_a-mprec.o)
 .data          0x01012714        0x0 /home/roberto/altera/13.0sp1/nios2eds/bin/gnu/H-i686-pc-linux-gnu/bin/../lib/gcc/nios2-elf/4.1.2/../../../../nios2-elf/lib/mno-hw-mul/libc.a(lib_a-putc.o)
 .data          0x01012714        0x0 /home/roberto/altera/13.0sp1/nios2eds/bin/gnu/H-i686-pc-linux-gnu/bin/../lib/gcc/nios2-elf/4.1.2/../../../../nios2-elf/lib/mno-hw-mul/libc.a(lib_a-readr.o)
 .data          0x01012714        0x0 /home/roberto/altera/13.0sp1/nios2eds/bin/gnu/H-i686-pc-linux-gnu/bin/../lib/gcc/nios2-elf/4.1.2/../../../../nios2-elf/lib/mno-hw-mul/libc.a(lib_a-reallocr.o)
 .data          0x01012714        0x0 /home/roberto/altera/13.0sp1/nios2eds/bin/gnu/H-i686-pc-linux-gnu/bin/../lib/gcc/nios2-elf/4.1.2/../../../../nios2-elf/lib/mno-hw-mul/libc.a(lib_a-s_isinfd.o)
 .data          0x01012714        0x0 /home/roberto/altera/13.0sp1/nios2eds/bin/gnu/H-i686-pc-linux-gnu/bin/../lib/gcc/nios2-elf/4.1.2/../../../../nios2-elf/lib/mno-hw-mul/libc.a(lib_a-s_isnand.o)
 .data          0x01012714        0x0 /home/roberto/altera/13.0sp1/nios2eds/bin/gnu/H-i686-pc-linux-gnu/bin/../lib/gcc/nios2-elf/4.1.2/../../../../nios2-elf/lib/mno-hw-mul/libc.a(lib_a-strcmp.o)
 .data          0x01012714        0x0 /home/roberto/altera/13.0sp1/nios2eds/bin/gnu/H-i686-pc-linux-gnu/bin/../lib/gcc/nios2-elf/4.1.2/../../../../nios2-elf/lib/mno-hw-mul/libc.a(lib_a-wbuf.o)
 .data          0x01012714        0x0 /home/roberto/altera/13.0sp1/nios2eds/bin/gnu/H-i686-pc-linux-gnu/bin/../lib/gcc/nios2-elf/4.1.2/../../../../nios2-elf/lib/mno-hw-mul/libc.a(lib_a-callocr.o)
 .data          0x01012714        0x0 /home/roberto/altera/13.0sp1/nios2eds/bin/gnu/H-i686-pc-linux-gnu/bin/../lib/gcc/nios2-elf/4.1.2/mno-hw-mul/libgcc.a(_udivdi3.o)
 .data          0x01012714        0x0 /home/roberto/altera/13.0sp1/nios2eds/bin/gnu/H-i686-pc-linux-gnu/bin/../lib/gcc/nios2-elf/4.1.2/mno-hw-mul/libgcc.a(_umoddi3.o)
 .data          0x01012714        0x0 /home/roberto/altera/13.0sp1/nios2eds/bin/gnu/H-i686-pc-linux-gnu/bin/../lib/gcc/nios2-elf/4.1.2/mno-hw-mul/libgcc.a(_addsub_df.o)
 .data          0x01012714        0x0 /home/roberto/altera/13.0sp1/nios2eds/bin/gnu/H-i686-pc-linux-gnu/bin/../lib/gcc/nios2-elf/4.1.2/mno-hw-mul/libgcc.a(_mul_df.o)
 .data          0x01012714        0x0 /home/roberto/altera/13.0sp1/nios2eds/bin/gnu/H-i686-pc-linux-gnu/bin/../lib/gcc/nios2-elf/4.1.2/mno-hw-mul/libgcc.a(_div_df.o)
 .data          0x01012714        0x0 /home/roberto/altera/13.0sp1/nios2eds/bin/gnu/H-i686-pc-linux-gnu/bin/../lib/gcc/nios2-elf/4.1.2/mno-hw-mul/libgcc.a(_eq_df.o)
 .data          0x01012714        0x0 /home/roberto/altera/13.0sp1/nios2eds/bin/gnu/H-i686-pc-linux-gnu/bin/../lib/gcc/nios2-elf/4.1.2/mno-hw-mul/libgcc.a(_ne_df.o)
 .data          0x01012714        0x0 /home/roberto/altera/13.0sp1/nios2eds/bin/gnu/H-i686-pc-linux-gnu/bin/../lib/gcc/nios2-elf/4.1.2/mno-hw-mul/libgcc.a(_gt_df.o)
 .data          0x01012714        0x0 /home/roberto/altera/13.0sp1/nios2eds/bin/gnu/H-i686-pc-linux-gnu/bin/../lib/gcc/nios2-elf/4.1.2/mno-hw-mul/libgcc.a(_ge_df.o)
 .data          0x01012714        0x0 /home/roberto/altera/13.0sp1/nios2eds/bin/gnu/H-i686-pc-linux-gnu/bin/../lib/gcc/nios2-elf/4.1.2/mno-hw-mul/libgcc.a(_lt_df.o)
 .data          0x01012714        0x0 /home/roberto/altera/13.0sp1/nios2eds/bin/gnu/H-i686-pc-linux-gnu/bin/../lib/gcc/nios2-elf/4.1.2/mno-hw-mul/libgcc.a(_si_to_df.o)
 .data          0x01012714        0x0 /home/roberto/altera/13.0sp1/nios2eds/bin/gnu/H-i686-pc-linux-gnu/bin/../lib/gcc/nios2-elf/4.1.2/mno-hw-mul/libgcc.a(_df_to_si.o)
 .data          0x01012714        0x0 /home/roberto/altera/13.0sp1/nios2eds/bin/gnu/H-i686-pc-linux-gnu/bin/../lib/gcc/nios2-elf/4.1.2/mno-hw-mul/libgcc.a(_thenan_df.o)
 .data          0x01012714        0x0 /home/roberto/altera/13.0sp1/nios2eds/bin/gnu/H-i686-pc-linux-gnu/bin/../lib/gcc/nios2-elf/4.1.2/mno-hw-mul/libgcc.a(_usi_to_df.o)
 .data          0x01012714        0x0 /home/roberto/altera/13.0sp1/nios2eds/bin/gnu/H-i686-pc-linux-gnu/bin/../lib/gcc/nios2-elf/4.1.2/mno-hw-mul/libgcc.a(lib2-divmod.o)
 .data          0x01012714        0x0 /home/roberto/altera/13.0sp1/nios2eds/bin/gnu/H-i686-pc-linux-gnu/bin/../lib/gcc/nios2-elf/4.1.2/mno-hw-mul/libgcc.a(_muldi3.o)
 .data          0x01012714        0x0 /home/roberto/altera/13.0sp1/nios2eds/bin/gnu/H-i686-pc-linux-gnu/bin/../lib/gcc/nios2-elf/4.1.2/mno-hw-mul/libgcc.a(_clz.o)
 .data          0x01012714        0x0 /home/roberto/altera/13.0sp1/nios2eds/bin/gnu/H-i686-pc-linux-gnu/bin/../lib/gcc/nios2-elf/4.1.2/mno-hw-mul/libgcc.a(_clzsi2.o)
 .data          0x01012714        0x0 /home/roberto/altera/13.0sp1/nios2eds/bin/gnu/H-i686-pc-linux-gnu/bin/../lib/gcc/nios2-elf/4.1.2/mno-hw-mul/libgcc.a(_pack_df.o)
 .data          0x01012714        0x0 /home/roberto/altera/13.0sp1/nios2eds/bin/gnu/H-i686-pc-linux-gnu/bin/../lib/gcc/nios2-elf/4.1.2/mno-hw-mul/libgcc.a(_unpack_df.o)
 .data          0x01012714        0x0 /home/roberto/altera/13.0sp1/nios2eds/bin/gnu/H-i686-pc-linux-gnu/bin/../lib/gcc/nios2-elf/4.1.2/mno-hw-mul/libgcc.a(_fpcmp_parts_df.o)
 .data          0x01012714        0x0 ../application_bsp//libhal_bsp.a(alt_close.o)
 .data          0x01012714      0x1a8 ../application_bsp//libhal_bsp.a(alt_dev.o)
                0x01012714                alt_dev_null
                0x0101273c                alt_fd_list
 .data          0x010128bc        0x0 ../application_bsp//libhal_bsp.a(alt_errno.o)
 .data          0x010128bc        0x0 ../application_bsp//libhal_bsp.a(alt_exit.o)
 .data          0x010128bc        0x0 ../application_bsp//libhal_bsp.a(alt_fstat.o)
 .data          0x010128bc        0x0 ../application_bsp//libhal_bsp.a(alt_getpid.o)
 .data          0x010128bc        0x0 ../application_bsp//libhal_bsp.a(alt_isatty.o)
 .data          0x010128bc        0x0 ../application_bsp//libhal_bsp.a(alt_kill.o)
 .data          0x010128bc        0x0 ../application_bsp//libhal_bsp.a(alt_load.o)
 .data          0x010128bc        0x0 ../application_bsp//libhal_bsp.a(alt_lseek.o)
 .data          0x010128bc        0x0 ../application_bsp//libhal_bsp.a(alt_main.o)
 .data          0x010128bc        0x0 ../application_bsp//libhal_bsp.a(alt_malloc_lock.o)
 .data          0x010128bc        0x0 ../application_bsp//libhal_bsp.a(alt_open.o)
 .data          0x010128bc        0x0 ../application_bsp//libhal_bsp.a(alt_read.o)
 .data          0x010128bc        0x0 ../application_bsp//libhal_bsp.a(alt_release_fd.o)
 .data          0x010128bc        0x0 ../application_bsp//libhal_bsp.a(alt_sbrk.o)
 .data          0x010128bc        0x0 ../application_bsp//libhal_bsp.a(alt_write.o)
 .data          0x010128bc     0x1124 ../application_bsp//libhal_bsp.a(alt_sys_init.o)
                0x0101391c                esp8266
 .data          0x010139e0        0x0 ../application_bsp//libhal_bsp.a(altera_avalon_jtag_uart_fd.o)
 .data          0x010139e0        0x0 ../application_bsp//libhal_bsp.a(altera_avalon_jtag_uart_init.o)
 .data          0x010139e0        0x0 ../application_bsp//libhal_bsp.a(altera_avalon_jtag_uart_ioctl.o)
 .data          0x010139e0        0x0 ../application_bsp//libhal_bsp.a(altera_avalon_jtag_uart_read.o)
 .data          0x010139e0        0x0 ../application_bsp//libhal_bsp.a(altera_avalon_jtag_uart_write.o)
 .data          0x010139e0        0x0 ../application_bsp//libhal_bsp.a(fifoed_avalon_uart.o)
 .data          0x010139e0        0x0 ../application_bsp//libhal_bsp.a(fifoed_avalon_uart_fd.o)
 .data          0x010139e0        0x0 ../application_bsp//libhal_bsp.a(alt_alarm_start.o)
 .data          0x010139e0        0x0 ../application_bsp//libhal_bsp.a(alt_dcache_flush_all.o)
 .data          0x010139e0        0x0 ../application_bsp//libhal_bsp.a(alt_dev_llist_insert.o)
 .data          0x010139e0        0x0 ../application_bsp//libhal_bsp.a(alt_do_ctors.o)
 .data          0x010139e0        0x0 ../application_bsp//libhal_bsp.a(alt_do_dtors.o)
 .data          0x010139e0        0x0 ../application_bsp//libhal_bsp.a(alt_find_dev.o)
 .data          0x010139e0        0x0 ../application_bsp//libhal_bsp.a(alt_find_file.o)
 .data          0x010139e0        0x0 ../application_bsp//libhal_bsp.a(alt_get_fd.o)
 .data          0x010139e0        0x0 ../application_bsp//libhal_bsp.a(alt_icache_flush_all.o)
 .data          0x010139e0        0x0 ../application_bsp//libhal_bsp.a(alt_iic.o)
 .data          0x010139e0        0x0 ../application_bsp//libhal_bsp.a(alt_iic_isr_register.o)
 .data          0x010139e0        0x0 ../application_bsp//libhal_bsp.a(alt_io_redirect.o)
 .data          0x010139e0        0x0 ../application_bsp//libhal_bsp.a(alt_irq_entry.o)
 .data          0x010139e0        0x0 ../application_bsp//libhal_bsp.a(alt_irq_handler.o)
 .data          0x010139e0        0x0 ../application_bsp//libhal_bsp.a(alt_irq_vars.o)
 .data          0x010139e0        0x0 ../application_bsp//libhal_bsp.a(alt_tick.o)
 .data          0x010139e0        0x0 ../application_bsp//libhal_bsp.a(altera_nios2_qsys_irq.o)
 .data          0x010139e0        0x0 ../application_bsp//libhal_bsp.a(alt_exception_entry.o)
 .data          0x010139e0        0x0 /home/roberto/altera/13.0sp1/nios2eds/bin/gnu/H-i686-pc-linux-gnu/bin/../lib/gcc/nios2-elf/4.1.2/../../../../nios2-elf/lib/mno-hw-mul/libc.a(lib_a-atexit.o)
 .data          0x010139e0        0x0 /home/roberto/altera/13.0sp1/nios2eds/bin/gnu/H-i686-pc-linux-gnu/bin/../lib/gcc/nios2-elf/4.1.2/../../../../nios2-elf/lib/mno-hw-mul/libc.a(lib_a-exit.o)
 .data          0x010139e0        0x0 /home/roberto/altera/13.0sp1/nios2eds/bin/gnu/H-i686-pc-linux-gnu/bin/../lib/gcc/nios2-elf/4.1.2/../../../../nios2-elf/lib/mno-hw-mul/libc.a(lib_a-memcmp.o)
 .data          0x010139e0        0x0 /home/roberto/altera/13.0sp1/nios2eds/bin/gnu/H-i686-pc-linux-gnu/bin/../lib/gcc/nios2-elf/4.1.2/../../../../nios2-elf/lib/mno-hw-mul/libc.a(lib_a-__atexit.o)
 .data          0x010139e0        0x0 /home/roberto/altera/13.0sp1/nios2eds/bin/gnu/H-i686-pc-linux-gnu/bin/../lib/gcc/nios2-elf/4.1.2/../../../../nios2-elf/lib/mno-hw-mul/libc.a(lib_a-__call_atexit.o)
                0x0101b9e0                _gp = ABSOLUTE ((. + 0x8000))
                0x0101b9e0                PROVIDE (gp, _gp)
 *(.rwdata .rwdata.*)
 *(.sdata .sdata.* .gnu.linkonce.s.*)
 .sdata._ZTISt9exception
                0x010139e0        0x8 /home/roberto/altera/13.0sp1/nios2eds/bin/gnu/H-i686-pc-linux-gnu/bin/../lib/gcc/nios2-elf/4.1.2/../../../../nios2-elf/lib/mno-hw-mul/libstdc++.a(eh_exception.o)
                0x010139e0                _ZTISt9exception
 .sdata         0x010139e8        0x1 /home/roberto/altera/13.0sp1/nios2eds/bin/gnu/H-i686-pc-linux-gnu/bin/../lib/gcc/nios2-elf/4.1.2/../../../../nios2-elf/lib/mno-hw-mul/libstdc++.a(new_handler.o)
                0x010139e8                _ZSt7nothrow
 *fill*         0x010139e9        0x3 00
 .sdata         0x010139ec        0x4 /home/roberto/altera/13.0sp1/nios2eds/bin/gnu/H-i686-pc-linux-gnu/bin/../lib/gcc/nios2-elf/4.1.2/../../../../nios2-elf/lib/mno-hw-mul/libstdc++.a(eh_term_handler.o)
                0x010139ec                _ZN10__cxxabiv119__terminate_handlerE
 .sdata         0x010139f0        0x4 /home/roberto/altera/13.0sp1/nios2eds/bin/gnu/H-i686-pc-linux-gnu/bin/../lib/gcc/nios2-elf/4.1.2/../../../../nios2-elf/lib/mno-hw-mul/libstdc++.a(eh_unex_handler.o)
                0x010139f0                _ZN10__cxxabiv120__unexpected_handlerE
 .sdata._ZTISt9type_info
                0x010139f4        0x8 /home/roberto/altera/13.0sp1/nios2eds/bin/gnu/H-i686-pc-linux-gnu/bin/../lib/gcc/nios2-elf/4.1.2/../../../../nios2-elf/lib/mno-hw-mul/libstdc++.a(tinfo.o)
                0x010139f4                _ZTISt9type_info
 .sdata         0x010139fc        0x8 /home/roberto/altera/13.0sp1/nios2eds/bin/gnu/H-i686-pc-linux-gnu/bin/../lib/gcc/nios2-elf/4.1.2/../../../../nios2-elf/lib/mno-hw-mul/libc.a(lib_a-impure.o)
                0x010139fc                _impure_ptr
                0x01013a00                _global_impure_ptr
 .sdata         0x01013a04        0x8 /home/roberto/altera/13.0sp1/nios2eds/bin/gnu/H-i686-pc-linux-gnu/bin/../lib/gcc/nios2-elf/4.1.2/../../../../nios2-elf/lib/mno-hw-mul/libc.a(lib_a-mallocr.o)
                0x01013a04                __malloc_trim_threshold
                0x01013a08                __malloc_sbrk_base
 .sdata         0x01013a0c        0x8 /home/roberto/altera/13.0sp1/nios2eds/bin/gnu/H-i686-pc-linux-gnu/bin/../lib/gcc/nios2-elf/4.1.2/../../../../nios2-elf/lib/mno-hw-mul/libc.a(lib_a-locale.o)
                0x01013a0c                __mb_cur_max
 .sdata         0x01013a14       0x14 ../application_bsp//libhal_bsp.a(alt_dev.o)
                0x01013a14                alt_fs_list
                0x01013a1c                alt_dev_list
                0x01013a24                alt_max_fd
 .sdata         0x01013a28        0x4 ../application_bsp//libhal_bsp.a(alt_errno.o)
                0x01013a28                alt_errno
 .sdata         0x01013a2c        0x4 ../application_bsp//libhal_bsp.a(alt_sbrk.o)
 .sdata         0x01013a30        0x4 ../application_bsp//libhal_bsp.a(alt_irq_vars.o)
                0x01013a30                alt_priority_mask
 .sdata         0x01013a34        0x8 ../application_bsp//libhal_bsp.a(alt_tick.o)
                0x01013a34                alt_alarm_list
 *(.sdata2 .sdata2.* .gnu.linkonce.s2.*)
                0x01013a3c                . = ALIGN (0x4)
                0x01013a3c                _edata = ABSOLUTE (.)
                0x01013a3c                PROVIDE (edata, ABSOLUTE (.))
                0x01013a3c                PROVIDE (__ram_rwdata_end, ABSOLUTE (.))
                0x01013a3c                PROVIDE (__flash_rwdata_start, LOADADDR (.rwdata))

.bss            0x01015578      0xb28
                0x01015578                __bss_start = ABSOLUTE (.)
                0x01015578                PROVIDE (__sbss_start, ABSOLUTE (.))
                0x01015578                PROVIDE (___sbss_start, ABSOLUTE (.))
 *(.dynsbss)
 *(.sbss .sbss.* .gnu.linkonce.sb.*)
 .sbss          0x01015578        0x8 obj/default/libs/src/app.o
                0x01015578                _ZN3App6motorsE
                0x0101557c                _ZN3App3fftE
 .sbss          0x01015580        0x4 obj/default/libs/src/hal/fft.o
                0x01015580                _ZN3FFT3fftE
 .sbss          0x01015584        0x4 obj/default/libs/src/hal/motors.o
                0x01015584                _ZN6Motors6motorsE
 .sbss          0x01015588        0x4 obj/default/libs/src/hal/wifi.o
                0x01015588                _ZN4WiFi4wifiE
 .sbss          0x0101558c        0x8 /home/roberto/altera/13.0sp1/nios2eds/bin/gnu/H-i686-pc-linux-gnu/bin/../lib/gcc/nios2-elf/4.1.2/../../../../nios2-elf/lib/mno-hw-mul/libstdc++.a(eh_globals.o)
 .sbss          0x01015594        0x4 /home/roberto/altera/13.0sp1/nios2eds/bin/gnu/H-i686-pc-linux-gnu/bin/../lib/gcc/nios2-elf/4.1.2/../../../../nios2-elf/lib/mno-hw-mul/libstdc++.a(new_handler.o)
                0x01015594                __new_handler
 .sbss          0x01015598        0x4 /home/roberto/altera/13.0sp1/nios2eds/bin/gnu/H-i686-pc-linux-gnu/bin/../lib/gcc/nios2-elf/4.1.2/../../../../nios2-elf/lib/mno-hw-mul/libstdc++.a(eh_alloc.o)
 .sbss          0x0101559c        0x4 /home/roberto/altera/13.0sp1/nios2eds/bin/gnu/H-i686-pc-linux-gnu/bin/../lib/gcc/nios2-elf/4.1.2/mno-hw-mul/libgcc.a(unwind-sjlj.o)
 .sbss          0x010155a0        0x4 /home/roberto/altera/13.0sp1/nios2eds/bin/gnu/H-i686-pc-linux-gnu/bin/../lib/gcc/nios2-elf/4.1.2/../../../../nios2-elf/lib/mno-hw-mul/libc.a(lib_a-int_errno.o)
                0x010155a0                errno
 .sbss          0x010155a4        0xc /home/roberto/altera/13.0sp1/nios2eds/bin/gnu/H-i686-pc-linux-gnu/bin/../lib/gcc/nios2-elf/4.1.2/../../../../nios2-elf/lib/mno-hw-mul/libc.a(lib_a-mallocr.o)
                0x010155a4                __malloc_top_pad
                0x010155a8                __malloc_max_sbrked_mem
                0x010155ac                __malloc_max_total_mem
 .sbss          0x010155b0        0xc /home/roberto/altera/13.0sp1/nios2eds/bin/gnu/H-i686-pc-linux-gnu/bin/../lib/gcc/nios2-elf/4.1.2/../../../../nios2-elf/lib/mno-hw-mul/libc.a(lib_a-locale.o)
                0x010155b0                __nlocale_changed
                0x010155b4                __mlocale_changed
                0x010155b8                _PathLocale
 .sbss          0x010155bc        0xc ../application_bsp//libhal_bsp.a(alt_main.o)
                0x010155bc                alt_argc
                0x010155c0                alt_argv
                0x010155c4                alt_envp
 .sbss          0x010155c8        0x4 ../application_bsp//libhal_bsp.a(alt_irq_vars.o)
                0x010155c8                alt_irq_active
 .sbss          0x010155cc        0x8 ../application_bsp//libhal_bsp.a(alt_tick.o)
                0x010155cc                _alt_tick_rate
                0x010155d0                _alt_nticks
 *(.sbss2 .sbss2.* .gnu.linkonce.sb2.*)
 *(.scommon)
                0x010155d4                PROVIDE (__sbss_end, ABSOLUTE (.))
                0x010155d4                PROVIDE (___sbss_end, ABSOLUTE (.))
 *(.dynbss)
 *(.bss .bss.* .gnu.linkonce.b.*)
 .bss           0x010155d4        0x0 ../application_bsp//obj/HAL/src/crt0.o
 .bss           0x010155d4       0x14 obj/default/libs/src/app.o
                0x010155d4                _ZN3App6bufferE
 .bss           0x010155e8        0x0 obj/default/libs/src/hal/fft.o
 .bss           0x010155e8        0x0 obj/default/libs/src/hal/motors.o
 .bss           0x010155e8        0x0 obj/default/libs/src/hal/wifi.o
 .bss           0x010155e8        0x0 obj/default/test.o
 .bss           0x010155e8        0x0 /home/roberto/altera/13.0sp1/nios2eds/bin/gnu/H-i686-pc-linux-gnu/bin/../lib/gcc/nios2-elf/4.1.2/../../../../nios2-elf/lib/mno-hw-mul/libstdc++.a(new_opv.o)
 .bss           0x010155e8        0x0 /home/roberto/altera/13.0sp1/nios2eds/bin/gnu/H-i686-pc-linux-gnu/bin/../lib/gcc/nios2-elf/4.1.2/../../../../nios2-elf/lib/mno-hw-mul/libstdc++.a(del_op.o)
 .bss           0x010155e8        0x0 /home/roberto/altera/13.0sp1/nios2eds/bin/gnu/H-i686-pc-linux-gnu/bin/../lib/gcc/nios2-elf/4.1.2/../../../../nios2-elf/lib/mno-hw-mul/libstdc++.a(eh_personality.o)
 .bss           0x010155e8        0x0 /home/roberto/altera/13.0sp1/nios2eds/bin/gnu/H-i686-pc-linux-gnu/bin/../lib/gcc/nios2-elf/4.1.2/../../../../nios2-elf/lib/mno-hw-mul/libstdc++.a(eh_globals.o)
 .bss           0x010155e8        0x0 /home/roberto/altera/13.0sp1/nios2eds/bin/gnu/H-i686-pc-linux-gnu/bin/../lib/gcc/nios2-elf/4.1.2/../../../../nios2-elf/lib/mno-hw-mul/libstdc++.a(eh_terminate.o)
 .bss           0x010155e8        0x0 /home/roberto/altera/13.0sp1/nios2eds/bin/gnu/H-i686-pc-linux-gnu/bin/../lib/gcc/nios2-elf/4.1.2/../../../../nios2-elf/lib/mno-hw-mul/libstdc++.a(new_op.o)
 .bss           0x010155e8        0x0 /home/roberto/altera/13.0sp1/nios2eds/bin/gnu/H-i686-pc-linux-gnu/bin/../lib/gcc/nios2-elf/4.1.2/../../../../nios2-elf/lib/mno-hw-mul/libstdc++.a(eh_call.o)
 .bss           0x010155e8        0x0 /home/roberto/altera/13.0sp1/nios2eds/bin/gnu/H-i686-pc-linux-gnu/bin/../lib/gcc/nios2-elf/4.1.2/../../../../nios2-elf/lib/mno-hw-mul/libstdc++.a(eh_exception.o)
 .bss           0x010155e8        0x0 /home/roberto/altera/13.0sp1/nios2eds/bin/gnu/H-i686-pc-linux-gnu/bin/../lib/gcc/nios2-elf/4.1.2/../../../../nios2-elf/lib/mno-hw-mul/libstdc++.a(new_handler.o)
 .bss           0x010155e8      0x800 /home/roberto/altera/13.0sp1/nios2eds/bin/gnu/H-i686-pc-linux-gnu/bin/../lib/gcc/nios2-elf/4.1.2/../../../../nios2-elf/lib/mno-hw-mul/libstdc++.a(eh_alloc.o)
 .bss           0x01015de8        0x0 /home/roberto/altera/13.0sp1/nios2eds/bin/gnu/H-i686-pc-linux-gnu/bin/../lib/gcc/nios2-elf/4.1.2/../../../../nios2-elf/lib/mno-hw-mul/libstdc++.a(eh_throw.o)
 .bss           0x01015de8        0x0 /home/roberto/altera/13.0sp1/nios2eds/bin/gnu/H-i686-pc-linux-gnu/bin/../lib/gcc/nios2-elf/4.1.2/../../../../nios2-elf/lib/mno-hw-mul/libstdc++.a(eh_term_handler.o)
 .bss           0x01015de8        0x0 /home/roberto/altera/13.0sp1/nios2eds/bin/gnu/H-i686-pc-linux-gnu/bin/../lib/gcc/nios2-elf/4.1.2/../../../../nios2-elf/lib/mno-hw-mul/libstdc++.a(eh_catch.o)
 .bss           0x01015de8        0x0 /home/roberto/altera/13.0sp1/nios2eds/bin/gnu/H-i686-pc-linux-gnu/bin/../lib/gcc/nios2-elf/4.1.2/../../../../nios2-elf/lib/mno-hw-mul/libstdc++.a(eh_unex_handler.o)
 .bss           0x01015de8        0x0 /home/roberto/altera/13.0sp1/nios2eds/bin/gnu/H-i686-pc-linux-gnu/bin/../lib/gcc/nios2-elf/4.1.2/../../../../nios2-elf/lib/mno-hw-mul/libstdc++.a(class_type_info.o)
 .bss           0x01015de8        0x0 /home/roberto/altera/13.0sp1/nios2eds/bin/gnu/H-i686-pc-linux-gnu/bin/../lib/gcc/nios2-elf/4.1.2/../../../../nios2-elf/lib/mno-hw-mul/libstdc++.a(si_class_type_info.o)
 .bss           0x01015de8        0x0 /home/roberto/altera/13.0sp1/nios2eds/bin/gnu/H-i686-pc-linux-gnu/bin/../lib/gcc/nios2-elf/4.1.2/../../../../nios2-elf/lib/mno-hw-mul/libstdc++.a(tinfo.o)
 .bss           0x01015de8        0x0 /home/roberto/altera/13.0sp1/nios2eds/bin/gnu/H-i686-pc-linux-gnu/bin/../lib/gcc/nios2-elf/4.1.2/mno-hw-mul/libgcc.a(lib2-mul.o)
 .bss           0x01015de8        0x0 /home/roberto/altera/13.0sp1/nios2eds/bin/gnu/H-i686-pc-linux-gnu/bin/../lib/gcc/nios2-elf/4.1.2/mno-hw-mul/libgcc.a(unwind-sjlj.o)
 .bss           0x01015de8        0x0 /home/roberto/altera/13.0sp1/nios2eds/bin/gnu/H-i686-pc-linux-gnu/bin/../lib/gcc/nios2-elf/4.1.2/../../../../nios2-elf/lib/mno-hw-mul/libc.a(lib_a-abort.o)
 .bss           0x01015de8        0x0 /home/roberto/altera/13.0sp1/nios2eds/bin/gnu/H-i686-pc-linux-gnu/bin/../lib/gcc/nios2-elf/4.1.2/../../../../nios2-elf/lib/mno-hw-mul/libc.a(lib_a-fclose.o)
 .bss           0x01015de8        0x0 /home/roberto/altera/13.0sp1/nios2eds/bin/gnu/H-i686-pc-linux-gnu/bin/../lib/gcc/nios2-elf/4.1.2/../../../../nios2-elf/lib/mno-hw-mul/libc.a(lib_a-fflush.o)
 .bss           0x01015de8        0x0 /home/roberto/altera/13.0sp1/nios2eds/bin/gnu/H-i686-pc-linux-gnu/bin/../lib/gcc/nios2-elf/4.1.2/../../../../nios2-elf/lib/mno-hw-mul/libc.a(lib_a-findfp.o)
 .bss           0x01015de8        0x0 /home/roberto/altera/13.0sp1/nios2eds/bin/gnu/H-i686-pc-linux-gnu/bin/../lib/gcc/nios2-elf/4.1.2/../../../../nios2-elf/lib/mno-hw-mul/libc.a(lib_a-fopen.o)
 .bss           0x01015de8        0x0 /home/roberto/altera/13.0sp1/nios2eds/bin/gnu/H-i686-pc-linux-gnu/bin/../lib/gcc/nios2-elf/4.1.2/../../../../nios2-elf/lib/mno-hw-mul/libc.a(lib_a-freer.o)
 .bss           0x01015de8        0x0 /home/roberto/altera/13.0sp1/nios2eds/bin/gnu/H-i686-pc-linux-gnu/bin/../lib/gcc/nios2-elf/4.1.2/../../../../nios2-elf/lib/mno-hw-mul/libc.a(lib_a-fseek.o)
 .bss           0x01015de8        0x0 /home/roberto/altera/13.0sp1/nios2eds/bin/gnu/H-i686-pc-linux-gnu/bin/../lib/gcc/nios2-elf/4.1.2/../../../../nios2-elf/lib/mno-hw-mul/libc.a(lib_a-fstatr.o)